 BugSplat

 Timestamp is 5b84398d (Mon Aug 27 17:49:01 2018)

 Preferred load address is 10000000

 Start         Length     Name                   Class
 0001:00000000 0000011cH .text$di                CODE
 0001:00000120 000363d0H .text$mn                CODE
 0001:000364f0 0000097cH .text$x                 CODE
 0001:00036e6c 000000daH .text$yd                CODE
 0002:00000000 00000278H .idata$5                DATA
 0002:00000278 00000004H .CRT$XCA                DATA
 0002:0000027c 00000004H .CRT$XCL                DATA
 0002:00000280 0000001cH .CRT$XCU                DATA
 0002:0000029c 00000004H .CRT$XCZ                DATA
 0002:000002a0 00000004H .CRT$XIA                DATA
 0002:000002a4 00000010H .CRT$XIC                DATA
 0002:000002b4 00000004H .CRT$XIZ                DATA
 0002:000002b8 00000004H .CRT$XPA                DATA
 0002:000002bc 00000008H .CRT$XPX                DATA
 0002:000002c4 00000004H .CRT$XPXA               DATA
 0002:000002c8 00000004H .CRT$XPZ                DATA
 0002:000002cc 00000004H .CRT$XTA                DATA
 0002:000002d0 00000004H .CRT$XTZ                DATA
 0002:000002e0 00008e18H .rdata                  DATA
 0002:000090f8 00000054H .rdata$debug            DATA
 0002:0000914c 00000a38H .rdata$r                DATA
 0002:00009b90 000000ccH .rdata$sxdata           DATA
 0002:00009c5c 00000004H .rtc$IAA                DATA
 0002:00009c60 00000004H .rtc$IZZ                DATA
 0002:00009c64 00000004H .rtc$TAA                DATA
 0002:00009c68 00000004H .rtc$TZZ                DATA
 0002:00009c70 0000180cH .xdata$x                DATA
 0002:0000b47c 00000004H ATL$__a                 DATA
 0002:0000b480 00000004H ATL$__z                 DATA
 0002:0000b490 0000091eH .edata                  DATA
 0002:0000bdb0 000000a0H .idata$2                DATA
 0002:0000be50 00000014H .idata$3                DATA
 0002:0000be64 00000278H .idata$4                DATA
 0002:0000c0dc 00000acaH .idata$6                DATA
 0003:00000000 00001450H .data                   DATA
 0003:00001450 0000048eH .data$r                 DATA
 0003:000018e0 0000485cH .bss                    DATA
 0004:00000000 00000118H .rsrc$01                DATA
 0004:00000120 00000af8H .rsrc$02                DATA

  Address         Publics by Value              Rva+Base       Lib:Object

 0000:00000000       __except_list              00000000     <absolute>
 0000:00000000       ___guard_flags             00000000     <absolute>
 0000:00000000       ___guard_fids_table        00000000     <absolute>
 0000:00000000       ___guard_fids_count        00000000     <absolute>
 0000:00000033       ___safe_se_handler_count   00000033     <absolute>
 0000:00000000       ___ImageBase               10000000     <linker-defined>
 0001:00000120       ??0BugSplatImp@@QAE@XZ     10001120 f   BugSplatImp.obj
 0001:0000013e       ??0CString@WTL@@QAE@ABV01@@Z 1000113e f i BugSplatImp.obj
 0001:00000174       ??0CString@WTL@@QAE@PB_W@Z 10001174 f i BugSplatImp.obj
 0001:000001d0       ??0CString@WTL@@QAE@XZ     100011d0 f i BugSplatImp.obj
 0001:000001da       ??0MiniDmpSender@@QAE@ABV0@@Z 100011da f i BugSplatImp.obj
 0001:000001f2       ??1CString@WTL@@QAE@XZ     100011f2 f i BugSplatImp.obj
 0001:0000021e       ??4BugSplatImp@@QAEAAV0@ABV0@@Z 1000121e f i BugSplatImp.obj
 0001:0000023c       ??4CString@WTL@@QAEAAV01@ABV01@@Z 1000123c f i BugSplatImp.obj
 0001:0000028f       ??4CString@WTL@@QAEAAV01@PB_W@Z 1000128f f i BugSplatImp.obj
 0001:000002ba       ??4MiniDmpSender@@QAEAAV0@ABV0@@Z 100012ba f i BugSplatImp.obj
 0001:000002cc       ??ACString@WTL@@QBE_WH@Z   100012cc f i BugSplatImp.obj
 0001:000002dc       ??BCString@WTL@@QBEPB_WXZ  100012dc f i BugSplatImp.obj
 0001:000002df       ??HWTL@@YG?AVCString@0@ABV10@0@Z 100012df f i BugSplatImp.obj
 0001:00000327       ??YCString@WTL@@QAEAAV01@PB_W@Z 10001327 f i BugSplatImp.obj
 0001:00000352       ??YCString@WTL@@QAEAAV01@_W@Z 10001352 f i BugSplatImp.obj
 0001:0000036a       ??_EMiniDmpSender@@UAEPAXI@Z 1000136a f i BugSplatImp.obj
 0001:000003b4       ??_GMiniDmpSender@@UAEPAXI@Z 100013b4 f i BugSplatImp.obj
 0001:000003d3       ?AllocBeforeWrite@CString@WTL@@IAEHH@Z 100013d3 f i BugSplatImp.obj
 0001:00000401       ?AllocBuffer@CString@WTL@@IAEHH@Z 10001401 f i BugSplatImp.obj
 0001:00000470       ?AllocCopy@CString@WTL@@IBEHAAV12@HHH@Z 10001470 f i BugSplatImp.obj
 0001:000004ce       ?AssignCopy@CString@WTL@@IAEXHPB_W@Z 100014ce f i BugSplatImp.obj
 0001:00000508       ?CalculateBeginningOfCallInstruction@@YAHAAI@Z 10001508 f   BugSplatImp.obj
 0001:00000553       ?ConcatCopy@CString@WTL@@IAEHHPB_WH0@Z 10001553 f i BugSplatImp.obj
 0001:000005b7       ?ConcatInPlace@CString@WTL@@IAEXHPB_W@Z 100015b7 f i BugSplatImp.obj
 0001:00000620       ?CopyBeforeWrite@CString@WTL@@IAEXXZ 10001620 f i BugSplatImp.obj
 0001:00000658       ?CreateMiniDump@BugSplatImp@@QAEHPAUHINSTANCE__@@KPAXKPAU_EXCEPTION_POINTERS@@PB_WPA_WK@Z 10001658 f   BugSplatImp.obj
 0001:0000084a       ?CreateMiniDumpFromSnap@@YAHPAXKKP6GH0K0W4_MINIDUMP_TYPE@@QAU_MINIDUMP_EXCEPTION_INFORMATION@@QAU_MINIDUMP_USER_STREAM_INFORMATION@@QAU_MINIDUMP_CALLBACK_INFORMATION@@@Z0PAU_CONTEXT@@@Z 1000184a f   BugSplatImp.obj
 0001:0000099e       ?Find@CString@WTL@@QBEHPB_W@Z 1000199e f i BugSplatImp.obj
 0001:000009af       ?Find@CString@WTL@@QBEHPB_WH@Z 100019af f i BugSplatImp.obj
 0001:000009e3       ?GetBuffer@CString@WTL@@QAEPA_WH@Z 100019e3 f i BugSplatImp.obj
 0001:00000a3b       ?GetData@CString@WTL@@IBEPAUCStringData@2@XZ 10001a3b f i BugSplatImp.obj
 0001:00000a41       ?GetLength@CString@WTL@@QBEHXZ 10001a41 f i BugSplatImp.obj
 0001:00000a47       ?GetReducedGuid@BugSplatImp@@QAEXPA_WK@Z 10001a47 f   BugSplatImp.obj
 0001:00000ad2       ?GetResourceInstance@CAtlBaseModule@ATL@@QAEPAUHINSTANCE__@@XZ 10001ad2 f i BugSplatImp.obj
 0001:00000ad6       ?Init@CString@WTL@@IAEXXZ  10001ad6 f i BugSplatImp.obj
 0001:00000ade       ?Left@CString@WTL@@QBE?AV12@H@Z 10001ade f i BugSplatImp.obj
 0001:00000b2a       ?LoadStringW@CString@WTL@@QAEHI@Z 10001b2a f i BugSplatImp.obj
 0001:00000bca       ?MakeUpper@CString@WTL@@QAEXXZ 10001bca f i BugSplatImp.obj
 0001:00000bdc       ?Mid@CString@WTL@@QBE?AV12@H@Z 10001bdc f i BugSplatImp.obj
 0001:00000c01       ?Mid@CString@WTL@@QBE?AV12@HH@Z 10001c01 f i BugSplatImp.obj
 0001:00000c67       ?ReduceGuidString@BugSplatImp@@QAEXPA_WK@Z 10001c67 f   BugSplatImp.obj
 0001:00000f50       ?Release@CString@WTL@@IAEXXZ 10001f50 f i BugSplatImp.obj
 0001:00000f83       ?Release@CString@WTL@@KGXPAUCStringData@2@@Z 10001f83 f i BugSplatImp.obj
 0001:00000fa9       ?ReleaseBuffer@CString@WTL@@QAEXH@Z 10001fa9 f i BugSplatImp.obj
 0001:00000fd6       ?ResumeSuspendedThreads@BugSplatImp@@QAEXXZ 10001fd6 f   BugSplatImp.obj
 0001:0000100c       ?SafeStrlen@CString@WTL@@KGHPB_W@Z 1000200c f i BugSplatImp.obj
 0001:00001022       ?SnapCurrentProcessMinidump@@YAHPAXKKP6GH0K0W4_MINIDUMP_TYPE@@QAU_MINIDUMP_EXCEPTION_INFORMATION@@QAU_MINIDUMP_USER_STREAM_INFORMATION@@QAU_MINIDUMP_CALLBACK_INFORMATION@@@Z0@Z 10002022 f   BugSplatImp.obj
 0001:000011e5       ?SuspendAllThreadsInProcess@BugSplatImp@@QAEXPAX@Z 100021e5 f   BugSplatImp.obj
 0001:00001291       ?SuspendThreadsInCurrentProcess@BugSplatImp@@QAEXXZ 10002291 f   BugSplatImp.obj
 0001:00001351       ?UINTtoWchar_t@@YA_WI@Z    10002351 f   BugSplatImp.obj
 0001:00001376       ?Wchar_tToUINT@@YAI_W@Z    10002376 f   BugSplatImp.obj
 0001:000013a2       ?_GetEmptyString@CString@WTL@@KGABV12@XZ 100023a2 f i BugSplatImp.obj
 0001:000013a8       ?_LoadString@CString@WTL@@KGHIPA_WI@Z 100023a8 f i BugSplatImp.obj
 0001:000013d0       ?_cstrstr@CString@WTL@@KAPB_WPB_W0@Z 100023d0 f i BugSplatImp.obj
 0001:000013d9       ?combine1_4@@YAIII@Z       100023d9 f   BugSplatImp.obj
 0001:000013ea       ?combine2_3@@YAIII@Z       100023ea f   BugSplatImp.obj
 0001:000013ff       ?combine3_2@@YAIII@Z       100023ff f   BugSplatImp.obj
 0001:00001415       ?combine4_1@@YAIII@Z       10002415 f   BugSplatImp.obj
 0001:00001427       ?combineLast3@@YAII@Z      10002427 f   BugSplatImp.obj
 0001:00001432       ?createReportAndExit@MiniDmpSender@@QAEXXZ 10002432 f i BugSplatImp.obj
 0001:0000145c       ?data@CStringData@WTL@@QAEPA_WXZ 1000245c f i BugSplatImp.obj
 0001:00001460       ??$_Allocate@D@std@@YAPADIPAD@Z 10002460 f i mdump.obj
 0001:00001487       ??$_Allocate@VCString@WTL@@@std@@YAPAVCString@WTL@@IPAV12@@Z 10002487 f i mdump.obj
 0001:000014b3       ??$_Destroy_range@U?$_Wrap_alloc@V?$allocator@VCString@WTL@@@std@@@std@@@std@@YAXPAVCString@WTL@@0AAU?$_Wrap_alloc@V?$allocator@VCString@WTL@@@std@@@0@@Z 100024b3 f i mdump.obj
 0001:000014ce       ??$_Destroy_range@U?$_Wrap_alloc@V?$allocator@VCString@WTL@@@std@@@std@@@std@@YAXPAVCString@WTL@@0AAU?$_Wrap_alloc@V?$allocator@VCString@WTL@@@std@@@0@U_Nonscalar_ptr_iterator_tag@0@@Z 100024ce f i mdump.obj
 0001:000014e9       ??$_Ptr_cat@VCString@WTL@@V12@@std@@YA?AU_Nonscalar_ptr_iterator_tag@0@PAVCString@WTL@@0@Z 100024e9 f i mdump.obj
 0001:000014f4       ??$_Rechecked@PAVCString@WTL@@PAV12@@std@@YAAAPAVCString@WTL@@AAPAV12@PAV12@@Z 100024f4 f i mdump.obj
 0001:00001501       ??$_Umove@PAVCString@WTL@@@?$vector@VCString@WTL@@V?$allocator@VCString@WTL@@@std@@@std@@IAEPAVCString@WTL@@PAV23@00@Z 10002501 f i mdump.obj
 0001:00001525       ??$_Unchecked@PAVCString@WTL@@@std@@YAPAVCString@WTL@@PAV12@@Z 10002525 f i mdump.obj
 0001:0000152d       ??$_Uninit_move@PAVCString@WTL@@PAV12@U?$_Wrap_alloc@V?$allocator@VCString@WTL@@@std@@@std@@@std@@YAPAVCString@WTL@@PAV12@00AAU?$_Wrap_alloc@V?$allocator@VCString@WTL@@@std@@@0@@Z 1000252d f i mdump.obj
 0001:0000154e       ??$_Uninit_move@PAVCString@WTL@@PAV12@V?$allocator@VCString@WTL@@@std@@V12@@std@@YAPAVCString@WTL@@PAV12@00AAU?$_Wrap_alloc@V?$allocator@VCString@WTL@@@std@@@0@0U_Nonscalar_ptr_iterator_tag@0@@Z 1000254e f i mdump.obj
 0001:000015b3       ??$_Uninitialized_move@PAVCString@WTL@@PAV12@U?$_Wrap_alloc@V?$allocator@VCString@WTL@@@std@@@std@@@std@@YAPAVCString@WTL@@PAV12@00AAU?$_Wrap_alloc@V?$allocator@VCString@WTL@@@std@@@0@@Z 100025b3 f i mdump.obj
 0001:000015bc       ??$_Val_type@PAVCString@WTL@@@std@@YAPAVCString@WTL@@PAV12@@Z 100025bc f i mdump.obj
 0001:000015bf       ??$addressof@D@std@@YAPADAAD@Z 100025bf f i mdump.obj
 0001:000015c7       ??$addressof@VCString@WTL@@@std@@YAPAVCString@WTL@@AAV12@@Z 100025c7 f i mdump.obj
 0001:000015cf       ??$construct@PADAAPAD@?$_Wrap_alloc@V?$allocator@D@std@@@std@@QAEXPAPADAAPAD@Z 100025cf f i mdump.obj
 0001:000015e4       ??$construct@PADAAPAD@?$allocator@D@std@@QAEXPAPADAAPAD@Z 100025e4 f i mdump.obj
 0001:000015f9       ??$construct@PADAAPAD@?$allocator_traits@V?$allocator@D@std@@@std@@SAXAAV?$allocator@D@1@PAPADAAPAD@Z 100025f9 f i mdump.obj
 0001:0000160c       ??$construct@VCString@WTL@@V12@@?$_Wrap_alloc@V?$allocator@VCString@WTL@@@std@@@std@@QAEXPAVCString@WTL@@$$QAV23@@Z 1000260c f i mdump.obj
 0001:00001636       ??$construct@VCString@WTL@@V12@@?$allocator@VCString@WTL@@@std@@QAEXPAVCString@WTL@@$$QAV23@@Z 10002636 f i mdump.obj
 0001:00001660       ??$construct@VCString@WTL@@V12@@?$allocator_traits@V?$allocator@VCString@WTL@@@std@@@std@@SAXAAV?$allocator@VCString@WTL@@@1@PAVCString@WTL@@$$QAV34@@Z 10002660 f i mdump.obj
 0001:00001688       ??$destroy@PAD@?$_Wrap_alloc@V?$allocator@D@std@@@std@@QAEXPAPAD@Z 10002688 f i mdump.obj
 0001:0000168b       ??$destroy@PAD@?$allocator@D@std@@QAEXPAPAD@Z 1000268b f i mdump.obj
 0001:0000168e       ??$destroy@PAD@?$allocator_traits@V?$allocator@D@std@@@std@@SAXAAV?$allocator@D@1@PAPAD@Z 1000268e f i mdump.obj
 0001:0000168f       ??$destroy@VCString@WTL@@@?$_Wrap_alloc@V?$allocator@VCString@WTL@@@std@@@std@@QAEXPAVCString@WTL@@@Z 1000268f f i mdump.obj
 0001:0000169e       ??$destroy@VCString@WTL@@@?$allocator@VCString@WTL@@@std@@QAEXPAVCString@WTL@@@Z 1000269e f i mdump.obj
 0001:000016ad       ??$destroy@VCString@WTL@@@?$allocator_traits@V?$allocator@VCString@WTL@@@std@@@std@@SAXAAV?$allocator@VCString@WTL@@@1@PAVCString@WTL@@@Z 100026ad f i mdump.obj
 0001:000016b9       ??$forward@AAPAD@std@@YAAAPADAAPAD@Z 100026b9 f i mdump.obj
 0001:000016c1       ??$forward@VCString@WTL@@@std@@YA$$QAVCString@WTL@@AAV12@@Z 100026c1 f i mdump.obj
 0001:000016c9       ??0?$_String_alloc@$0A@U?$_String_base_types@DV?$allocator@D@std@@@std@@@std@@QAE@ABV?$allocator@D@1@@Z 100026c9 f i mdump.obj
 0001:000016d6       ??0?$_String_val@U?$_Simple_types@D@std@@@std@@QAE@XZ 100026d6 f i mdump.obj
 0001:000016e1       ??0?$_Vector_alloc@$0A@U?$_Vec_base_types@VCString@WTL@@V?$allocator@VCString@WTL@@@std@@@std@@@std@@QAE@ABV?$allocator@VCString@WTL@@@1@@Z 100026e1 f i mdump.obj
 0001:000016f0       ??0?$_Vector_const_iterator@V?$_Vector_val@U?$_Simple_types@VCString@WTL@@@std@@@std@@@std@@QAE@PAVCString@WTL@@PBU_Container_base0@1@@Z 100026f0 f i mdump.obj
 0001:000016fe       ??0?$_Vector_iterator@V?$_Vector_val@U?$_Simple_types@VCString@WTL@@@std@@@std@@@std@@QAE@PAVCString@WTL@@PBU_Container_base0@1@@Z 100026fe f i mdump.obj
 0001:0000170c       ??0?$_Vector_val@U?$_Simple_types@VCString@WTL@@@std@@@std@@QAE@XZ 1000270c f i mdump.obj
 0001:00001719       ??0?$_Wrap_alloc@V?$allocator@D@std@@@std@@QAE@XZ 10002719 f i mdump.obj
 0001:0000171c       ??0?$_Wrap_alloc@V?$allocator@VCString@WTL@@@std@@@std@@QAE@XZ 1000271c f i mdump.obj
 0001:0000171f       ??0?$allocator@D@std@@QAE@XZ 1000271f f i mdump.obj
 0001:00001722       ??0?$allocator@VCString@WTL@@@std@@QAE@XZ 10002722 f i mdump.obj
 0001:00001725       ??0?$basic_string@DU?$char_traits@D@std@@V?$allocator@D@2@@std@@QAE@PBD@Z 10002725 f i mdump.obj
 0001:00001754       ??0?$vector@VCString@WTL@@V?$allocator@VCString@WTL@@@std@@@std@@QAE@XZ 10002754 f i mdump.obj
 0001:00001761       ??0DumpData@@QAE@XZ        10002761 f i mdump.obj
 0001:0000176c       ??0MiniDumper@@QAE@XZ      1000276c f   mdump.obj
 0001:00001859       ??0ResourceSwitch@@QAE@PB_W@Z 10002859 f i mdump.obj
 0001:00001889       ??0TotalUptimeAndCrashCalculator@@QAE@PB_W00@Z 10002889 f i mdump.obj
 0001:0000198c       ??0_Generic_error_category@std@@QAE@XZ 1000298c f i mdump.obj
 0001:00001995       ??0_Iostream_error_category@std@@QAE@XZ 10002995 f i mdump.obj
 0001:0000199e       ??0_System_error_category@std@@QAE@XZ 1000299e f i mdump.obj
 0001:000019a7       ??0_U_STRINGorID@ATL@@QAE@PB_W@Z 100029a7 f i mdump.obj
 0001:000019b5       ??0error_category@std@@QAE@XZ 100029b5 f i mdump.obj
 0001:000019be       ??0error_condition@std@@QAE@HABVerror_category@1@@Z 100029be f i mdump.obj
 0001:000019d2       ??0id@locale@std@@QAE@I@Z  100029d2 f i mdump.obj
 0001:000019e0       ??1?$basic_string@DU?$char_traits@D@std@@V?$allocator@D@2@@std@@QAE@XZ 100029e0 f i mdump.obj
 0001:000019ea       ??1?$vector@VCString@WTL@@V?$allocator@VCString@WTL@@@std@@@std@@QAE@XZ 100029ea f i mdump.obj
 0001:000019ef       ??1DumpData@@QAE@XZ        100029ef f i mdump.obj
 0001:000019f7       ??1MiniDumper@@UAE@XZ      100029f7 f   mdump.obj
 0001:00001aa8       ??1ResourceSwitch@@QAE@XZ  10002aa8 f i mdump.obj
 0001:00001ac3       ??1TotalUptimeAndCrashCalculator@@QAE@XZ 10002ac3 f i mdump.obj
 0001:00001b17       ??1_Generic_error_category@std@@UAE@XZ 10002b17 f i mdump.obj
 0001:00001b1e       ??1_Iostream_error_category@std@@UAE@XZ 10002b1e f i mdump.obj
 0001:00001b25       ??1_System_error_category@std@@UAE@XZ 10002b25 f i mdump.obj
 0001:00001b2c       ??1error_category@std@@UAE@XZ 10002b2c f i mdump.obj
 0001:00001b33       ??2@YAPAXIPAX@Z            10002b33 f i mdump.obj
 0001:00001b3b       ??3@YAXPAX0@Z              10002b3b f i mdump.obj
 0001:00001b3c       ??8error_category@std@@QBE_NABV01@@Z 10002b3c f i mdump.obj
 0001:00001b4b       ??8error_condition@std@@QBE_NABV01@@Z 10002b4b f i mdump.obj
 0001:00001b6a       ??C?$_Vector_iterator@V?$_Vector_val@U?$_Simple_types@VCString@WTL@@@std@@@std@@@std@@QBEPAVCString@WTL@@XZ 10002b6a f i mdump.obj
 0001:00001b6d       ??D?$_Vector_const_iterator@V?$_Vector_val@U?$_Simple_types@VCString@WTL@@@std@@@std@@@std@@QBEABVCString@WTL@@XZ 10002b6d f i mdump.obj
 0001:00001b70       ??D?$_Vector_iterator@V?$_Vector_val@U?$_Simple_types@VCString@WTL@@@std@@@std@@@std@@QBEAAVCString@WTL@@XZ 10002b70 f i mdump.obj
 0001:00001b73       ??E?$_Vector_const_iterator@V?$_Vector_val@U?$_Simple_types@VCString@WTL@@@std@@@std@@@std@@QAEAAV01@XZ 10002b73 f i mdump.obj
 0001:00001b79       ??E?$_Vector_iterator@V?$_Vector_val@U?$_Simple_types@VCString@WTL@@@std@@@std@@@std@@QAEAAV01@XZ 10002b79 f i mdump.obj
 0001:00001b7f       ??M?$_Vector_const_iterator@V?$_Vector_val@U?$_Simple_types@VCString@WTL@@@std@@@std@@@std@@QBE_NABV01@@Z 10002b7f f i mdump.obj
 0001:00001b91       ??YCString@WTL@@QAEAAV01@ABV01@@Z 10002b91 f i mdump.obj
 0001:00001bac       ??_GCString@WTL@@QAEPAXI@Z 10002bac f i mdump.obj
 0001:00001bcb       ??_EMiniDumper@@UAEPAXI@Z  10002bcb f i mdump.obj
 0001:00001bcb       ??_GMiniDumper@@UAEPAXI@Z  10002bcb f i mdump.obj
 0001:00001bea       ??_GTotalUptimeAndCrashCalculator@@QAEPAXI@Z 10002bea f i mdump.obj
 0001:00001c09       ??_E_Generic_error_category@std@@UAEPAXI@Z 10002c09 f i mdump.obj
 0001:00001c09       ??_G_Generic_error_category@std@@UAEPAXI@Z 10002c09 f i mdump.obj
 0001:00001c29       ??_E_Iostream_error_category@std@@UAEPAXI@Z 10002c29 f i mdump.obj
 0001:00001c29       ??_G_Iostream_error_category@std@@UAEPAXI@Z 10002c29 f i mdump.obj
 0001:00001c49       ??_E_System_error_category@std@@UAEPAXI@Z 10002c49 f i mdump.obj
 0001:00001c49       ??_G_System_error_category@std@@UAEPAXI@Z 10002c49 f i mdump.obj
 0001:00001c69       ??_Eerror_category@std@@UAEPAXI@Z 10002c69 f i mdump.obj
 0001:00001c69       ??_Gerror_category@std@@UAEPAXI@Z 10002c69 f i mdump.obj
 0001:00001c89       ?AllocGuardMemory@MiniDumper@@QAE_NXZ 10002c89 f   mdump.obj
 0001:00001cae       ?AtlMessageBox@WTL@@YAHPAUHWND__@@V_U_STRINGorID@ATL@@1I@Z 10002cae f i mdump.obj
 0001:00001dfe       ?Compare@CString@WTL@@QBEHPB_W@Z 10002dfe f i mdump.obj
 0001:00001e11       ?CreateReportThreaded@MiniDumper@@SGIPAX@Z 10002e11 f   mdump.obj
 0001:0000206c       ?Delete@CString@WTL@@QAEHHH@Z 1000306c f i mdump.obj
 0001:000020db       ?Delta@TotalUptimeAndCrashCalculator@@QAE_JU_SYSTEMTIME@@0@Z 100030db f i mdump.obj
 0001:00002139       ?ExceptionHandler@MiniDumper@@SGJPAU_EXCEPTION_POINTERS@@K@Z 10003139 f   mdump.obj
 0001:000023b0       ?Format@CString@WTL@@QAAHPB_WZZ 100033b0 f i mdump.obj
 0001:000023c4       ?FormatMessageW@CString@WTL@@QAAHIZZ 100033c4 f i mdump.obj
 0001:0000243c       ?FormatV@CString@WTL@@QAEHPB_WPAD@Z 1000343c f i mdump.obj
 0001:00002760       ?FreeGuardMemory@MiniDumper@@QAE_NXZ 10003760 f   mdump.obj
 0001:0000277e       ?GetMFA@MiniDumper@@SA_NPAXPA_WH@Z 1000377e f   mdump.obj
 0001:000028a2       ?GetModuleInstance@CComModule@ATL@@QAEPAUHINSTANCE__@@XZ 100038a2 f i mdump.obj
 0001:000028a8       ?GetResourceInstance@CComModule@ATL@@QAEPAUHINSTANCE__@@XZ 100038a8 f i mdump.obj
 0001:000028ae       ?InterlockedExchangePointer@@YGPAXPAPAXPAX@Z 100038ae f i mdump.obj
 0001:000028b8       ?IsEmpty@CString@WTL@@QBEHXZ 100038b8 f i mdump.obj
 0001:000028c3       ?LaunchHangDetection@MiniDumper@@QAEXXZ 100038c3 f   mdump.obj
 0001:000029ae       ?MakeLower@CString@WTL@@QAEXXZ 100039ae f i mdump.obj
 0001:000029c0       ?SendReportThreaded@MiniDumper@@SGIPAX@Z 100039c0 f   mdump.obj
 0001:00002dbf       ?SetResourceInstance@CAtlBaseModule@ATL@@QAEPAUHINSTANCE__@@PAU3@@Z 10003dbf f i mdump.obj
 0001:00002dd3       ?SetResourceInstance@CComModule@ATL@@QAEPAUHINSTANCE__@@PAU3@@Z 10003dd3 f i mdump.obj
 0001:00002de8       ?TerminateHangDetection@MiniDumper@@QAEXXZ 10003de8 f   mdump.obj
 0001:00002e1c       ?TopLevelUnhandledExceptionFilter@MiniDumper@@SGJPAU_EXCEPTION_POINTERS@@@Z 10003e1c f   mdump.obj
 0001:00002e9f       ?TrimLeft@CString@WTL@@QAEXXZ 10003e9f f i mdump.obj
 0001:00002ef0       ?TrimRight@CString@WTL@@QAEXXZ 10003ef0 f i mdump.obj
 0001:00002f45       ?_Adopt@_Iterator_base0@std@@QAEXPBX@Z 10003f45 f i mdump.obj
 0001:00002f48       ?_Compat@?$_Vector_const_iterator@V?$_Vector_val@U?$_Simple_types@VCString@WTL@@@std@@@std@@@std@@QBEXABV12@@Z 10003f48 f i mdump.obj
 0001:00002f4b       ?_Copy@?$basic_string@DU?$char_traits@D@std@@V?$allocator@D@2@@std@@QAEXII@Z 10003f4b f i mdump.obj
 0001:00003042       ?_Destroy@?$vector@VCString@WTL@@V?$allocator@VCString@WTL@@@std@@@std@@IAEXPAVCString@WTL@@0@Z 10004042 f i mdump.obj
 0001:0000305f       ?_Eos@?$basic_string@DU?$char_traits@D@std@@V?$allocator@D@2@@std@@QAEXI@Z 1000405f f i mdump.obj
 0001:00003078       ?_Getal@?$_String_alloc@$0A@U?$_String_base_types@DV?$allocator@D@std@@@std@@@std@@QBE?AU?$_Wrap_alloc@V?$allocator@D@std@@@2@XZ 10004078 f i mdump.obj
 0001:00003082       ?_Getal@?$_Vector_alloc@$0A@U?$_Vec_base_types@VCString@WTL@@V?$allocator@VCString@WTL@@@std@@@std@@@std@@QBE?AU?$_Wrap_alloc@V?$allocator@VCString@WTL@@@std@@@2@XZ 10004082 f i mdump.obj
 0001:0000308c       ?_Grow@?$basic_string@DU?$char_traits@D@std@@V?$allocator@D@2@@std@@QAE_NI_N@Z 1000408c f i mdump.obj
 0001:000030ef       ?_Grow_to@?$vector@VCString@WTL@@V?$allocator@VCString@WTL@@@std@@@std@@IBEII@Z 100040ef f i mdump.obj
 0001:0000311c       ?_Inside@?$basic_string@DU?$char_traits@D@std@@V?$allocator@D@2@@std@@QAE_NPBD@Z 1000411c f i mdump.obj
 0001:00003157       ?_Inside@?$vector@VCString@WTL@@V?$allocator@VCString@WTL@@@std@@@std@@IBE_NPBVCString@WTL@@@Z 10004157 f i mdump.obj
 0001:00003171       ?_Myptr@?$_String_val@U?$_Simple_types@D@std@@@std@@QAEPADXZ 10004171 f i mdump.obj
 0001:0000317c       ?_Myptr@?$_String_val@U?$_Simple_types@D@std@@@std@@QBEPBDXZ 1000417c f i mdump.obj
 0001:00003187       ?_Orphan_all@_Container_base0@std@@QAEXXZ 10004187 f i mdump.obj
 0001:00003188       ?_Orphan_range@?$vector@VCString@WTL@@V?$allocator@VCString@WTL@@@std@@@std@@IBEXPAVCString@WTL@@0@Z 10004188 f i mdump.obj
 0001:0000318b       ?_Reallocate@?$vector@VCString@WTL@@V?$allocator@VCString@WTL@@@std@@@std@@IAEXI@Z 1000418b f i mdump.obj
 0001:0000321b       ?_Reserve@?$vector@VCString@WTL@@V?$allocator@VCString@WTL@@@std@@@std@@IAEXI@Z 1000421b f i mdump.obj
 0001:00003266       ?_Tidy@?$basic_string@DU?$char_traits@D@std@@V?$allocator@D@2@@std@@QAEX_NI@Z 10004266 f i mdump.obj
 0001:000032aa       ?_Tidy@?$vector@VCString@WTL@@V?$allocator@VCString@WTL@@@std@@@std@@IAEXXZ 100042aa f i mdump.obj
 0001:000032de       ?_Unused_capacity@?$vector@VCString@WTL@@V?$allocator@VCString@WTL@@@std@@@std@@QBEIXZ 100042de f i mdump.obj
 0001:000032e8       ?_Xlen@?$basic_string@DU?$char_traits@D@std@@V?$allocator@D@2@@std@@QBEXXZ 100042e8 f i mdump.obj
 0001:000032f3       ?_Xlen@?$vector@VCString@WTL@@V?$allocator@VCString@WTL@@@std@@@std@@IBEXXZ 100042f3 f i mdump.obj
 0001:000032fe       ?_Xran@?$basic_string@DU?$char_traits@D@std@@V?$allocator@D@2@@std@@QBEXXZ 100042fe f i mdump.obj
 0001:00003309       ?_cstrcmp@CString@WTL@@KAHPB_W0@Z 10004309 f i mdump.obj
 0001:00003312       ?_cstrisdigit@CString@WTL@@KAH_W@Z 10004312 f i mdump.obj
 0001:0000331b       ?_cstrisspace@CString@WTL@@KAH_W@Z 1000431b f i mdump.obj
 0001:00003324       ?_cstrtoi@CString@WTL@@KAHPB_W@Z 10004324 f i mdump.obj
 0001:0000332d       ?allocate@?$_Wrap_alloc@V?$allocator@D@std@@@std@@QAEPADI@Z 1000432d f i mdump.obj
 0001:00003340       ?allocate@?$_Wrap_alloc@V?$allocator@VCString@WTL@@@std@@@std@@QAEPAVCString@WTL@@I@Z 10004340 f i mdump.obj
 0001:00003353       ?allocate@?$allocator@D@std@@QAEPADI@Z 10004353 f i mdump.obj
 0001:00003366       ?allocate@?$allocator@VCString@WTL@@@std@@QAEPAVCString@WTL@@I@Z 10004366 f i mdump.obj
 0001:00003379       ?assign@?$basic_string@DU?$char_traits@D@std@@V?$allocator@D@2@@std@@QAEAAV12@ABV12@II@Z 10004379 f i mdump.obj
 0001:0000340d       ?assign@?$basic_string@DU?$char_traits@D@std@@V?$allocator@D@2@@std@@QAEAAV12@PBD@Z 1000440d f i mdump.obj
 0001:0000342c       ?assign@?$basic_string@DU?$char_traits@D@std@@V?$allocator@D@2@@std@@QAEAAV12@PBDI@Z 1000442c f i mdump.obj
 0001:000034a5       ?assign@?$char_traits@D@std@@SAXAADABD@Z 100044a5 f i mdump.obj
 0001:000034b4       ?begin@?$vector@VCString@WTL@@V?$allocator@VCString@WTL@@@std@@@std@@QAE?AV?$_Vector_iterator@V?$_Vector_val@U?$_Simple_types@VCString@WTL@@@std@@@std@@@2@XZ 100044b4 f i mdump.obj
 0001:000034c2       ?bugsplatMessage@MiniDumper@@SAIPB_WII@Z 100044c2 f   mdump.obj
 0001:000034ff       ?capacity@?$vector@VCString@WTL@@V?$allocator@VCString@WTL@@@std@@@std@@QBEIXZ 100044ff f i mdump.obj
 0001:00003508       ?capture@TotalUptimeAndCrashCalculator@@QAEX_N@Z 10004508 f i mdump.obj
 0001:00003657       ?category@error_code@std@@QBEABVerror_category@2@XZ 10004657 f i mdump.obj
 0001:0000365b       ?category@error_condition@std@@QBEABVerror_category@2@XZ 1000465b f i mdump.obj
 0001:0000365f       ?copy@?$char_traits@D@std@@SAPADPADPBDI@Z 1000465f f i mdump.obj
 0001:00003673       ?createReport@MiniDumper@@QAEXK@Z 10004673 f   mdump.obj
 0001:00003695       ?createReport@MiniDumper@@QAEXPAU_EXCEPTION_POINTERS@@@Z 10004695 f   mdump.obj
 0001:000036b7       ?createReport@MiniDumper@@QAEXPB_W@Z 100046b7 f   mdump.obj
 0001:000036e4       ?deallocate@?$_Wrap_alloc@V?$allocator@D@std@@@std@@QAEXPADI@Z 100046e4 f i mdump.obj
 0001:000036f4       ?deallocate@?$_Wrap_alloc@V?$allocator@VCString@WTL@@@std@@@std@@QAEXPAVCString@WTL@@I@Z 100046f4 f i mdump.obj
 0001:00003704       ?deallocate@?$allocator@D@std@@QAEXPADI@Z 10004704 f i mdump.obj
 0001:00003714       ?deallocate@?$allocator@VCString@WTL@@@std@@QAEXPAVCString@WTL@@I@Z 10004714 f i mdump.obj
 0001:00003724       ?debugMode@@YA_NXZ         10004724 f   mdump.obj
 0001:00003795       ?default_error_condition@_System_error_category@std@@UBE?AVerror_condition@2@H@Z 10004795 f i mdump.obj
 0001:000037c1       ?default_error_condition@error_category@std@@UBE?AVerror_condition@2@H@Z 100047c1 f i mdump.obj
 0001:000037d3       ?eatException@@YA_NK@Z     100047d3 f i mdump.obj
 0001:00003839       ?enableExceptionFilter@MiniDumper@@QAE_N_N@Z 10004839 f   mdump.obj
 0001:00003859       ?enableFullMemoryDumpAndExit@MiniDumper@@QAE_N_N@Z 10004859 f   mdump.obj
 0001:00003868       ?end@?$vector@VCString@WTL@@V?$allocator@VCString@WTL@@@std@@@std@@QAE?AV?$_Vector_iterator@V?$_Vector_val@U?$_Simple_types@VCString@WTL@@@std@@@std@@@2@XZ 10004868 f i mdump.obj
 0001:00003877       ?equivalent@error_category@std@@UBE_NABVerror_code@2@H@Z 10004877 f i mdump.obj
 0001:00003894       ?equivalent@error_category@std@@UBE_NHABVerror_condition@2@@Z 10004894 f i mdump.obj
 0001:000038b5       ?erase@?$basic_string@DU?$char_traits@D@std@@V?$allocator@D@2@@std@@QAEAAV12@I@Z 100048b5 f i mdump.obj
 0001:000038e4       ?erase@?$basic_string@DU?$char_traits@D@std@@V?$allocator@D@2@@std@@QAEAAV12@II@Z 100048e4 f i mdump.obj
 0001:00003966       ?fileVersionInfo@@YA_NPA_WAAK1@Z 10004966 f   mdump.obj
 0001:000039d8       ?foundResources@ResourceSwitch@@QAE_NXZ 100049d8 f i mdump.obj
 0001:000039e1       ?generic_category@std@@YAABVerror_category@1@XZ 100049e1 f i mdump.obj
 0001:000039e7       ?getFlags@MiniDumper@@QBEKXZ 100049e7 f i mdump.obj
 0001:000039eb       ?getLogFilePath@MiniDumper@@QAEPB_WXZ 100049eb f   mdump.obj
 0001:000039ef       ?getMiniDumpType@MiniDumper@@QBE?AW4_BS_MINIDUMP_TYPE@MiniDmpSender@@XZ 100049ef f   mdump.obj
 0001:000039f5       ?getRegistryBase@@YAXAAVCString@WTL@@@Z 100049f5 f   mdump.obj
 0001:00003a07       ?getRegistryRoot@@YAXAAVCString@WTL@@PB_W11@Z 10004a07 f   mdump.obj
 0001:00003a6b       ?initExceptionHandler@MiniDumper@@QAEXPB_W000K@Z 10004a6b f   mdump.obj
 0001:00003c7a       ?invalid_parameter_handler@@YAXPB_W00II@Z 10004c7a f i mdump.obj
 0001:00003c83       ?isExceptionFilterEnabled@MiniDumper@@QBE_NXZ 10004c83 f   mdump.obj
 0001:00003c89       ?isFullMemoryDumpAndExitEnabled@MiniDumper@@QBE_NXZ 10004c89 f   mdump.obj
 0001:00003c8f       ?length@?$char_traits@D@std@@SAIPBD@Z 10004c8f f i mdump.obj
 0001:00003ca7       ?logOutput@@YAXIPB_W_N@Z   10004ca7 f   mdump.obj
 0001:00003eaa       ?max_size@?$_Wrap_alloc@V?$allocator@D@std@@@std@@QBEIXZ 10004eaa f i mdump.obj
 0001:00003eae       ?max_size@?$_Wrap_alloc@V?$allocator@VCString@WTL@@@std@@@std@@QBEIXZ 10004eae f i mdump.obj
 0001:00003eb4       ?max_size@?$allocator@D@std@@QBEIXZ 10004eb4 f i mdump.obj
 0001:00003eb8       ?max_size@?$allocator@VCString@WTL@@@std@@QBEIXZ 10004eb8 f i mdump.obj
 0001:00003ebe       ?max_size@?$allocator_traits@V?$allocator@D@std@@@std@@SAIABV?$allocator@D@2@@Z 10004ebe f i mdump.obj
 0001:00003ec2       ?max_size@?$allocator_traits@V?$allocator@VCString@WTL@@@std@@@std@@SAIABV?$allocator@VCString@WTL@@@2@@Z 10004ec2 f i mdump.obj
 0001:00003ec8       ?max_size@?$basic_string@DU?$char_traits@D@std@@V?$allocator@D@2@@std@@QBEIXZ 10004ec8 f i mdump.obj
 0001:00003ecc       ?max_size@?$vector@VCString@WTL@@V?$allocator@VCString@WTL@@@std@@@std@@QBEIXZ 10004ecc f i mdump.obj
 0001:00003ed2       ?message@_Generic_error_category@std@@UBE?AV?$basic_string@DU?$char_traits@D@std@@V?$allocator@D@2@@2@H@Z 10004ed2 f i mdump.obj
 0001:00003eff       ?message@_Iostream_error_category@std@@UBE?AV?$basic_string@DU?$char_traits@D@std@@V?$allocator@D@2@@2@H@Z 10004eff f i mdump.obj
 0001:00003f30       ?message@_System_error_category@std@@UBE?AV?$basic_string@DU?$char_traits@D@std@@V?$allocator@D@2@@2@H@Z 10004f30 f i mdump.obj
 0001:00003f5d       ?move@?$char_traits@D@std@@SAPADPADPBDI@Z 10004f5d f i mdump.obj
 0001:00003f71       ?name@_Generic_error_category@std@@UBEPBDXZ 10004f71 f i mdump.obj
 0001:00003f77       ?name@_Iostream_error_category@std@@UBEPBDXZ 10004f77 f i mdump.obj
 0001:00003f7d       ?name@_System_error_category@std@@UBEPBDXZ 10004f7d f i mdump.obj
 0001:00003f83       ?pointer_to@?$pointer_traits@PAVCString@WTL@@@std@@SAPAVCString@WTL@@AAV34@@Z 10004f83 f i mdump.obj
 0001:00003f8b       ?push_back@?$vector@VCString@WTL@@V?$allocator@VCString@WTL@@@std@@@std@@QAEX$$QAVCString@WTL@@@Z 10004f8b f i mdump.obj
 0001:00004003       ?removeAdditionalFile@MiniDumper@@QAE_NPB_W@Z 10005003 f   mdump.obj
 0001:00004042       ?resetDescriptionString@MiniDumper@@QAEXPB_W@Z 10005042 f   mdump.obj
 0001:0000404e       ?resetVersionString@MiniDumper@@QAEXPB_W@Z 1000504e f   mdump.obj
 0001:0000405a       ?sendAdditionalFile@MiniDumper@@QAEXPB_W@Z 1000505a f   mdump.obj
 0001:00004093       ?setCallback@MiniDumper@@QAEXP6A_NIPAX0@Z@Z 10005093 f   mdump.obj
 0001:000040a0       ?setDefaultUserDescription@MiniDumper@@QAEXPB_W@Z 100050a0 f   mdump.obj
 0001:000040ac       ?setDefaultUserEmail@MiniDumper@@QAEXPB_W@Z 100050ac f   mdump.obj
 0001:000040b8       ?setDefaultUserName@MiniDumper@@QAEXPB_W@Z 100050b8 f   mdump.obj
 0001:000040c4       ?setFlags@MiniDumper@@QAE_NK@Z 100050c4 f   mdump.obj
 0001:00004103       ?setGuardByteBufferSize@MiniDumper@@QAEHH@Z 10005103 f   mdump.obj
 0001:0000412f       ?setLogFilePath@MiniDumper@@QAEXPB_W@Z 1000512f f   mdump.obj
 0001:0000413b       ?setMiniDumpType@MiniDumper@@QAEXW4_BS_MINIDUMP_TYPE@MiniDmpSender@@@Z 1000513b f   mdump.obj
 0001:0000414a       ?setResourceDllPath@MiniDumper@@QAEXPB_W@Z 1000514a f   mdump.obj
 0001:00004156       ?setUserZipPath@MiniDumper@@QAEXPB_W@Z 10005156 f   mdump.obj
 0001:00004162       ?signal_handler@@YAXH@Z    10005162 f i mdump.obj
 0001:0000416b       ?size@?$basic_string@DU?$char_traits@D@std@@V?$allocator@D@2@@std@@QBEIXZ 1000516b f i mdump.obj
 0001:0000416f       ?size@?$vector@VCString@WTL@@V?$allocator@VCString@WTL@@@std@@@std@@QBEIXZ 1000516f f i mdump.obj
 0001:00004178       ?system_category@std@@YAABVerror_category@1@XZ 10005178 f i mdump.obj
 0001:0000417e       ?terminator@@YAXXZ         1000517e f i mdump.obj
 0001:00004187       ?value@error_code@std@@QBEHXZ 10005187 f i mdump.obj
 0001:0000418a       ?value@error_condition@std@@QBEHXZ 1000518a f i mdump.obj
 0001:0000418d       ?wcsrchr@@YAPA_WPA_W_W@Z   1000518d f i mdump.obj
 0001:00004196       _hypot                     10005196 f i mdump.obj
 0001:000041cd       ??0MiniDmpSender@@QAE@PB_W000K@Z 100051cd f   sbSender.obj
 0001:00004227       ??1MiniDmpSender@@UAE@XZ   10005227 f   sbSender.obj
 0001:00004243       ?createReport@MiniDmpSender@@QAEXPAU_EXCEPTION_POINTERS@@@Z 10005243 f   sbSender.obj
 0001:0000424f       ?createReport@MiniDmpSender@@QAEXPB_W@Z 1000524f f   sbSender.obj
 0001:0000425b       ?enableExceptionFilter@MiniDmpSender@@QAE_N_N@Z 1000525b f   sbSender.obj
 0001:00004267       ?enableFullMemoryDumpAndExit@MiniDmpSender@@QAE_N_N@Z 10005267 f   sbSender.obj
 0001:00004273       ?getFlags@MiniDmpSender@@QBEKXZ 10005273 f   sbSender.obj
 0001:0000427a       ?getMiniDumpType@MiniDmpSender@@QBE?AW4_BS_MINIDUMP_TYPE@1@XZ 1000527a f   sbSender.obj
 0001:00004282       ?getMinidumpPath@MiniDmpSender@@QAEXPA_WI@Z 10005282 f   sbSender.obj
 0001:0000429f       ?imp@MiniDmpSender@@QAEPAXXZ 1000529f f   sbSender.obj
 0001:000042a5       ?imp@MiniDumper@@QAEPAXXZ  100052a5 f i sbSender.obj
 0001:000042ab       ?isExceptionFilterEnabled@MiniDmpSender@@QBE_NXZ 100052ab f   sbSender.obj
 0001:000042b3       ?isFullMemoryDumpAndExitEnabled@MiniDmpSender@@QBE_NXZ 100052b3 f   sbSender.obj
 0001:000042bb       ?removeAdditionalFile@MiniDmpSender@@QAE_NPB_W@Z 100052bb f   sbSender.obj
 0001:000042c7       ?resetAppIdentifier@MiniDmpSender@@QAEXPB_W@Z 100052c7 f   sbSender.obj
 0001:000042d3       ?resetVersionString@MiniDmpSender@@QAEXPB_W@Z 100052d3 f   sbSender.obj
 0001:000042df       ?sendAdditionalFile@MiniDmpSender@@QAEXPB_W@Z 100052df f   sbSender.obj
 0001:000042eb       ?setCallback@MiniDmpSender@@QAEXP6A_NIPAX0@Z@Z 100052eb f   sbSender.obj
 0001:000042f7       ?setDefaultUserDescription@MiniDmpSender@@QAEXPB_W@Z 100052f7 f   sbSender.obj
 0001:00004303       ?setDefaultUserEmail@MiniDmpSender@@QAEXPB_W@Z 10005303 f   sbSender.obj
 0001:0000430f       ?setDefaultUserName@MiniDmpSender@@QAEXPB_W@Z 1000530f f   sbSender.obj
 0001:0000431b       ?setFlags@MiniDmpSender@@QAE_NK@Z 1000531b f   sbSender.obj
 0001:00004327       ?setGuardByteBufferSize@MiniDmpSender@@QAEHH@Z 10005327 f   sbSender.obj
 0001:00004333       ?setLogFilePath@MiniDmpSender@@QAEXPB_W@Z 10005333 f   sbSender.obj
 0001:0000433f       ?setMiniDumpType@MiniDmpSender@@QAEXW4_BS_MINIDUMP_TYPE@1@@Z 1000533f f   sbSender.obj
 0001:0000434b       ?setResourceDllPath@MiniDmpSender@@QAEXPB_W@Z 1000534b f   sbSender.obj
 0001:00004357       ?setUserZipPath@MiniDmpSender@@QAEXPB_W@Z 10005357 f   sbSender.obj
 0001:00004363       ?unhandledExceptionHandler@MiniDmpSender@@QAEJPAU_EXCEPTION_POINTERS@@@Z 10005363 f   sbSender.obj
 0001:0000436c       ??$?2PA_W@?$Wrapper@PA_W@?$CSimpleMap@PA_WPA_WVCExpansionVectorEqualHelper@ATL@@@ATL@@SAPAXIPAPA_W@Z 1000536c f i sbSenderApp.obj
 0001:00004374       ??$?3PA_W@?$Wrapper@PA_W@?$CSimpleMap@PA_WPA_WVCExpansionVectorEqualHelper@ATL@@@ATL@@SAXPAXPAPA_W@Z 10005374 f i sbSenderApp.obj
 0001:00004375       ??$AtlMultiply@I@ATL@@YAJPAIII@Z 10005375 f i sbSenderApp.obj
 0001:00004397       ??$AtlMultiply@K@ATL@@YAJPAKKK@Z 10005397 f i sbSenderApp.obj
 0001:000043b9       ??$AtlMultiplyThrow@I@ATL@@YAIII@Z 100053b9 f i sbSenderApp.obj
 0001:000043e1       ??0?$CAtlModuleT@VCComModule@ATL@@@ATL@@QAE@XZ 100053e1 f i sbSenderApp.obj
 0001:000043ed       ??0?$CAtlSafeAllocBufferManager@VCCRTAllocator@ATL@@@_ATL_SAFE_ALLOCA_IMPL@ATL@@QAE@XZ 100053ed f i sbSenderApp.obj
 0001:000043f3       ??0?$CAutoVectorPtr@_W@ATL@@QAE@XZ 100053f3 f i sbSenderApp.obj
 0001:000043f9       ??0?$CComCritSecLock@VCComCriticalSection@ATL@@@ATL@@QAE@AAVCComCriticalSection@1@_N@Z 100053f9 f i sbSenderApp.obj
 0001:00004420       ??0?$CSimpleMap@KPAVCMessageLoop@WTL@@V?$CSimpleMapEqualHelper@KPAVCMessageLoop@WTL@@@ATL@@@ATL@@QAE@XZ 10005420 f i sbSenderApp.obj
 0001:0000442d       ??0?$CSimpleMap@PA_WPA_WVCExpansionVectorEqualHelper@ATL@@@ATL@@QAE@XZ 1000542d f i sbSenderApp.obj
 0001:0000443a       ??0?$CTempBuffer@E$0BAA@VCCRTAllocator@ATL@@@ATL@@QAE@XZ 1000543a f i sbSenderApp.obj
 0001:00004440       ??0?$CTempBuffer@_W$0BAA@VCCRTAllocator@ATL@@@ATL@@QAE@XZ 10005440 f i sbSenderApp.obj
 0001:00004446       ??0?$CTempBuffer@_W$0EAA@VCCRTAllocator@ATL@@@ATL@@QAE@XZ 10005446 f i sbSenderApp.obj
 0001:0000444c       ??0?$Wrapper@PA_W@?$CSimpleMap@PA_WPA_WVCExpansionVectorEqualHelper@ATL@@@ATL@@QAE@ABQA_W@Z 1000544c f i sbSenderApp.obj
 0001:0000445c       ??0CAppModule@WTL@@QAE@XZ  1000545c f i sbSenderApp.obj
 0001:0000446e       ??0CAtlComModule@ATL@@QAE@XZ 1000546e f i sbSenderApp.obj
 0001:000044ad       ??0CAtlException@ATL@@QAE@J@Z 100054ad f i sbSenderApp.obj
 0001:000044bb       ??0CAtlModule@ATL@@QAE@XZ  100054bb f i sbSenderApp.obj
 0001:000044fc       ??0CComAutoDeleteCriticalSection@ATL@@QAE@XZ 100054fc f i sbSenderApp.obj
 0001:00004514       ??0CComCriticalSection@ATL@@QAE@XZ 10005514 f i sbSenderApp.obj
 0001:00004528       ??0CComModule@ATL@@QAE@XZ  10005528 f i sbSenderApp.obj
 0001:00004540       ??0CComSafeDeleteCriticalSection@ATL@@QAE@XZ 10005540 f i sbSenderApp.obj
 0001:00004558       ??0CExpansionVector@ATL@@QAE@XZ 10005558 f i sbSenderApp.obj
 0001:00004565       ??0CParseBuffer@CRegParser@ATL@@QAE@H@Z 10005565 f i sbSenderApp.obj
 0001:0000459c       ??0CRegKey@ATL@@QAE@PAVCAtlTransactionManager@1@@Z 1000559c f i sbSenderApp.obj
 0001:000045b2       ??0CRegObject@ATL@@QAE@XZ  100055b2 f i sbSenderApp.obj
 0001:000045e0       ??0CRegParser@ATL@@QAE@PAVCRegObject@1@@Z 100055e0 f i sbSenderApp.obj
 0001:000045f2       ??0CStaticDataInitCriticalSectionLock@WTL@@QAE@XZ 100055f2 f i sbSenderApp.obj
 0001:00004603       ??0IRegistrarBase@@QAE@XZ  10005603 f i sbSenderApp.obj
 0001:00004606       ??0IUnknown@@QAE@XZ        10005606 f i sbSenderApp.obj
 0001:00004609       ??0_ATL_COM_MODULE70@ATL@@QAE@XZ 10005609 f i sbSenderApp.obj
 0001:00004620       ??0_ATL_MODULE70@ATL@@QAE@XZ 10005620 f i sbSenderApp.obj
 0001:00004637       ??1?$CAtlModuleT@VCComModule@ATL@@@ATL@@UAE@XZ 10005637 f i sbSenderApp.obj
 0001:0000463c       ??1?$CAtlSafeAllocBufferManager@VCCRTAllocator@ATL@@@_ATL_SAFE_ALLOCA_IMPL@ATL@@QAE@XZ 1000563c f i sbSenderApp.obj
 0001:00004655       ??1?$CAutoVectorPtr@_W@ATL@@QAE@XZ 10005655 f i sbSenderApp.obj
 0001:00004665       ??1?$CComCritSecLock@VCComCriticalSection@ATL@@@ATL@@QAE@XZ 10005665 f i sbSenderApp.obj
 0001:0000467c       ??1?$CSimpleArray@PAUHWND__@@V?$CSimpleArrayEqualHelper@PAUHWND__@@@ATL@@@ATL@@QAE@XZ 1000567c f i sbSenderApp.obj
 0001:00004681       ??1?$CSimpleMap@KPAVCMessageLoop@WTL@@V?$CSimpleMapEqualHelper@KPAVCMessageLoop@WTL@@@ATL@@@ATL@@QAE@XZ 10005681 f i sbSenderApp.obj
 0001:00004686       ??1?$CSimpleMap@PA_WPA_WVCExpansionVectorEqualHelper@ATL@@@ATL@@QAE@XZ 10005686 f i sbSenderApp.obj
 0001:0000468b       ??1?$CTempBuffer@E$0BAA@VCCRTAllocator@ATL@@@ATL@@QAE@XZ 1000568b f i sbSenderApp.obj
 0001:00004697       ??1?$CTempBuffer@_W$0BAA@VCCRTAllocator@ATL@@@ATL@@QAE@XZ 10005697 f i sbSenderApp.obj
 0001:000046a3       ??1?$CTempBuffer@_W$0EAA@VCCRTAllocator@ATL@@@ATL@@QAE@XZ 100056a3 f i sbSenderApp.obj
 0001:000046af       ??1CAppModule@WTL@@UAE@XZ  100056af f i sbSenderApp.obj
 0001:000046ba       ??1CAtlComModule@ATL@@QAE@XZ 100056ba f i sbSenderApp.obj
 0001:000046bf       ??1CAtlModule@ATL@@UAE@XZ  100056bf f i sbSenderApp.obj
 0001:000046c4       ??1CComAutoDeleteCriticalSection@ATL@@QAE@XZ 100056c4 f i sbSenderApp.obj
 0001:000046d6       ??1CComCriticalSection@ATL@@QAE@XZ 100056d6 f i sbSenderApp.obj
 0001:000046d7       ??1CComModule@ATL@@UAE@XZ  100056d7 f i sbSenderApp.obj
 0001:000046e2       ??1CComSafeDeleteCriticalSection@ATL@@QAE@XZ 100056e2 f i sbSenderApp.obj
 0001:000046f4       ??1CExpansionVector@ATL@@QAE@XZ 100056f4 f i sbSenderApp.obj
 0001:0000471b       ??1CParseBuffer@CRegParser@ATL@@QAE@XZ 1000571b f i sbSenderApp.obj
 0001:00004725       ??1CRegKey@ATL@@QAE@XZ     10005725 f i sbSenderApp.obj
 0001:0000472a       ??1CRegObject@ATL@@UAE@XZ  1000572a f i sbSenderApp.obj
 0001:00004783       ??1CStaticDataInitCriticalSectionLock@WTL@@QAE@XZ 10005783 f i sbSenderApp.obj
 0001:00004788       ??1_ATL_COM_MODULE70@ATL@@QAE@XZ 10005788 f i sbSenderApp.obj
 0001:00004789       ??1_ATL_MODULE70@ATL@@QAE@XZ 10005789 f i sbSenderApp.obj
 0001:0000478a       ??A?$CSimpleArray@PAUHWND__@@V?$CSimpleArrayEqualHelper@PAUHWND__@@@ATL@@@ATL@@QAEAAPAUHWND__@@H@Z 1000578a f i sbSenderApp.obj
 0001:000047b4       ??B?$CTempBuffer@E$0BAA@VCCRTAllocator@ATL@@@ATL@@QBEPAEXZ 100057b4 f i sbSenderApp.obj
 0001:000047b7       ??B?$CTempBuffer@_W$0BAA@VCCRTAllocator@ATL@@@ATL@@QBEPA_WXZ 100057b7 f i sbSenderApp.obj
 0001:000047ba       ??B?$CTempBuffer@_W$0EAA@VCCRTAllocator@ATL@@@ATL@@QBEPA_WXZ 100057ba f i sbSenderApp.obj
 0001:000047bd       ??BCRegKey@ATL@@QBEPAUHKEY__@@XZ 100057bd f i sbSenderApp.obj
 0001:000047c0       ??_G?$CSimpleArray@PAUHWND__@@V?$CSimpleArrayEqualHelper@PAUHWND__@@@ATL@@@ATL@@QAEPAXI@Z 100057c0 f i sbSenderApp.obj
 0001:000047df       ??_G?$CSimpleMap@KPAVCMessageLoop@WTL@@V?$CSimpleMapEqualHelper@KPAVCMessageLoop@WTL@@@ATL@@@ATL@@QAEPAXI@Z 100057df f i sbSenderApp.obj
 0001:000047fe       ??_GCAppModule@WTL@@UAEPAXI@Z 100057fe f i sbSenderApp.obj
 0001:000047fe       ??_ECAppModule@WTL@@UAEPAXI@Z 100057fe f i sbSenderApp.obj
 0001:00004823       ??_ECComModule@ATL@@UAEPAXI@Z 10005823 f i sbSenderApp.obj
 0001:00004823       ??_GCComModule@ATL@@UAEPAXI@Z 10005823 f i sbSenderApp.obj
 0001:00004848       ??_ECRegObject@ATL@@UAEPAXI@Z 10005848 f i sbSenderApp.obj
 0001:00004848       ??_GCRegObject@ATL@@UAEPAXI@Z 10005848 f i sbSenderApp.obj
 0001:00004867       ?Add@?$CSimpleMap@PA_WPA_WVCExpansionVectorEqualHelper@ATL@@@ATL@@QAEHABQA_W0@Z 10005867 f i sbSenderApp.obj
 0001:000048bc       ?Add@CExpansionVector@ATL@@QAEHPB_W0@Z 100058bc f i sbSenderApp.obj
 0001:000049c5       ?AddChar@CParseBuffer@CRegParser@ATL@@QAEHPB_W@Z 100059c5 f i sbSenderApp.obj
 0001:000049d6       ?AddCommonRGSReplacements@?$CAtlModuleT@VCComModule@ATL@@@ATL@@UAEJPAUIRegistrarBase@@@Z 100059d6 f i sbSenderApp.obj
 0001:000049f0       ?AddRef@CRegObject@ATL@@UAGKXZ 100059f0 f i sbSenderApp.obj
 0001:000049f6       ?AddReplacement@CRegObject@ATL@@UAGJPB_W0@Z 100059f6 f i sbSenderApp.obj
 0001:00004a55       ?AddString@CParseBuffer@CRegParser@ATL@@QAEHPB_W@Z 10005a55 f i sbSenderApp.obj
 0001:00004a91       ?AddValue@CRegParser@ATL@@IAEJAAVCRegKey@2@PB_WPA_W@Z 10005a91 f i sbSenderApp.obj
 0001:00004e25       ?Allocate@?$CTempBuffer@E$0BAA@VCCRTAllocator@ATL@@@ATL@@QAEPAEI@Z 10005e25 f i sbSenderApp.obj
 0001:00004e54       ?Allocate@?$CTempBuffer@_W$0BAA@VCCRTAllocator@ATL@@@ATL@@QAEPA_WI@Z 10005e54 f i sbSenderApp.obj
 0001:00004e83       ?Allocate@?$CTempBuffer@_W$0EAA@VCCRTAllocator@ATL@@@ATL@@QAEPA_WI@Z 10005e83 f i sbSenderApp.obj
 0001:00004eb2       ?Allocate@CCRTAllocator@ATL@@SAPAXI@Z 10005eb2 f i sbSenderApp.obj
 0001:00004ebb       ?AllocateBytes@?$CTempBuffer@E$0BAA@VCCRTAllocator@ATL@@@ATL@@QAEPAEI@Z 10005ebb f i sbSenderApp.obj
 0001:00004ee0       ?AllocateBytes@?$CTempBuffer@_W$0BAA@VCCRTAllocator@ATL@@@ATL@@QAEPA_WI@Z 10005ee0 f i sbSenderApp.obj
 0001:00004f05       ?AllocateBytes@?$CTempBuffer@_W$0EAA@VCCRTAllocator@ATL@@@ATL@@QAEPA_WI@Z 10005f05 f i sbSenderApp.obj
 0001:00004f2a       ?AllocateHeap@?$CTempBuffer@E$0BAA@VCCRTAllocator@ATL@@@ATL@@AAEXI@Z 10005f2a f i sbSenderApp.obj
 0001:00004f4f       ?AllocateHeap@?$CTempBuffer@_W$0BAA@VCCRTAllocator@ATL@@@ATL@@AAEXI@Z 10005f4f f i sbSenderApp.obj
 0001:00004f74       ?AllocateHeap@?$CTempBuffer@_W$0EAA@VCCRTAllocator@ATL@@@ATL@@AAEXI@Z 10005f74 f i sbSenderApp.obj
 0001:00004f99       ?Append@CParseBuffer@CRegParser@ATL@@QAEHPB_WH@Z 10005f99 f i sbSenderApp.obj
 0001:00005026       ?AtlCallTermFunc@ATL@@YGXPAU_ATL_MODULE70@1@@Z 10006026 f i sbSenderApp.obj
 0001:00005069       ?AtlCoTaskMemCAlloc@ATL@@YAPAXKK@Z 10006069 f i sbSenderApp.obj
 0001:00005098       ?AtlCoTaskMemRecalloc@ATL@@YAPAXPAXKK@Z 10006098 f i sbSenderApp.obj
 0001:000050ca       ?AtlCrtErrorCheck@ATL@@YAHH@Z 100060ca f i sbSenderApp.obj
 0001:00005105       ?AtlGetPerUserRegistration@ATL@@YGJPA_N@Z 10006105 f i sbSenderApp.obj
 0001:00005123       ?AtlHresultFromLastError@ATL@@YAJXZ 10006123 f i sbSenderApp.obj
 0001:0000513a       ?AtlHresultFromWin32@ATL@@YAJK@Z 1000613a f i sbSenderApp.obj
 0001:0000514f       ?AtlThrowImpl@ATL@@YGXJ@Z  1000614f f i sbSenderApp.obj
 0001:00005167       ?Attach@?$CAutoVectorPtr@_W@ATL@@QAEXPA_W@Z 10006167 f i sbSenderApp.obj
 0001:00005173       ?Attach@CRegKey@ATL@@QAEXPAUHKEY__@@@Z 10006173 f i sbSenderApp.obj
 0001:00005187       ?CanForceRemoveKey@CRegParser@ATL@@IAEHPB_W@Z 10006187 f i sbSenderApp.obj
 0001:000051b6       ?ChToByte@CRegParser@ATL@@KAE_W@Z 100061b6 f i sbSenderApp.obj
 0001:000051ee       ?ClearReplacements@CExpansionVector@ATL@@QAEJXZ 100061ee f i sbSenderApp.obj
 0001:0000522b       ?ClearReplacements@CRegObject@ATL@@UAGJXZ 1000622b f i sbSenderApp.obj
 0001:00005256       ?Close@CRegKey@ATL@@QAEJXZ 10006256 f i sbSenderApp.obj
 0001:00005270       ?Create@CRegKey@ATL@@QAEJPAUHKEY__@@PB_WPA_WKKPAU_SECURITY_ATTRIBUTES@@PAK@Z 10006270 f i sbSenderApp.obj
 0001:000052e1       ?Decrement@CComMultiThreadModel@ATL@@SGKPAJ@Z 100062e1 f i sbSenderApp.obj
 0001:000052eb       ?DeleteSubKey@CRegKey@ATL@@QAEJPB_W@Z 100062eb f i sbSenderApp.obj
 0001:00005364       ?DeleteValue@CRegKey@ATL@@QAEJPB_W@Z 10006364 f i sbSenderApp.obj
 0001:00005376       ?Detach@?$CAutoVectorPtr@_W@ATL@@QAEPA_WXZ 10006376 f i sbSenderApp.obj
 0001:0000537c       ?Detach@CParseBuffer@CRegParser@ATL@@QAEPA_WXZ 1000637c f i sbSenderApp.obj
 0001:0000538a       ?Detach@CRegKey@ATL@@QAEPAUHKEY__@@XZ 1000638a f i sbSenderApp.obj
 0001:00005397       ?EndOfVar@CRegParser@ATL@@IAEHXZ 10006397 f i sbSenderApp.obj
 0001:000053b7       ?EscapeSingleQuote@CAtlModule@ATL@@SAXPA_WIPB_W@Z 100063b7 f i sbSenderApp.obj
 0001:00005406       ?FinalConstruct@CRegObject@ATL@@QAEJXZ 10006406 f i sbSenderApp.obj
 0001:0000541b       ?FindKey@?$CSimpleMap@PA_WPA_WVCExpansionVectorEqualHelper@ATL@@@ATL@@QBEHABQA_W@Z 1000641b f i sbSenderApp.obj
 0001:00005452       ?Free@?$CAutoVectorPtr@_W@ATL@@QAEXXZ 10006452 f i sbSenderApp.obj
 0001:00005462       ?Free@CCRTAllocator@ATL@@SAXPAX@Z 10006462 f i sbSenderApp.obj
 0001:00005467       ?FreeHeap@?$CTempBuffer@E$0BAA@VCCRTAllocator@ATL@@@ATL@@AAEXXZ 10006467 f i sbSenderApp.obj
 0001:00005470       ?FreeHeap@?$CTempBuffer@_W$0BAA@VCCRTAllocator@ATL@@@ATL@@AAEXXZ 10006470 f i sbSenderApp.obj
 0001:00005479       ?FreeHeap@?$CTempBuffer@_W$0EAA@VCCRTAllocator@ATL@@@ATL@@AAEXXZ 10006479 f i sbSenderApp.obj
 0001:00005482       ?GenerateError@CRegParser@ATL@@IAEJI@Z 10006482 f i sbSenderApp.obj
 0001:0000548a       ?GetAppId@?$CAtlModuleT@VCComModule@ATL@@@ATL@@SAPB_WXZ 1000648a f i sbSenderApp.obj
 0001:00005490       ?GetGITPtr@CAtlModule@ATL@@UAEJPAPAUIGlobalInterfaceTable@@@Z 10006490 f i sbSenderApp.obj
 0001:000054dc       ?GetKeyAt@?$CSimpleMap@PA_WPA_WVCExpansionVectorEqualHelper@ATL@@@ATL@@QBEAAPA_WH@Z 100064dc f i sbSenderApp.obj
 0001:00005506       ?GetLockCount@CAtlModule@ATL@@UAEJXZ 10006506 f i sbSenderApp.obj
 0001:0000550a       ?GetModuleInstance@CAtlBaseModule@ATL@@QAEPAUHINSTANCE__@@XZ 1000650a f i sbSenderApp.obj
 0001:0000550e       ?GetSize@?$CSimpleArray@PAUHWND__@@V?$CSimpleArrayEqualHelper@PAUHWND__@@@ATL@@@ATL@@QBEHXZ 1000650e f i sbSenderApp.obj
 0001:00005512       ?GetSize@?$CSimpleMap@PA_WPA_WVCExpansionVectorEqualHelper@ATL@@@ATL@@QBEHXZ 10006512 f i sbSenderApp.obj
 0001:00005516       ?GetValueAt@?$CSimpleMap@PA_WPA_WVCExpansionVectorEqualHelper@ATL@@@ATL@@QBEAAPA_WH@Z 10006516 f i sbSenderApp.obj
 0001:00005541       ?HKeyFromString@CRegParser@ATL@@KAPAUHKEY__@@PA_W@Z 10006541 f i sbSenderApp.obj
 0001:0000556f       ?HasSubKeys@CRegParser@ATL@@IAEHPAUHKEY__@@@Z 1000656f f i sbSenderApp.obj
 0001:000055a6       ?Increment@CComMultiThreadModel@ATL@@SGKPAJ@Z 100065a6 f i sbSenderApp.obj
 0001:000055b0       ?Init@CAppModule@WTL@@QAEJPAU_ATL_OBJMAP_ENTRY30@ATL@@PAUHINSTANCE__@@PBU_GUID@@@Z 100065b0 f i sbSenderApp.obj
 0001:0000562d       ?Init@CComCriticalSection@ATL@@QAEJXZ 1000662d f i sbSenderApp.obj
 0001:00005654       ?Init@CComModule@ATL@@QAEJPAU_ATL_OBJMAP_ENTRY30@2@PAUHINSTANCE__@@PBU_GUID@@@Z 10006654 f i sbSenderApp.obj
 0001:000056b3       ?Init@CComSafeDeleteCriticalSection@ATL@@QAEJXZ 100066b3 f i sbSenderApp.obj
 0001:000056c5       ?InitLibId@?$CAtlModuleT@VCComModule@ATL@@@ATL@@SAXXZ 100066c5 f i sbSenderApp.obj
 0001:000056c6       ?InternalSetAtIndex@?$CSimpleMap@PA_WPA_WVCExpansionVectorEqualHelper@ATL@@@ATL@@QAEXHABQA_W0@Z 100066c6 f i sbSenderApp.obj
 0001:000056f0       ?IsEqualKey@CExpansionVectorEqualHelper@ATL@@SA_NQA_W0@Z 100066f0 f i sbSenderApp.obj
 0001:00005707       ?IsSpace@CRegParser@ATL@@IAEH_W@Z 10006707 f i sbSenderApp.obj
 0001:0000572f       ?Lock@?$CComCritSecLock@VCComCriticalSection@ATL@@@ATL@@QAEJXZ 1000672f f i sbSenderApp.obj
 0001:00005742       ?Lock@CAtlModule@ATL@@UAEJXZ 10006742 f i sbSenderApp.obj
 0001:0000574d       ?Lock@CComCriticalSection@ATL@@QAEJXZ 1000674d f i sbSenderApp.obj
 0001:00005757       ?Lock@CComSafeDeleteCriticalSection@ATL@@QAEJXZ 10006757 f i sbSenderApp.obj
 0001:00005761       ?Lock@CStaticDataInitCriticalSectionLock@WTL@@QAEJXZ 10006761 f i sbSenderApp.obj
 0001:00005774       ?Lookup@?$CSimpleMap@PA_WPA_WVCExpansionVectorEqualHelper@ATL@@@ATL@@QBEPA_WABQA_W@Z 10006774 f i sbSenderApp.obj
 0001:0000579a       ?NextToken@CRegParser@ATL@@IAEJPA_W@Z 1000679a f i sbSenderApp.obj
 0001:000058d5       ?OLE2CT_EX@@YAPB_WPB_WI@Z  100068d5 f i sbSenderApp.obj
 0001:000058dd       ?Open@CRegKey@ATL@@QAEJPAUHKEY__@@PB_WK@Z 100068dd f i sbSenderApp.obj
 0001:00005934       ?PreProcessBuffer@CRegParser@ATL@@QAEJPA_WPAPA_W@Z 10006934 f i sbSenderApp.obj
 0001:00005b8a       ?QueryInterface@CRegObject@ATL@@UAGJABU_GUID@@PAPAX@Z 10006b8a f i sbSenderApp.obj
 0001:00005b92       ?RecurseDeleteKey@CRegKey@ATL@@QAEJPB_W@Z 10006b92 f i sbSenderApp.obj
 0001:00005c56       ?RegCreateKeyExW@CAtlTransactionManager@ATL@@QAEJPAUHKEY__@@PB_WKPA_WKKQAU_SECURITY_ATTRIBUTES@@PAPAU3@PAK@Z 10006c56 f i sbSenderApp.obj
 0001:00005cb9       ?RegDeleteKeyW@CAtlTransactionManager@ATL@@QAEJPAUHKEY__@@PB_W@Z 10006cb9 f i sbSenderApp.obj
 0001:00005d0b       ?RegOpenKeyExW@CAtlTransactionManager@ATL@@QAEJPAUHKEY__@@PB_WKKPAPAU3@@Z 10006d0b f i sbSenderApp.obj
 0001:00005d62       ?RegisterBuffer@CRegParser@ATL@@QAEJPA_WH@Z 10006d62 f i sbSenderApp.obj
 0001:00005e9d       ?RegisterFromResource@CRegObject@ATL@@IAEJPB_W00H@Z 10006e9d f i sbSenderApp.obj
 0001:00006014       ?RegisterSubkeys@CRegParser@ATL@@IAEJPA_WPAUHKEY__@@HH@Z 10007014 f i sbSenderApp.obj
 0001:00006607       ?Release@CRegObject@ATL@@UAGKXZ 10007607 f i sbSenderApp.obj
 0001:0000660c       ?RemoveAll@?$CSimpleArray@PAUHWND__@@V?$CSimpleArrayEqualHelper@PAUHWND__@@@ATL@@@ATL@@QAEXXZ 1000760c f i sbSenderApp.obj
 0001:00006629       ?RemoveAll@?$CSimpleMap@KPAVCMessageLoop@WTL@@V?$CSimpleMapEqualHelper@KPAVCMessageLoop@WTL@@@ATL@@@ATL@@QAEXXZ 10007629 f i sbSenderApp.obj
 0001:00006655       ?RemoveAll@?$CSimpleMap@PA_WPA_WVCExpansionVectorEqualHelper@ATL@@@ATL@@QAEXXZ 10007655 f i sbSenderApp.obj
 0001:00006681       ?ResourceRegister@CRegObject@ATL@@QAGJPB_WI0@Z 10007681 f i sbSenderApp.obj
 0001:000066b4       ?ResourceRegisterSz@CRegObject@ATL@@QAGJPB_W00@Z 100076b4 f i sbSenderApp.obj
 0001:000066f6       ?ResourceUnregister@CRegObject@ATL@@QAGJPB_WI0@Z 100076f6 f i sbSenderApp.obj
 0001:00006728       ?ResourceUnregisterSz@CRegObject@ATL@@QAGJPB_W00@Z 10007728 f i sbSenderApp.obj
 0001:00006767       ?SetDWORDValue@CRegKey@ATL@@QAEJPB_WK@Z 10007767 f i sbSenderApp.obj
 0001:00006783       ?SetMultiStringValue@CRegKey@ATL@@QAEJPB_W0@Z 10007783 f i sbSenderApp.obj
 0001:000067cd       ?SetStringValue@CRegKey@ATL@@QAEJPB_W0K@Z 100077cd f i sbSenderApp.obj
 0001:00006807       ?SkipAssignment@CRegParser@ATL@@IAEJPA_W@Z 10007807 f i sbSenderApp.obj
 0001:0000686e       ?SkipWhiteSpace@CRegParser@ATL@@IAEXXZ 1000786e f i sbSenderApp.obj
 0001:00006890       ?StrChrW@CRegParser@ATL@@KAPA_WPA_W_W@Z 10007890 f i sbSenderApp.obj
 0001:000068bd       ?StrFromMap@CRegObject@ATL@@QAEPB_WPA_W@Z 100078bd f i sbSenderApp.obj
 0001:000068eb       ?T2COLE_EX@@YAPB_WPB_WI@Z  100078eb f i sbSenderApp.obj
 0001:000068f3       ?T2OLE_EX@@YAPA_WPA_WI@Z   100078f3 f i sbSenderApp.obj
 0001:000068fb       ?Term@CAppModule@WTL@@QAEXXZ 100078fb f i sbSenderApp.obj
 0001:00006922       ?Term@CAtlComModule@ATL@@QAEXXZ 10007922 f i sbSenderApp.obj
 0001:0000696c       ?Term@CAtlModule@ATL@@QAEXXZ 1000796c f i sbSenderApp.obj
 0001:000069a5       ?Term@CComCriticalSection@ATL@@QAEJXZ 100079a5 f i sbSenderApp.obj
 0001:000069af       ?Term@CComModule@ATL@@QAEXXZ 100079af f i sbSenderApp.obj
 0001:00006a07       ?TermSettingChangeNotify@CAppModule@WTL@@QAEXXZ 10007a07 f i sbSenderApp.obj
 0001:00006a73       ?Unlock@?$CComCritSecLock@VCComCriticalSection@ATL@@@ATL@@QAEXXZ 10007a73 f i sbSenderApp.obj
 0001:00006a84       ?Unlock@CAtlModule@ATL@@UAEJXZ 10007a84 f i sbSenderApp.obj
 0001:00006a8f       ?Unlock@CComCriticalSection@ATL@@QAEJXZ 10007a8f f i sbSenderApp.obj
 0001:00006a99       ?Unlock@CStaticDataInitCriticalSectionLock@WTL@@QAEXXZ 10007a99 f i sbSenderApp.obj
 0001:00006aaa       ?UpdateRegistryFromResource@CAtlModule@ATL@@QAGJIHPAU_ATL_REGMAP_ENTRY@2@@Z 10007aaa f i sbSenderApp.obj
 0001:00006c71       ?UpdateRegistryFromResource@CAtlModule@ATL@@QAGJPB_WHPAU_ATL_REGMAP_ENTRY@2@@Z 10007c71 f i sbSenderApp.obj
 0001:00006e3b       ?UpdateRegistryFromResource@CComModule@ATL@@UAGJIHPAU_ATL_REGMAP_ENTRY@2@@Z 10007e3b f i sbSenderApp.obj
 0001:00006e44       ?UpdateRegistryFromResource@CComModule@ATL@@UAGJPB_WHPAU_ATL_REGMAP_ENTRY@2@@Z 10007e44 f i sbSenderApp.obj
 0001:00006e4d       ?UpdateRegistryFromResourceD@CComModule@ATL@@UAGJIHPAU_ATL_REGMAP_ENTRY@2@@Z 10007e4d f i sbSenderApp.obj
 0001:00006e55       ?UpdateRegistryFromResourceD@CComModule@ATL@@UAGJPB_WHPAU_ATL_REGMAP_ENTRY@2@@Z 10007e55 f i sbSenderApp.obj
 0001:00006e5d       ?VTFromRegType@CRegParser@ATL@@KAHPB_WAAG@Z 10007e5d f i sbSenderApp.obj
 0001:00006ef4       ?_AtlGetConversionACP@ATL@@YGIXZ 10007ef4 f i sbSenderApp.obj
 0001:00006ef8       ?_AtlInitializeCriticalSectionEx@ATL@@YAHPAU_RTL_CRITICAL_SECTION@@KK@Z 10007ef8 f i sbSenderApp.obj
 0001:00006f09       ?_AtlRaiseException@ATL@@YAXKK@Z 10007f09 f i sbSenderApp.obj
 0001:00006f1e       ?memcpy_s@Checked@ATL@@YAXPAXIPBXI@Z 10007f1e f i sbSenderApp.obj
 0001:00006f3d       ?ocscpy_s@@YA_NPA_WIPB_W@Z 10007f3d f i sbSenderApp.obj
 0001:00006f76       ?ocslen@@YAHPB_W@Z         10007f76 f i sbSenderApp.obj
 0001:00006f89       ?tcsncpy_s@Checked@ATL@@YAHPA_WIPB_WI@Z 10007f89 f i sbSenderApp.obj
 0001:00006fa8       ?wcsstr@@YAPA_WPA_WPB_W@Z  10007fa8 f i sbSenderApp.obj
 0001:00006fb1       _DllMain@12                10007fb1 f   sbSenderApp.obj
 0001:00006fe2       _HRESULT_FROM_WIN32        10007fe2 f i sbSenderApp.obj
 0001:00006ff7       ??0?$CSimpleArray@GV?$CSimpleArrayEqualHelper@G@ATL@@@ATL@@QAE@XZ 10007ff7 f i StdAfx.obj
 0001:00007004       ??0?$CTraceCategoryEx@$00$0A@@ATL@@QAE@PB_W@Z 10008004 f i StdAfx.obj
 0001:00007009       ??0?$CTraceCategoryEx@$01$0A@@ATL@@QAE@PB_W@Z 10008009 f i StdAfx.obj
 0001:0000700e       ??0?$CTraceCategoryEx@$03$0A@@ATL@@QAE@PB_W@Z 1000800e f i StdAfx.obj
 0001:00007013       ??0?$CTraceCategoryEx@$07$0A@@ATL@@QAE@PB_W@Z 10008013 f i StdAfx.obj
 0001:00007018       ??0?$CTraceCategoryEx@$0BA@$0A@@ATL@@QAE@PB_W@Z 10008018 f i StdAfx.obj
 0001:0000701d       ??0?$CTraceCategoryEx@$0BAA@$0A@@ATL@@QAE@PB_W@Z 1000801d f i StdAfx.obj
 0001:00007022       ??0?$CTraceCategoryEx@$0BAAA@$0A@@ATL@@QAE@PB_W@Z 10008022 f i StdAfx.obj
 0001:00007027       ??0?$CTraceCategoryEx@$0BAAAA@$0A@@ATL@@QAE@PB_W@Z 10008027 f i StdAfx.obj
 0001:0000702c       ??0?$CTraceCategoryEx@$0BAAAAA@$0A@@ATL@@QAE@PB_W@Z 1000802c f i StdAfx.obj
 0001:00007031       ??0?$CTraceCategoryEx@$0CA@$0A@@ATL@@QAE@PB_W@Z 10008031 f i StdAfx.obj
 0001:00007036       ??0?$CTraceCategoryEx@$0CAA@$0A@@ATL@@QAE@PB_W@Z 10008036 f i StdAfx.obj
 0001:0000703b       ??0?$CTraceCategoryEx@$0CAAA@$0A@@ATL@@QAE@PB_W@Z 1000803b f i StdAfx.obj
 0001:00007040       ??0?$CTraceCategoryEx@$0CAAAA@$0A@@ATL@@QAE@PB_W@Z 10008040 f i StdAfx.obj
 0001:00007045       ??0?$CTraceCategoryEx@$0CAAAAA@$0A@@ATL@@QAE@PB_W@Z 10008045 f i StdAfx.obj
 0001:0000704a       ??0?$CTraceCategoryEx@$0EA@$0A@@ATL@@QAE@PB_W@Z 1000804a f i StdAfx.obj
 0001:0000704f       ??0?$CTraceCategoryEx@$0EAA@$0A@@ATL@@QAE@PB_W@Z 1000804f f i StdAfx.obj
 0001:00007054       ??0?$CTraceCategoryEx@$0EAAA@$0A@@ATL@@QAE@PB_W@Z 10008054 f i StdAfx.obj
 0001:00007059       ??0?$CTraceCategoryEx@$0EAAAA@$0A@@ATL@@QAE@PB_W@Z 10008059 f i StdAfx.obj
 0001:0000705e       ??0?$CTraceCategoryEx@$0EAAAAA@$0A@@ATL@@QAE@PB_W@Z 1000805e f i StdAfx.obj
 0001:00007063       ??0?$CTraceCategoryEx@$0IA@$0A@@ATL@@QAE@PB_W@Z 10008063 f i StdAfx.obj
 0001:00007068       ??0?$CTraceCategoryEx@$0IAA@$0A@@ATL@@QAE@PB_W@Z 10008068 f i StdAfx.obj
 0001:0000706d       ??0?$CTraceCategoryEx@$0IAAA@$0A@@ATL@@QAE@PB_W@Z 1000806d f i StdAfx.obj
 0001:00007072       ??0?$CTraceCategoryEx@$0IAAAA@$0A@@ATL@@QAE@PB_W@Z 10008072 f i StdAfx.obj
 0001:00007077       ??0CAtlWinModule@ATL@@QAE@XZ 10008077 f i StdAfx.obj
 0001:0000709d       ??0CTraceCategory@ATL@@QAE@PB_W@Z 1000809d f i StdAfx.obj
 0001:000070a2       ??0_ATL_WIN_MODULE70@ATL@@QAE@XZ 100080a2 f i StdAfx.obj
 0001:000070c5       ??1?$CSimpleArray@GV?$CSimpleArrayEqualHelper@G@ATL@@@ATL@@QAE@XZ 100080c5 f i StdAfx.obj
 0001:000070ca       ??1CAtlWinModule@ATL@@QAE@XZ 100080ca f i StdAfx.obj
 0001:000070e2       ??1CComBSTR@ATL@@QAE@XZ    100080e2 f i StdAfx.obj
 0001:000070eb       ??1_ATL_WIN_MODULE70@ATL@@QAE@XZ 100080eb f i StdAfx.obj
 0001:000070f3       ??1stringdispid@CComTypeInfoHolder@ATL@@QAE@XZ 100080f3 f i StdAfx.obj
 0001:000070fc       ??A?$CSimpleArray@GV?$CSimpleArrayEqualHelper@G@ATL@@@ATL@@QAEAAGH@Z 100080fc f i StdAfx.obj
 0001:00007126       ??_Estringdispid@CComTypeInfoHolder@ATL@@QAEPAXI@Z 10008126 f i StdAfx.obj
 0001:00007173       ?AtlWinModuleInit@ATL@@YGJPAU_ATL_WIN_MODULE70@1@@Z 10008173 f i StdAfx.obj
 0001:00007199       ?AtlWinModuleTerm@ATL@@YGJPAU_ATL_WIN_MODULE70@1@PAUHINSTANCE__@@@Z 10008199 f i StdAfx.obj
 0001:000071f8       ?GetSize@?$CSimpleArray@GV?$CSimpleArrayEqualHelper@G@ATL@@@ATL@@QBEHXZ 100081f8 f i StdAfx.obj
 0001:000071fc       ?RemoveAll@?$CSimpleArray@GV?$CSimpleArrayEqualHelper@G@ATL@@@ATL@@QAEXXZ 100081fc f i StdAfx.obj
 0001:00007219       ?Term@CAtlWinModule@ATL@@QAEXXZ 10008219 f i StdAfx.obj
 0001:00007226       _PathFileExistsW@4         10008226 f   shlwapi:SHLWAPI.dll
 0001:0000722c       _PathAppendW@8             1000822c f   shlwapi:SHLWAPI.dll
 0001:00007232       _PathRemoveExtensionW@4    10008232 f   shlwapi:SHLWAPI.dll
 0001:00007238       _PathStripPathW@4          10008238 f   shlwapi:SHLWAPI.dll
 0001:0000723e       _InterlockedIncrement@4    1000823e f   kernel32:KERNEL32.dll
 0001:00007244       _InterlockedDecrement@4    10008244 f   kernel32:KERNEL32.dll
 0001:0000724a       _GetProcAddress@8          1000824a f   kernel32:KERNEL32.dll
 0001:00007250       _LocalFree@4               10008250 f   kernel32:KERNEL32.dll
 0001:00007256       _GetCurrentProcess@0       10008256 f   kernel32:KERNEL32.dll
 0001:0000725c       _GetCurrentProcessId@0     1000825c f   kernel32:KERNEL32.dll
 0001:00007262       _GetCurrentThreadId@0      10008262 f   kernel32:KERNEL32.dll
 0001:00007268       _GetProcessId@4            10008268 f   kernel32:KERNEL32.dll
 0001:0000726e       _OpenThread@12             1000826e f   kernel32:KERNEL32.dll
 0001:00007274       _GetLastError@0            10008274 f   kernel32:KERNEL32.dll
 0001:0000727a       _GetThreadContext@8        1000827a f   kernel32:KERNEL32.dll
 0001:00007280       _SuspendThread@4           10008280 f   kernel32:KERNEL32.dll
 0001:00007286       _ResumeThread@4            10008286 f   kernel32:KERNEL32.dll
 0001:0000728c       _CloseHandle@4             1000828c f   kernel32:KERNEL32.dll
 0001:00007292       _FormatMessageW@28         10008292 f   kernel32:KERNEL32.dll
 0001:00007298       _lstrlenW@4                10008298 f   kernel32:KERNEL32.dll
 0001:0000729e       _LoadLibraryW@4            1000829e f   kernel32:KERNEL32.dll
 0001:000072a4       _GetTempPathW@8            100082a4 f   kernel32:KERNEL32.dll
 0001:000072aa       _CreateFileW@28            100082aa f   kernel32:KERNEL32.dll
 0001:000072b0       _DeleteFileW@4             100082b0 f   kernel32:KERNEL32.dll
 0001:000072b6       _CreateToolhelp32Snapshot@8 100082b6 f   kernel32:KERNEL32.dll
 0001:000072bc       _Thread32First@8           100082bc f   kernel32:KERNEL32.dll
 0001:000072c2       _Thread32Next@8            100082c2 f   kernel32:KERNEL32.dll
 0001:000072c8       _InterlockedExchange@8     100082c8 f   kernel32:KERNEL32.dll
 0001:000072ce       _FreeLibrary@4             100082ce f   kernel32:KERNEL32.dll
 0001:000072d4       _FlushInstructionCache@12  100082d4 f   kernel32:KERNEL32.dll
 0001:000072da       _VirtualProtect@16         100082da f   kernel32:KERNEL32.dll
 0001:000072e0       _VirtualQuery@12           100082e0 f   kernel32:KERNEL32.dll
 0001:000072e6       _OpenProcess@12            100082e6 f   kernel32:KERNEL32.dll
 0001:000072ec       _TerminateProcess@8        100082ec f   kernel32:KERNEL32.dll
 0001:000072f2       _SetUnhandledExceptionFilter@4 100082f2 f   kernel32:KERNEL32.dll
 0001:000072f8       _SetErrorMode@4            100082f8 f   kernel32:KERNEL32.dll
 0001:000072fe       _DebugBreak@0              100082fe f   kernel32:KERNEL32.dll
 0001:00007304       _WaitForSingleObject@8     10008304 f   kernel32:KERNEL32.dll
 0001:0000730a       _GetSystemTime@4           1000830a f   kernel32:KERNEL32.dll
 0001:00007310       _SystemTimeToFileTime@8    10008310 f   kernel32:KERNEL32.dll
 0001:00007316       _lstrlenA@4                10008316 f   kernel32:KERNEL32.dll
 0001:0000731c       _GetModuleFileNameW@12     1000831c f   kernel32:KERNEL32.dll
 0001:00007322       _GetModuleHandleW@4        10008322 f   kernel32:KERNEL32.dll
 0001:00007328       _CreateProcessW@40         10008328 f   kernel32:KERNEL32.dll
 0001:0000732e       _OutputDebugStringW@4      1000832e f   kernel32:KERNEL32.dll
 0001:00007334       _WritePrivateProfileStringW@16 10008334 f   kernel32:KERNEL32.dll
 0001:0000733a       _DecodePointer@4           1000833a f   kernel32:KERNEL32.dll
 0001:00007340       _RaiseException@16         10008340 f   kernel32:KERNEL32.dll
 0001:00007346       _EnterCriticalSection@4    10008346 f   kernel32:KERNEL32.dll
 0001:0000734c       _LeaveCriticalSection@4    1000834c f   kernel32:KERNEL32.dll
 0001:00007352       _InitializeCriticalSectionAndSpinCount@8 10008352 f   kernel32:KERNEL32.dll
 0001:00007358       _DeleteCriticalSection@4   10008358 f   kernel32:KERNEL32.dll
 0001:0000735e       _LoadResource@8            1000835e f   kernel32:KERNEL32.dll
 0001:00007364       _SizeofResource@8          10008364 f   kernel32:KERNEL32.dll
 0001:0000736a       _lstrcmpiW@8               1000836a f   kernel32:KERNEL32.dll
 0001:00007370       _LoadLibraryExW@12         10008370 f   kernel32:KERNEL32.dll
 0001:00007376       _FindResourceW@12          10008376 f   kernel32:KERNEL32.dll
 0001:0000737c       _MultiByteToWideChar@24    1000837c f   kernel32:KERNEL32.dll
 0001:00007382       _CharUpperW@4              10008382 f   user32:USER32.dll
 0001:00007388       _MessageBoxW@16            10008388 f   user32:USER32.dll
 0001:0000738e       _LoadStringW@16            1000838e f   user32:USER32.dll
 0001:00007394       _wvsprintfW@12             10008394 f   user32:USER32.dll
 0001:0000739a       _CharLowerW@4              1000839a f   user32:USER32.dll
 0001:000073a0       _CharNextW@4               100083a0 f   user32:USER32.dll
 0001:000073a6       _DestroyWindow@4           100083a6 f   user32:USER32.dll
 0001:000073ac       _UnregisterClassW@8        100083ac f   user32:USER32.dll
 0001:000073b2       _RegCloseKey@4             100083b2 f   advapi32:ADVAPI32.dll
 0001:000073b8       _RegCreateKeyW@12          100083b8 f   advapi32:ADVAPI32.dll
 0001:000073be       _RegOpenKeyW@12            100083be f   advapi32:ADVAPI32.dll
 0001:000073c4       _RegQueryValueExW@24       100083c4 f   advapi32:ADVAPI32.dll
 0001:000073ca       _RegSetValueExW@24         100083ca f   advapi32:ADVAPI32.dll
 0001:000073d0       _RegCreateKeyExW@36        100083d0 f   advapi32:ADVAPI32.dll
 0001:000073d6       _RegDeleteKeyW@8           100083d6 f   advapi32:ADVAPI32.dll
 0001:000073dc       _RegDeleteValueW@8         100083dc f   advapi32:ADVAPI32.dll
 0001:000073e2       _RegEnumKeyExW@32          100083e2 f   advapi32:ADVAPI32.dll
 0001:000073e8       _RegOpenKeyExW@20          100083e8 f   advapi32:ADVAPI32.dll
 0001:000073ee       _RegQueryInfoKeyW@48       100083ee f   advapi32:ADVAPI32.dll
 0001:000073f4       _CoCreateInstance@20       100083f4 f   ole32:ole32.dll
 0001:000073fa       _CoTaskMemAlloc@4          100083fa f   ole32:ole32.dll
 0001:00007400       _CoTaskMemRealloc@8        10008400 f   ole32:ole32.dll
 0001:00007406       _CoTaskMemFree@4           10008406 f   ole32:ole32.dll
 0001:0000740c       _VarUI4FromStr@16          1000840c f   oleaut32:OLEAUT32.dll
 0001:00007412       _SysFreeString@4           10008412 f   oleaut32:OLEAUT32.dll
 0001:00007418       ??$?2PAUHINSTANCE__@@@Wrapper@?$CSimpleArray@PAUHINSTANCE__@@V?$CSimpleArrayEqualHelper@PAUHINSTANCE__@@@ATL@@@ATL@@SAPAXIPAPAUHINSTANCE__@@@Z 10008418 f i atls:atlbase.obj
 0001:00007420       ??0?$CSimpleArray@PAUHINSTANCE__@@V?$CSimpleArrayEqualHelper@PAUHINSTANCE__@@@ATL@@@ATL@@QAE@XZ 10008420 f i atls:atlbase.obj
 0001:0000742d       ??0CAtlBaseModule@ATL@@QAE@XZ 1000842d f   atls:atlbase.obj
 0001:00007480       ??0Wrapper@?$CSimpleArray@PAUHINSTANCE__@@V?$CSimpleArrayEqualHelper@PAUHINSTANCE__@@@ATL@@@ATL@@QAE@ABQAUHINSTANCE__@@@Z 10008480 f i atls:atlbase.obj
 0001:00007490       ??0_ATL_BASE_MODULE70@ATL@@QAE@XZ 10008490 f i atls:atlbase.obj
 0001:000074b3       ??1?$CSimpleArray@PAUHINSTANCE__@@V?$CSimpleArrayEqualHelper@PAUHINSTANCE__@@@ATL@@@ATL@@QAE@XZ 100084b3 f i atls:atlbase.obj
 0001:000074b8       ??1CAtlBaseModule@ATL@@QAE@XZ 100084b8 f   atls:atlbase.obj
 0001:000074ce       ??1_ATL_BASE_MODULE70@ATL@@QAE@XZ 100084ce f i atls:atlbase.obj
 0001:000074d6       ??A?$CSimpleArray@PAUHINSTANCE__@@V?$CSimpleArrayEqualHelper@PAUHINSTANCE__@@@ATL@@@ATL@@QAEAAPAUHINSTANCE__@@H@Z 100084d6 f i atls:atlbase.obj
 0001:00007500       ?Add@?$CSimpleArray@PAUHINSTANCE__@@V?$CSimpleArrayEqualHelper@PAUHINSTANCE__@@@ATL@@@ATL@@QAEHABQAUHINSTANCE__@@@Z 10008500 f i atls:atlbase.obj
 0001:00007578       ?AddResourceInstance@CAtlBaseModule@ATL@@QAE_NPAUHINSTANCE__@@@Z 10008578 f   atls:atlbase.obj
 0001:000075ab       ?GetHInstanceAt@CAtlBaseModule@ATL@@QAEPAUHINSTANCE__@@H@Z 100085ab f   atls:atlbase.obj
 0001:000075f0       ?GetSize@?$CSimpleArray@PAUHINSTANCE__@@V?$CSimpleArrayEqualHelper@PAUHINSTANCE__@@@ATL@@@ATL@@QBEHXZ 100085f0 f i atls:atlbase.obj
 0001:000075f4       ?InternalSetAtIndex@?$CSimpleArray@PAUHINSTANCE__@@V?$CSimpleArrayEqualHelper@PAUHINSTANCE__@@@ATL@@@ATL@@QAEXHABQAUHINSTANCE__@@@Z 100085f4 f i atls:atlbase.obj
 0001:0000760e       ?RemoveAll@?$CSimpleArray@PAUHINSTANCE__@@V?$CSimpleArrayEqualHelper@PAUHINSTANCE__@@@ATL@@@ATL@@QAEXXZ 1000860e f i atls:atlbase.obj
 0001:0000762b       ?RemoveAt@?$CSimpleArray@PAUHINSTANCE__@@V?$CSimpleArrayEqualHelper@PAUHINSTANCE__@@@ATL@@@ATL@@QAEHH@Z 1000862b f i atls:atlbase.obj
 0001:00007673       ?RemoveResourceInstance@CAtlBaseModule@ATL@@QAE_NPAUHINSTANCE__@@@Z 10008673 f   atls:atlbase.obj
 0001:000076d2       ?memmove_s@Checked@ATL@@YAXPAXIPBXI@Z 100086d2 f i atls:atlbase.obj
 0001:000076f1       ??_I@YGXPAXIHP6EX0@Z@Z     100086f1 f i atls:stdafx.obj
 0001:00007717       ??3@YAXPAX@Z               10008717 f   LIBCMT:delete.obj
 0001:0000771c       ??_M@YGXPAXIHP6EX0@Z@Z     1000871c f   LIBCMT:ehvecdtr.obj
 0001:000077a4       ?__ArrayUnwind@@YGXPAXIHP6EX0@Z@Z 100087a4 f   LIBCMT:ehvecdtr.obj
 0001:00007802       ___copy_path_to_wide_string 10008802 f   LIBCMT:crt0dat.obj
 0001:000078b4       ___copy_to_char            100088b4 f   LIBCMT:crt0dat.obj
 0001:00007969       ___crtCorExitProcess       10008969 f   LIBCMT:crt0dat.obj
 0001:0000799d       ___crtExitProcess          1000899d f   LIBCMT:crt0dat.obj
 0001:000079b3       ___freeCrtMemory           100089b3 f   LIBCMT:crt0dat.obj
 0001:00007ac0       __amsg_exit                10008ac0 f   LIBCMT:crt0dat.obj
 0001:00007adc       __c_exit                   10008adc f   LIBCMT:crt0dat.obj
 0001:00007aeb       __cexit                    10008aeb f   LIBCMT:crt0dat.obj
 0001:00007afa       __cinit                    10008afa f   LIBCMT:crt0dat.obj
 0001:00007b7e       __exit                     10008b7e f   LIBCMT:crt0dat.obj
 0001:00007b92       __exit_app                 10008b92 f   LIBCMT:crt0dat.obj
 0001:00007ba0       __get_pgmptr               10008ba0 f   LIBCMT:crt0dat.obj
 0001:00007bcf       __get_wpgmptr              10008bcf f   LIBCMT:crt0dat.obj
 0001:00007bfe       __init_pointers            10008bfe f   LIBCMT:crt0dat.obj
 0001:00007c6c       __initterm_e               10008c6c f   LIBCMT:crt0dat.obj
 0001:00007c8e       __lockexit                 10008c8e f   LIBCMT:crt0dat.obj
 0001:00007c97       __unlockexit               10008c97 f   LIBCMT:crt0dat.obj
 0001:00007dcf       _exit                      10008dcf f   LIBCMT:crt0dat.obj
 0001:00007de3       ??_U@YAPAXI@Z              10008de3 f   LIBCMT:new2.obj
 0001:00007dec       ??_V@YAXPAX@Z              10008dec f   LIBCMT:delete2.obj
 0001:00007e00       _memcpy                    10008e00 f   LIBCMT:memcpy.obj
 0001:00008450       _memset                    10009450 f   LIBCMT:memset.obj
 0001:000084e0       _wcscpy_s                  100094e0 f   LIBCMT:wcscpy_s.obj
 0001:0000853c       _wcsstr                    1000953c f   LIBCMT:wcsstr.obj
 0001:000087cf       ___swprintf_l              100097cf f   LIBCMT:swprintf.obj
 0001:000087e9       __scwprintf                100097e9 f   LIBCMT:swprintf.obj
 0001:000087fc       __scwprintf_l              100097fc f   LIBCMT:swprintf.obj
 0001:00008813       __scwprintf_p              10009813 f   LIBCMT:swprintf.obj
 0001:00008826       __scwprintf_p_l            10009826 f   LIBCMT:swprintf.obj
 0001:0000883d       __snwprintf_s              1000983d f   LIBCMT:swprintf.obj
 0001:0000885c       __snwprintf_s_l            1000985c f   LIBCMT:swprintf.obj
 0001:0000887c       __swprintf                 1000987c f   LIBCMT:swprintf.obj
 0001:0000891f       __swprintf_p               1000991f f   LIBCMT:swprintf.obj
 0001:0000893b       __swprintf_p_l             1000993b f   LIBCMT:swprintf.obj
 0001:00008958       __swprintf_s_l             10009958 f   LIBCMT:swprintf.obj
 0001:00008975       _swprintf_s                10009975 f   LIBCMT:swprintf.obj
 0001:00008991       @__security_check_cookie@4 10009991 f   LIBCMT:secchk.obj
 0001:000089a0       __CxxThrowException@8      100099a0 f   LIBCMT:throw.obj
 0001:00008a03       __EH_epilog3               10009a03 f   LIBCMT:ehprolg3.obj
 0001:00008a17       __EH_epilog3_GS            10009a17 f   LIBCMT:ehprolg3.obj
 0001:00008a26       __EH_epilog3_catch_GS      10009a26 f   LIBCMT:ehprolg3.obj
 0001:00008a35       __EH_prolog3               10009a35 f   LIBCMT:ehprolg3.obj
 0001:00008a68       __EH_prolog3_GS            10009a68 f   LIBCMT:ehprolg3.obj
 0001:00008a9e       __EH_prolog3_catch         10009a9e f   LIBCMT:ehprolg3.obj
 0001:00008ad4       __EH_prolog3_catch_GS      10009ad4 f   LIBCMT:ehprolg3.obj
 0001:00008b10       __SEH_prolog4              10009b10 f   LIBCMT:sehprolg4.obj
 0001:00008b55       __SEH_epilog4              10009b55 f   LIBCMT:sehprolg4.obj
 0001:00008c39       ?_CallCatchBlock2@@YAPAXPAUEHRegistrationNode@@PBU_s_FuncInfo@@PAXHK@Z 10009c39 f   LIBCMT:_trnsctrl_.obj
 0001:00008c99       ?_CallMemberFunction0@@YGXPAX0@Z 10009c99 f   LIBCMT:_trnsctrl_.obj
 0001:00008ca0       ?_CallMemberFunction1@@YGXPAX00@Z 10009ca0 f   LIBCMT:_trnsctrl_.obj
 0001:00008ca7       ?_CallMemberFunction2@@YGXPAX00H@Z 10009ca7 f   LIBCMT:_trnsctrl_.obj
 0001:00008cae       ?_CallSETranslator@@YAHPAUEHExceptionRecord@@PAUEHRegistrationNode@@PAX2PBU_s_FuncInfo@@H1@Z 10009cae f   LIBCMT:_trnsctrl_.obj
 0001:00008d85       ?_GetRangeOfTrysToCheck@@YAPBU_s_TryBlockMapEntry@@PBU_s_FuncInfo@@HHPAI1@Z 10009d85 f   LIBCMT:_trnsctrl_.obj
 0001:00008e03       ?_JumpToContinuation@@YGXPAXPAUEHRegistrationNode@@@Z 10009e03 f   LIBCMT:_trnsctrl_.obj
 0001:00008e35       ?_UnwindNestedFrames@@YGXPAUEHRegistrationNode@@PAUEHExceptionRecord@@@Z 10009e35 f   LIBCMT:_trnsctrl_.obj
 0001:00008e8a       __CreateFrameInfo          10009e8a f   LIBCMT:_trnsctrl_.obj
 0001:00008eb4       __FindAndUnlinkFrame       10009eb4 f   LIBCMT:_trnsctrl_.obj
 0001:00008f04       __IsExceptionObjectToBeDestroyed 10009f04 f   LIBCMT:_trnsctrl_.obj
 0001:00008f2d       ___CxxFrameHandler         10009f2d f   LIBCMT:_trnsctrl_.obj
 0001:00008f63       ___CxxFrameHandler2        10009f63 f   LIBCMT:_trnsctrl_.obj
 0001:00008f99       ___CxxFrameHandler3        10009f99 f   LIBCMT:_trnsctrl_.obj
 0001:00008fcf       ___CxxLongjmpUnwind@4      10009fcf f   LIBCMT:_trnsctrl_.obj
 0001:00009030       __except_handler4          1000a030 f   LIBCMT:chandler4.obj
 0001:000091c4       ??0type_info@@AAE@ABV0@@Z  1000a1c4 f   LIBCMT:typinfo.obj
 0001:000091cf       ??1type_info@@UAE@XZ       1000a1cf f   LIBCMT:typinfo.obj
 0001:000091dd       ??4type_info@@AAEAAV0@ABV0@@Z 1000a1dd f   LIBCMT:typinfo.obj
 0001:000091e2       ??8type_info@@QBE_NABV0@@Z 1000a1e2 f   LIBCMT:typinfo.obj
 0001:00009200       ??9type_info@@QBE_NABV0@@Z 1000a200 f   LIBCMT:typinfo.obj
 0001:0000921f       ??_Etype_info@@UAEPAXI@Z   1000a21f f i LIBCMT:typinfo.obj
 0001:0000921f       ??_Gtype_info@@UAEPAXI@Z   1000a21f f i LIBCMT:typinfo.obj
 0001:0000923e       ?_name_internal_method@type_info@@QBEPBDPAU__type_info_node@@@Z 1000a23e f   LIBCMT:typinfo.obj
 0001:00009250       ?_type_info_dtor_internal_method@type_info@@QAEXXZ 1000a250 f   LIBCMT:typinfo.obj
 0001:00009258       ?before@type_info@@QBE_NABV1@@Z 1000a258 f   LIBCMT:typinfo.obj
 0001:00009278       ?name@type_info@@QBEPBDPAU__type_info_node@@@Z 1000a278 f   LIBCMT:typinfo.obj
 0001:0000928a       ?raw_name@type_info@@QBEPBDXZ 1000a28a f   LIBCMT:typinfo.obj
 0001:0000928e       __get_purecall_handler     1000a28e f   LIBCMT:purevirt.obj
 0001:0000929b       __purecall                 1000a29b f   LIBCMT:purevirt.obj
 0001:000092bd       __set_purecall_handler     1000a2bd f   LIBCMT:purevirt.obj
 0001:000092e2       ??0bad_alloc@std@@QAE@ABV01@@Z 1000a2e2 f i LIBCMT:new.obj
 0001:000092fd       ??0bad_alloc@std@@QAE@XZ   1000a2fd f i LIBCMT:new.obj
 0001:00009323       ??1bad_alloc@std@@UAE@XZ   1000a323 f i LIBCMT:new.obj
 0001:0000932e       ??2@YAPAXI@Z               1000a32e f   LIBCMT:new.obj
 0001:0000937f       ??_Gbad_alloc@std@@UAEPAXI@Z 1000a37f f i LIBCMT:new.obj
 0001:0000937f       ??_Ebad_alloc@std@@UAEPAXI@Z 1000a37f f i LIBCMT:new.obj
 0001:000093a4       ___onexitinit              1000a3a4 f   LIBCMT:onexit.obj
 0001:000093d3       __onexit                   1000a3d3 f   LIBCMT:onexit.obj
 0001:000094cf       _atexit                    1000a4cf f   LIBCMT:onexit.obj
 0001:000094e4       ?_invalid_parameter@@YAXPBG00II@Z 1000a4e4 f   LIBCMT:invarg.obj
 0001:000094e9       ?_invoke_watson@@YAXPBG00II@Z 1000a4e9 f   LIBCMT:invarg.obj
 0001:00009501       __call_reportfault         1000a501 f   LIBCMT:invarg.obj
 0001:00009626       __get_invalid_parameter_handler 1000a626 f   LIBCMT:invarg.obj
 0001:00009633       __initp_misc_invarg        1000a633 f   LIBCMT:invarg.obj
 0001:00009640       __invalid_parameter        1000a640 f   LIBCMT:invarg.obj
 0001:0000966b       __invalid_parameter_noinfo 1000a66b f   LIBCMT:invarg.obj
 0001:0000967b       __invalid_parameter_noinfo_noreturn 1000a67b f   LIBCMT:invarg.obj
 0001:00009696       __invoke_watson            1000a696 f   LIBCMT:invarg.obj
 0001:000096c1       __set_invalid_parameter_handler 1000a6c1 f   LIBCMT:invarg.obj
 0001:000096e6       __set_abort_behavior       1000a6e6 f   LIBCMT:abort.obj
 0001:00009705       _abort                     1000a705 f   LIBCMT:abort.obj
 0001:00009748       __wtoi                     1000a748 f   LIBCMT:wtox.obj
 0001:00009751       __wtoi64                   1000a751 f   LIBCMT:wtox.obj
 0001:00009765       __wtoi64_l                 1000a765 f   LIBCMT:wtox.obj
 0001:0000977c       __wtoi_l                   1000a77c f   LIBCMT:wtox.obj
 0001:00009785       __wtol                     1000a785 f   LIBCMT:wtox.obj
 0001:00009799       __wtol_l                   1000a799 f   LIBCMT:wtox.obj
 0001:000097b0       __wtoll                    1000a7b0 f   LIBCMT:wtox.obj
 0001:000097c4       __wtoll_l                  1000a7c4 f   LIBCMT:wtox.obj
 0001:000097db       ??0_LocaleUpdate@@QAE@PAUlocaleinfo_struct@@@Z 1000a7db f i LIBCMT:_wctype.obj
 0001:00009863       ??1_LocaleUpdate@@QAE@XZ   1000a863 f i LIBCMT:_wctype.obj
 0001:00009871       ?GetLocaleT@_LocaleUpdate@@QAEPAUlocaleinfo_struct@@XZ 1000a871 f i LIBCMT:_wctype.obj
 0001:00009874       ___iswcsym                 1000a874 f i LIBCMT:_wctype.obj
 0001:00009898       ___iswcsymf                1000a898 f i LIBCMT:_wctype.obj
 0001:000098bc       __isleadbyte_l             1000a8bc f i LIBCMT:_wctype.obj
 0001:000098f6       __iswalnum_l               1000a8f6 f i LIBCMT:_wctype.obj
 0001:0000990a       __iswalpha_l               1000a90a f i LIBCMT:_wctype.obj
 0001:0000991e       __iswblank_l               1000a91e f i LIBCMT:_wctype.obj
 0001:00009939       __iswcntrl_l               1000a939 f i LIBCMT:_wctype.obj
 0001:0000994a       __iswcsym_l                1000a94a f i LIBCMT:_wctype.obj
 0001:0000996e       __iswcsymf_l               1000a96e f i LIBCMT:_wctype.obj
 0001:00009992       __iswdigit_l               1000a992 f i LIBCMT:_wctype.obj
 0001:000099a3       __iswgraph_l               1000a9a3 f i LIBCMT:_wctype.obj
 0001:000099b7       __iswlower_l               1000a9b7 f i LIBCMT:_wctype.obj
 0001:000099c8       __iswprint_l               1000a9c8 f i LIBCMT:_wctype.obj
 0001:000099dc       __iswpunct_l               1000a9dc f i LIBCMT:_wctype.obj
 0001:000099ed       __iswspace_l               1000a9ed f i LIBCMT:_wctype.obj
 0001:000099fe       __iswupper_l               1000a9fe f i LIBCMT:_wctype.obj
 0001:00009a0f       __iswxdigit_l              1000aa0f f i LIBCMT:_wctype.obj
 0001:00009a23       _isleadbyte                1000aa23 f i LIBCMT:_wctype.obj
 0001:00009a34       _iswalnum                  1000aa34 f i LIBCMT:_wctype.obj
 0001:00009a48       _iswalpha                  1000aa48 f i LIBCMT:_wctype.obj
 0001:00009a5c       _iswascii                  1000aa5c f i LIBCMT:_wctype.obj
 0001:00009a6e       _iswblank                  1000aa6e f i LIBCMT:_wctype.obj
 0001:00009a89       _iswcntrl                  1000aa89 f i LIBCMT:_wctype.obj
 0001:00009a9a       _iswdigit                  1000aa9a f i LIBCMT:_wctype.obj
 0001:00009aab       _iswgraph                  1000aaab f i LIBCMT:_wctype.obj
 0001:00009abf       _iswlower                  1000aabf f i LIBCMT:_wctype.obj
 0001:00009ad0       _iswprint                  1000aad0 f i LIBCMT:_wctype.obj
 0001:00009ae4       _iswpunct                  1000aae4 f i LIBCMT:_wctype.obj
 0001:00009af5       _iswspace                  1000aaf5 f i LIBCMT:_wctype.obj
 0001:00009b06       _iswupper                  1000ab06 f i LIBCMT:_wctype.obj
 0001:00009b17       _iswxdigit                 1000ab17 f i LIBCMT:_wctype.obj
[...]
 0002:0000acf8       __sehtable$?_Name_base_internal@type_info@@CAPBDPBV1@PAU__type_info_node@@@Z 10042cf8     LIBCMT:typname.obj
 0002:0000ad18       __sehtable$?_Type_info_dtor_internal@type_info@@CAXPAV1@@Z 10042d18     LIBCMT:typname.obj
 0002:0000ad38       __sehtable$___clean_type_info_names_internal 10042d38     LIBCMT:typname.obj
 0002:0000ad58       __sehtable$___updatetlocinfo 10042d58     LIBCMT:localref.obj
 0002:0000ad78       __sehtable$_vfwprintf_helper 10042d78     LIBCMT:vfwprint.obj
 0002:0000ad98       __sehtable$_vwprintf_helper 10042d98     LIBCMT:vwprintf.obj
 0002:0000adb8       __sehtable$__getstream     10042db8     LIBCMT:stream.obj
 0002:0000add8       __sehtable$__tzset         10042dd8     LIBCMT:tzset.obj
 0002:0000adf8       __sehtable$__isindst       10042df8     LIBCMT:tzset.obj
 0002:0000ae18       __sehtable$___tzset        10042e18     LIBCMT:tzset.obj
 0002:0000ae38       __sehtable$__tzset_nolock  10042e38     LIBCMT:tzset.obj
 0002:0000ae58       __sehtable$__close         10042e58     LIBCMT:close.obj
 0002:0000ae78       __sehtable$_fflush         10042e78     LIBCMT:fflush.obj
 0002:0000ae98       __sehtable$_flsall         10042e98     LIBCMT:fflush.obj
 0002:0000aec0       __sehtable$___set_fpsr_sse2 10042ec0     LIBCMT:fpctrl.obj
 0002:0000aedc       __catchsym$??2@YAPAXIABUnothrow_t@std@@@Z$2 10042edc     LIBCMT:newopnt.obj
 0002:0000aeec       __unwindtable$??2@YAPAXIABUnothrow_t@std@@@Z 10042eec     LIBCMT:newopnt.obj
 0002:0000aefc       __tryblocktable$??2@YAPAXIABUnothrow_t@std@@@Z 10042efc     LIBCMT:newopnt.obj
 0002:0000af10       __ehfuncinfo$??2@YAPAXIABUnothrow_t@std@@@Z 10042f10     LIBCMT:newopnt.obj
 0002:0000af38       __sehtable$__ioinit        10042f38     LIBCMT:ioinit.obj
 0002:0000af58       __sehtable$__write         10042f58     LIBCMT:write.obj
 0002:0000af78       __sehtable$__lseeki64      10042f78     LIBCMT:lseeki64.obj
 0002:0000af98       __sehtable$_printf         10042f98     LIBCMT:printf.obj
 0002:0000afb8       __sehtable$_fputwc         10042fb8     LIBCMT:fputwc.obj
 0002:0000afd8       __sehtable$___unDName      10042fd8     LIBCMT:undname.obj
 0002:0000aff8       __sehtable$___unDNameEx    10042ff8     LIBCMT:undname.obj
 0002:0000b018       __sehtable$__get_current_locale 10043018     LIBCMT:wsetloca.obj
 0002:0000b040       __sehtable$__free_locale   10043040     LIBCMT:wsetloca.obj
 0002:0000b068       __sehtable$__wsetlocale    10043068     LIBCMT:wsetloca.obj
 0002:0000b0a0       __sehtable$__locterm       100430a0     LIBCMT:wsetloca.obj
 0002:0000b0c0       __sehtable$__fcloseall     100430c0     LIBCMT:closeall.obj
 0002:0000b0e0       __sehtable$__wsopen_helper 100430e0     LIBCMT:wopen.obj
 0002:0000b100       __sehtable$__wopen         10043100     LIBCMT:wopen.obj
 0002:0000b120       __sehtable$_getenv         10043120     LIBCMT:getenv.obj
 0002:0000b140       __sehtable$_getenv_s       10043140     LIBCMT:getenv.obj
 0002:0000b160       __sehtable$__dupenv_s      10043160     LIBCMT:getenv.obj
 0002:0000b180       __sehtable$__alloc_osfhnd  10043180     LIBCMT:osfinfo.obj
 0002:0000b1a8       __sehtable$___lock_fhandle 100431a8     LIBCMT:osfinfo.obj
 0002:0000b1c8       __sehtable$__open_osfhandle 100431c8     LIBCMT:osfinfo.obj
 0002:0000b1e8       __sehtable$__commit        100431e8     LIBCMT:commit.obj
 0002:0000b208       __sehtable$__putwch        10043208     LIBCMT:putwch.obj
 0002:0000b228       __sehtable$_vprintf_helper 10043228     LIBCMT:vprintf.obj
 0002:0000b248       __sehtable$__chsize_s      10043248     LIBCMT:chsize.obj
 0002:0000b268       __sehtable$__read          10043268     LIBCMT:read.obj
 0002:0000b288       __sehtable$__setmode       10043288     LIBCMT:setmode.obj
 0002:0000b2a8       __sehtable$__putch         100432a8     LIBCMT:putch.obj
 0002:0000b490       .edata                     10043490     BugSplat.exp
 0002:0000b4b8       rgpv                       100434b8     BugSplat.exp
 0002:0000b55c       rgszName                   1004355c     BugSplat.exp
 0002:0000b600       rgwOrd                     10043600     BugSplat.exp
 0002:0000b652       szName                     10043652     BugSplat.exp
 0002:0000b65f       $N00001                    1004365f     BugSplat.exp
 0002:0000b676       $N00002                    10043676     BugSplat.exp
 0002:0000b694       $N00003                    10043694     BugSplat.exp
 0002:0000b6b5       $N00004                    100436b5     BugSplat.exp
 0002:0000b6ce       $N00005                    100436ce     BugSplat.exp
 0002:0000b6ee       $N00006                    100436ee     BugSplat.exp
 0002:0000b710       $N00007                    10043710     BugSplat.exp
 0002:0000b727       $N00008                    10043727     BugSplat.exp
 0002:0000b781       $N00009                    10043781     BugSplat.exp
 0002:0000b7ad       $N00010                    100437ad     BugSplat.exp
 0002:0000b7d6       $N00011                    100437d6     BugSplat.exp
 0002:0000b817       $N00012                    10043817     BugSplat.exp
 0002:0000b842       $N00013                    10043842     BugSplat.exp
 0002:0000b86e       $N00014                    1004386e     BugSplat.exp
 0002:0000b8a1       $N00015                    100438a1     BugSplat.exp
 0002:0000b8d5       $N00016                    100438d5     BugSplat.exp
 0002:0000b911       $N00017                    10043911     BugSplat.exp
 0002:0000b939       $N00018                    10043939     BugSplat.exp
 0002:0000b964       $N00019                    10043964     BugSplat.exp
 0002:0000b994       $N00020                    10043994     BugSplat.exp
 0002:0000b9ca       $N00021                    100439ca     BugSplat.exp
 0002:0000b9ea       $N00022                    100439ea     BugSplat.exp
 0002:0000ba28       $N00023                    10043a28     BugSplat.exp
 0002:0000ba54       $N00024                    10043a54     BugSplat.exp
 0002:0000ba71       $N00025                    10043a71     BugSplat.exp
 0002:0000baa2       $N00026                    10043aa2     BugSplat.exp
 0002:0000bad9       $N00027                    10043ad9     BugSplat.exp
 0002:0000bb0a       $N00028                    10043b0a     BugSplat.exp
 0002:0000bb38       $N00029                    10043b38     BugSplat.exp
 0002:0000bb66       $N00030                    10043b66     BugSplat.exp
 0002:0000bb94       $N00031                    10043b94     BugSplat.exp
 0002:0000bbc3       $N00032                    10043bc3     BugSplat.exp
 0002:0000bbf8       $N00033                    10043bf8     BugSplat.exp
 0002:0000bc27       $N00034                    10043c27     BugSplat.exp
 0002:0000bc55       $N00035                    10043c55     BugSplat.exp
 0002:0000bc77       $N00036                    10043c77     BugSplat.exp
 0002:0000bca6       $N00037                    10043ca6     BugSplat.exp
 0002:0000bcd0       $N00038                    10043cd0     BugSplat.exp
 0002:0000bd0d       $N00039                    10043d0d     BugSplat.exp
 0002:0000bd3b       $N00040                    10043d3b     BugSplat.exp
 0002:0000bd65       $N00041                    10043d65     BugSplat.exp
 0002:0000c126       .idata$6                   10044126     shlwapi:SHLWAPI.dll
 0002:0000c534       .idata$6                   10044534     kernel32:KERNEL32.dll
 0002:0000c5b8       .idata$6                   100445b8     user32:USER32.dll
 0002:0000c67e       .idata$6                   1004467e     advapi32:ADVAPI32.dll
 0002:0000c6d6       .idata$6                   100446d6     ole32:ole32.dll
 0002:0000c6e0       .idata$6                   100446e0     oleaut32:OLEAUT32.dll
 0002:0000c71e       .idata$6                   1004471e     version:VERSION.dll
 0002:0000c75a       .idata$6                   1004475a     Rpcrt4:RPCRT4.dll
 0003:00000060       __locktable                10045060     LIBCMT:mlock.obj
 0003:00000180       ?isPackaged@?1??__crtIsPackagedApp@@9@9 10045180     LIBCMT:winapisupp.obj
 0003:00000188       _errtable                  10045188     LIBCMT:dosmap.obj
 0003:000002f0       _ErrnoNoMem                100452f0     LIBCMT:dosmap.obj
 0003:000002f4       _DoserrorNoMem             100452f4     LIBCMT:dosmap.obj
 0003:00000748       ___rgctypeflag             10045748     LIBCMT:mbctype.obj
 0003:00000750       ___rgcode_page_info        10045750     LIBCMT:mbctype.obj
 0003:00000d08       _dststart                  10045d08     LIBCMT:tzset.obj
 0003:00000d14       _dstend                    10045d14     LIBCMT:tzset.obj
 0003:00000d30       _tzstd                     10045d30     LIBCMT:timeset.obj
 0003:00000d70       _tzdst                     10045d70     LIBCMT:timeset.obj
 0003:00000dc0       _NAME_                     10045dc0     LIBCMT:sqrt.obj
 0003:00000df0       ?_names@?1??_get_fname@@9@9 10045df0     LIBCMT:fpexcept.obj
 0003:00000ed8       _over                      10045ed8     LIBCMT:fpctrl.obj
 0003:00000ee4       _under                     10045ee4     LIBCMT:fpctrl.obj
 0003:00000ef0       ?__DAZ_ENABLED@?1??__set_fpsr_sse2@@9@9 10045ef0     LIBCMT:fpctrl.obj
 0003:00000f60       __ctype_loc_style          10045f60     LIBCMT:wsetloca.obj
 0003:00001058       _DoubleFormat              10046058     LIBCMT:intrncvt.obj
 0003:00001070       _FloatFormat               10046070     LIBCMT:intrncvt.obj
 0003:000018fc       _piecewise_construct       100468fc     mdump.obj
 0003:000018fd       _allocator_arg             100468fd     mdump.obj
 0003:00003910       ?szMFA@?3??SendReportThreaded@MiniDumper@@SGIPAX@Z@4PA_WA 10048910     mdump.obj
 0003:00003b18       ?szSendReport@?9??SendReportThreaded@MiniDumper@@SGIPAX@Z@4PA_WA 10048b18     mdump.obj
 0003:00003d20       ?szIniFile@?9??SendReportThreaded@MiniDumper@@SGIPAX@Z@4PA_WA 10048d20     mdump.obj
 0003:00003f28       ?startupInfo@?DA@??SendReportThreaded@MiniDumper@@SGIPAX@Z@4U_STARTUPINFOW@@A 10048f28     mdump.obj
 0003:00003f6c       ?processInfo@?DA@??SendReportThreaded@MiniDumper@@SGIPAX@Z@4U_PROCESS_INFORMATION@@A 10048f6c     mdump.obj
 0003:00003f7c       ?strApp@?DA@??SendReportThreaded@MiniDumper@@SGIPAX@Z@4VCString@WTL@@A 10048f7c     mdump.obj
 0003:00003f80       ?$S1@?DA@??SendReportThreaded@MiniDumper@@SGIPAX@Z@4IA 10048f80     mdump.obj
 0003:00003f88       ?startupInfo@?4??LaunchHangDetection@MiniDumper@@QAEXXZ@4U_STARTUPINFOW@@A 10048f88     mdump.obj
 0003:00003fcc       ?processInfo@?4??LaunchHangDetection@MiniDumper@@QAEXXZ@4U_PROCESS_INFORMATION@@A 10048fcc     mdump.obj
 0003:00003fe4       _piecewise_construct       10048fe4     sbSender.obj
 0003:00003fe5       _allocator_arg             10048fe5     sbSender.obj
 0003:00004138       _atlTraceUI                10049138     StdAfx.obj
 0003:000041b0       ?s_roinit@?1??_initMTAoncurrentthread@@9@9 100491b0     LIBCMT:threadex.obj
 0003:000041b4       ?s_initialized@?1??_initMTAoncurrentthread@@9@9 100491b4     LIBCMT:threadex.obj
 0003:000041b8       ?s_rouninit@?1??_uninitMTAoncurrentthread@@9@9 100491b8     LIBCMT:threadex.obj
 0003:000041bc       ?s_initialized@?1??_uninitMTAoncurrentthread@@9@9 100491bc     LIBCMT:threadex.obj
 0003:000041c0       _ctrlc_action              100491c0     LIBCMT:winsig.obj
 0003:000041c4       _ctrlbreak_action          100491c4     LIBCMT:winsig.obj
 0003:000041c8       _abort_action              100491c8     LIBCMT:winsig.obj
 0003:000041cc       _term_action               100491cc     LIBCMT:winsig.obj
 0003:000041d0       _ConsoleCtrlHandler_Installed 100491d0     LIBCMT:winsig.obj
 0003:000041d8       _GS_ExceptionRecord        100491d8     LIBCMT:gs_report.obj
 0003:00004228       _GS_ContextRecord          10049228     LIBCMT:gs_report.obj
 0003:000044f4       _DebuggerWasPresent        100494f4     LIBCMT:gs_report.obj
 0003:000044fc       ___proc_attached           100494fc     LIBCMT:dllcrt0.obj
 0003:00004510       _lclcritsects              10049510     LIBCMT:mlock.obj
 0003:00004668       ?outmsg@?9??_NMSG_WRITE@@9@9 10049668     LIBCMT:crt0msg.obj
 0003:00004c9c       _g_pfnRtlGenRandom         10049c9c     LIBCMT:rand_s.obj
 0003:00004cb8       _fSystemSet                10049cb8     LIBCMT:mbctype.obj
 0003:00004cd0       ___type_info_root_node     10049cd0     LIBCMT:typname.obj
 0003:00004ce0       _lastTZ                    10049ce0     LIBCMT:tzset.obj
 0003:00004ce4       ?first_time@?1??__tzset@@9@9 10049ce4     LIBCMT:tzset.obj
 0003:00004ce8       _tzapiused                 10049ce8     LIBCMT:tzset.obj
 0003:00004cf0       _tzinfo                    10049cf0     LIBCMT:tzset.obj
 0003:00004d9c       ___crtCallProc             10049d9c     LIBCMT:winapinls.obj
 0003:00004ea8       ?_pgmname@?1??_setargv@@9@9 10049ea8     LIBCMT:stdargv.obj
 0003:00004fb4       ?pfnMessageBox@?1??__crtMessageBoxW@@9@9 10049fb4     LIBCMT:crtmboxw.obj
 0003:00004fb8       ?pfnGetActiveWindow@?1??__crtMessageBoxW@@9@9 10049fb8     LIBCMT:crtmboxw.obj
 0003:00004fbc       ?pfnGetLastActivePopup@?1??__crtMessageBoxW@@9@9 10049fbc     LIBCMT:crtmboxw.obj
 0003:00004fc0       ?pfnGetProcessWindowStation@?1??__crtMessageBoxW@@9@9 10049fc0     LIBCMT:crtmboxw.obj
 0003:00004fc4       ?pfnGetUserObjectInformation@?1??__crtMessageBoxW@@9@9 10049fc4     LIBCMT:crtmboxw.obj
 0003:00004fc8       ___enable_percent_n        10049fc8     LIBCMT:printf.obj
 0003:00004ff4       _heap                      10049ff4     LIBCMT:undname.obj
 0003:00005054       __Tuple_alloc              1004a054     libcpmt:xthrow.obj
 0003:00005055       _ignore                    1004a055     libcpmt:xthrow.obj
 0003:00005056       _allocator_arg             1004a056     libcpmt:xthrow.obj
 0003:00005057       _piecewise_construct       1004a057     libcpmt:xthrow.obj
 0003:00005058       _allocator_arg             1004a058     libcpmt:syserror.obj
 0003:00005059       _piecewise_construct       1004a059     libcpmt:syserror.obj
 0004:00000120       $R000000                   1004c120     sbSenderDll.res
 0004:00000448       $R000328                   1004c448     sbSenderDll.res
 0004:00000680       $R000560                   1004c680     sbSenderDll.res
 0004:00000a98       $R000978                   1004ca98     sbSenderDll.res

 Exports

  ordinal    name

        1    ??0BugSplatImp@@QAE@XZ (public: __thiscall BugSplatImp::BugSplatImp(void))
        2    ??0MiniDmpSender@@QAE@ABV0@@Z (public: __thiscall MiniDmpSender::MiniDmpSender(class MiniDmpSender const &))
        3    ??0MiniDmpSender@@QAE@PB_W000K@Z (public: __thiscall MiniDmpSender::MiniDmpSender(wchar_t const *,wchar_t const *,wchar_t const *,wchar_t const *,unsigned long))
        4    ??1MiniDmpSender@@UAE@XZ (public: virtual __thiscall MiniDmpSender::~MiniDmpSender(void))
        5    ??4BugSplatImp@@QAEAAV0@ABV0@@Z (public: class BugSplatImp & __thiscall BugSplatImp::operator=(class BugSplatImp const &))
        6    ??4MiniDmpSender@@QAEAAV0@ABV0@@Z (public: class MiniDmpSender & __thiscall MiniDmpSender::operator=(class MiniDmpSender const &))
        7    ??_7MiniDmpSender@@6B@ (const MiniDmpSender::`vftable')
        8    ?CreateMiniDump@BugSplatImp@@QAEHPAUHINSTANCE__@@KPAXKPAU_EXCEPTION_POINTERS@@PB_WPA_WK@Z (public: int __thiscall BugSplatImp::CreateMiniDump(struct HINSTANCE__ *,unsigned long,void *,unsigned long,struct _EXCEPTION_POINTERS *,wchar_t const *,wchar_t *,unsigned long))
        9    ?DoFullMemoryDumpThenExit@BugSplatImp@@2_NA (public: static bool BugSplatImp::DoFullMemoryDumpThenExit)
       10    ?GetReducedGuid@BugSplatImp@@QAEXPA_WK@Z (public: void __thiscall BugSplatImp::GetReducedGuid(wchar_t *,unsigned long))
       11    ?MiniDumpType@BugSplatImp@@2W4_BS_MINIDUMP_TYPE@MiniDmpSender@@A (public: static enum MiniDmpSender::_BS_MINIDUMP_TYPE BugSplatImp::MiniDumpType)
       12    ?ReduceGuidString@BugSplatImp@@QAEXPA_WK@Z (public: void __thiscall BugSplatImp::ReduceGuidString(wchar_t *,unsigned long))
       13    ?ResumeSuspendedThreads@BugSplatImp@@QAEXXZ (public: void __thiscall BugSplatImp::ResumeSuspendedThreads(void))
       14    ?SuspendAllThreadsInProcess@BugSplatImp@@QAEXPAX@Z (public: void __thiscall BugSplatImp::SuspendAllThreadsInProcess(void *))
       15    ?SuspendThreadsInCurrentProcess@BugSplatImp@@QAEXXZ (public: void __thiscall BugSplatImp::SuspendThreadsInCurrentProcess(void))
       16    ?createReport@MiniDmpSender@@QAEXPAU_EXCEPTION_POINTERS@@@Z (public: void __thiscall MiniDmpSender::createReport(struct _EXCEPTION_POINTERS *))
       17    ?createReport@MiniDmpSender@@QAEXPB_W@Z (public: void __thiscall MiniDmpSender::createReport(wchar_t const *))
       18    ?createReportAndExit@MiniDmpSender@@QAEXXZ (public: void __thiscall MiniDmpSender::createReportAndExit(void))
       19    ?enableExceptionFilter@MiniDmpSender@@QAE_N_N@Z (public: bool __thiscall MiniDmpSender::enableExceptionFilter(bool))
       20    ?enableFullMemoryDumpAndExit@MiniDmpSender@@QAE_N_N@Z (public: bool __thiscall MiniDmpSender::enableFullMemoryDumpAndExit(bool))
       21    ?getFlags@MiniDmpSender@@QBEKXZ (public: unsigned long __thiscall MiniDmpSender::getFlags(void)const )
       22    ?getMiniDumpType@MiniDmpSender@@QBE?AW4_BS_MINIDUMP_TYPE@1@XZ (public: enum MiniDmpSender::_BS_MINIDUMP_TYPE __thiscall MiniDmpSender::getMiniDumpType(void)const )
       23    ?getMinidumpPath@MiniDmpSender@@QAEXPA_WI@Z (public: void __thiscall MiniDmpSender::getMinidumpPath(wchar_t *,unsigned int))
       24    ?imp@MiniDmpSender@@QAEPAXXZ (public: void * __thiscall MiniDmpSender::imp(void))
       25    ?isExceptionFilterEnabled@MiniDmpSender@@QBE_NXZ (public: bool __thiscall MiniDmpSender::isExceptionFilterEnabled(void)const )
       26    ?isFullMemoryDumpAndExitEnabled@MiniDmpSender@@QBE_NXZ (public: bool __thiscall MiniDmpSender::isFullMemoryDumpAndExitEnabled(void)const )
       27    ?removeAdditionalFile@MiniDmpSender@@QAE_NPB_W@Z (public: bool __thiscall MiniDmpSender::removeAdditionalFile(wchar_t const *))
       28    ?resetAppIdentifier@MiniDmpSender@@QAEXPB_W@Z (public: void __thiscall MiniDmpSender::resetAppIdentifier(wchar_t const *))
       29    ?resetVersionString@MiniDmpSender@@QAEXPB_W@Z (public: void __thiscall MiniDmpSender::resetVersionString(wchar_t const *))
       30    ?sendAdditionalFile@MiniDmpSender@@QAEXPB_W@Z (public: void __thiscall MiniDmpSender::sendAdditionalFile(wchar_t const *))
       31    ?setCallback@MiniDmpSender@@QAEXP6A_NIPAX0@Z@Z (public: void __thiscall MiniDmpSender::setCallback(bool (__cdecl*)(unsigned int,void *,void *)))
       32    ?setDefaultUserDescription@MiniDmpSender@@QAEXPB_W@Z (public: void __thiscall MiniDmpSender::setDefaultUserDescription(wchar_t const *))
       33    ?setDefaultUserEmail@MiniDmpSender@@QAEXPB_W@Z (public: void __thiscall MiniDmpSender::setDefaultUserEmail(wchar_t const *))
       34    ?setDefaultUserName@MiniDmpSender@@QAEXPB_W@Z (public: void __thiscall MiniDmpSender::setDefaultUserName(wchar_t const *))
       35    ?setFlags@MiniDmpSender@@QAE_NK@Z (public: bool __thiscall MiniDmpSender::setFlags(unsigned long))
       36    ?setGuardByteBufferSize@MiniDmpSender@@QAEHH@Z (public: int __thiscall MiniDmpSender::setGuardByteBufferSize(int))
       37    ?setLogFilePath@MiniDmpSender@@QAEXPB_W@Z (public: void __thiscall MiniDmpSender::setLogFilePath(wchar_t const *))
       38    ?setMiniDumpType@MiniDmpSender@@QAEXW4_BS_MINIDUMP_TYPE@1@@Z (public: void __thiscall MiniDmpSender::setMiniDumpType(enum MiniDmpSender::_BS_MINIDUMP_TYPE))
       39    ?setResourceDllPath@MiniDmpSender@@QAEXPB_W@Z (public: void __thiscall MiniDmpSender::setResourceDllPath(wchar_t const *))
       40    ?setUserZipPath@MiniDmpSender@@QAEXPB_W@Z (public: void __thiscall MiniDmpSender::setUserZipPath(wchar_t const *))
       41    ?unhandledExceptionHandler@MiniDmpSender@@QAEJPAU_EXCEPTION_POINTERS@@@Z (public: long __thiscall MiniDmpSender::unhandledExceptionHandler(struct _EXCEPTION_POINTERS *))
