 BugSplat64

 Timestamp is 5b8439a9 (Mon Aug 27 17:49:29 2018)

 Preferred load address is 0000000180000000

 Start         Length     Name                   Class
 0001:00000000 00000158H .text$di                CODE
 0001:00000160 0003acc6H .text$mn                CODE
 0001:0003ae30 000011b6H .text$x                 CODE
 0001:0003bfe8 000001bfH .text$yd                CODE
 0002:00000000 000004f0H .idata$5                DATA
 0002:000004f0 00000008H .CRT$XCA                DATA
 0002:000004f8 00000008H .CRT$XCL                DATA
 0002:00000500 00000038H .CRT$XCU                DATA
 0002:00000538 00000008H .CRT$XCZ                DATA
 0002:00000540 00000008H .CRT$XIA                DATA
 0002:00000548 00000020H .CRT$XIC                DATA
 0002:00000568 00000008H .CRT$XIZ                DATA
 0002:00000570 00000008H .CRT$XPA                DATA
 0002:00000578 00000010H .CRT$XPX                DATA
 0002:00000588 00000008H .CRT$XPXA               DATA
 0002:00000590 00000008H .CRT$XPZ                DATA
 0002:00000598 00000008H .CRT$XTA                DATA
 0002:000005a0 00000008H .CRT$XTZ                DATA
 0002:000005b0 0000b9b0H .rdata                  DATA
 0002:0000bf60 00000058H .rdata$debug            DATA
 0002:0000bfb8 00001114H .rdata$r                DATA
 0002:0000d0d0 00000008H .rtc$IAA                DATA
 0002:0000d0d8 00000008H .rtc$IZZ                DATA
 0002:0000d0e0 00000008H .rtc$TAA                DATA
 0002:0000d0e8 00000008H .rtc$TZZ                DATA
 0002:0000d0f0 00005358H .xdata                  DATA
 0002:00012448 00000484H .xdata$x                DATA
 0002:000128d0 00000008H ATL$__a                 DATA
 0002:000128d8 00000008H ATL$__z                 DATA
 0002:000128e0 00000965H .edata                  DATA
 0002:00013248 000000a0H .idata$2                DATA
 0002:000132e8 00000014H .idata$3                DATA
 0002:00013300 000004f0H .idata$4                DATA
 0002:000137f0 00000ac8H .idata$6                DATA
 0003:00000000 00001a98H .data                   DATA
 0003:00001a98 000005f6H .data$r                 DATA
 0003:000020a0 00005010H .bss                    DATA
 0004:00000000 000036e4H .pdata                  DATA
 0005:00000000 00000118H .rsrc$01                DATA
 0005:00000120 00000af8H .rsrc$02                DATA

  Address         Publics by Value              Rva+Base               Lib:Object

 0000:00000000       __guard_fids_table         0000000000000000     <absolute>
 0000:00000000       __guard_flags              0000000000000000     <absolute>
 0000:00000000       ___safe_se_handler_count   0000000000000000     <absolute>
 0000:00000000       ___safe_se_handler_table   0000000000000000     <absolute>
 0000:00000000       __guard_fids_count         0000000000000000     <absolute>
 0000:00000000       __ImageBase                0000000180000000     <linker-defined>
 0001:00000160       ??0BugSplatImp@@QEAA@XZ    0000000180001160 f   BugSplatImp.obj
 0001:00000188       ??0CString@WTL@@QEAA@AEBV01@@Z 0000000180001188 f i BugSplatImp.obj
 0001:000001e0       ??0CString@WTL@@QEAA@PEB_W@Z 00000001800011e0 f i BugSplatImp.obj
 0001:00000268       ??0CString@WTL@@QEAA@XZ    0000000180001268 f i BugSplatImp.obj
 0001:00000278       ??0MiniDmpSender@@QEAA@AEBV0@@Z 0000000180001278 f i BugSplatImp.obj
 0001:00000290       ??1CString@WTL@@QEAA@XZ    0000000180001290 f i BugSplatImp.obj
 0001:000002bc       ??4BugSplatImp@@QEAAAEAV0@AEBV0@@Z 00000001800012bc f i BugSplatImp.obj
 0001:00000324       ??4CString@WTL@@QEAAAEAV01@AEBV01@@Z 0000000180001324 f i BugSplatImp.obj
 0001:000003a4       ??4CString@WTL@@QEAAAEAV01@PEB_W@Z 00000001800013a4 f i BugSplatImp.obj
 0001:000003e0       ??4MiniDmpSender@@QEAAAEAV0@AEBV0@@Z 00000001800013e0 f i BugSplatImp.obj
 0001:000003ec       ??ACString@WTL@@QEBA_WH@Z  00000001800013ec f i BugSplatImp.obj
 0001:000003f8       ??BCString@WTL@@QEBAPEB_WXZ 00000001800013f8 f i BugSplatImp.obj
 0001:000003fc       ??HWTL@@YA?AVCString@0@AEBV10@0@Z 00000001800013fc f i BugSplatImp.obj
 0001:00000450       ??YCString@WTL@@QEAAAEAV01@PEB_W@Z 0000000180001450 f i BugSplatImp.obj
 0001:0000048c       ??YCString@WTL@@QEAAAEAV01@_W@Z 000000018000148c f i BugSplatImp.obj
 0001:000004b4       ??_EMiniDmpSender@@UEAAPEAXI@Z 00000001800014b4 f i BugSplatImp.obj
 0001:00000520       ??_GMiniDmpSender@@UEAAPEAXI@Z 0000000180001520 f i BugSplatImp.obj
 0001:00000550       ?AllocBeforeWrite@CString@WTL@@IEAAHH@Z 0000000180001550 f i BugSplatImp.obj
 0001:000005b0       ?AllocBuffer@CString@WTL@@IEAAHH@Z 00000001800015b0 f i BugSplatImp.obj
 0001:0000063c       ?AllocCopy@CString@WTL@@IEBAHAEAV12@HHH@Z 000000018000163c f i BugSplatImp.obj
 0001:000006c0       ?AssignCopy@CString@WTL@@IEAAXHPEB_W@Z 00000001800016c0 f i BugSplatImp.obj
 0001:00000764       ?ConcatCopy@CString@WTL@@IEAAHHPEB_WH0@Z 0000000180001764 f i BugSplatImp.obj
 0001:000007f0       ?ConcatInPlace@CString@WTL@@IEAAXHPEB_W@Z 00000001800017f0 f i BugSplatImp.obj
 0001:0000089c       ?CopyBeforeWrite@CString@WTL@@IEAAXXZ 000000018000189c f i BugSplatImp.obj
 0001:0000090c       ?CreateMiniDump@BugSplatImp@@QEAAHPEAUHINSTANCE__@@KPEAXKPEAU_EXCEPTION_POINTERS@@PEB_WPEA_WK@Z 000000018000190c f   BugSplatImp.obj
 0001:00000ba8       ?Find@CString@WTL@@QEBAHPEB_W@Z 0000000180001ba8 f i BugSplatImp.obj
 0001:00000bd8       ?Find@CString@WTL@@QEBAHPEB_WH@Z 0000000180001bd8 f i BugSplatImp.obj
 0001:00000c14       ?GetBuffer@CString@WTL@@QEAAPEA_WH@Z 0000000180001c14 f i BugSplatImp.obj
 0001:00000c94       ?GetData@CString@WTL@@IEBAPEAUCStringData@2@XZ 0000000180001c94 f i BugSplatImp.obj
 0001:00000c9c       ?GetLength@CString@WTL@@QEBAHXZ 0000000180001c9c f i BugSplatImp.obj
 0001:00000ca4       ?GetReducedGuid@BugSplatImp@@QEAAXPEA_WK@Z 0000000180001ca4 f   BugSplatImp.obj
 0001:00000d80       ?GetResourceInstance@CAtlBaseModule@ATL@@QEAAPEAUHINSTANCE__@@XZ 0000000180001d80 f i BugSplatImp.obj
 0001:00000d88       ?Init@CString@WTL@@IEAAXXZ 0000000180001d88 f i BugSplatImp.obj
 0001:00000d94       ?Left@CString@WTL@@QEBA?AV12@H@Z 0000000180001d94 f i BugSplatImp.obj
 0001:00000df0       ?LoadStringW@CString@WTL@@QEAAHI@Z 0000000180001df0 f i BugSplatImp.obj
 0001:00000f04       ?MakeUpper@CString@WTL@@QEAAXXZ 0000000180001f04 f i BugSplatImp.obj
 0001:00000f24       ?Mid@CString@WTL@@QEBA?AV12@H@Z 0000000180001f24 f i BugSplatImp.obj
 0001:00000f4c       ?Mid@CString@WTL@@QEBA?AV12@HH@Z 0000000180001f4c f i BugSplatImp.obj
 0001:00000fc8       ?ReduceGuidString@BugSplatImp@@QEAAXPEA_WK@Z 0000000180001fc8 f   BugSplatImp.obj
 0001:0000138c       ?Release@CString@WTL@@IEAAXXZ 000000018000238c f i BugSplatImp.obj
 0001:000013c8       ?Release@CString@WTL@@KAXPEAUCStringData@2@@Z 00000001800023c8 f i BugSplatImp.obj
 0001:000013e8       ?ReleaseBuffer@CString@WTL@@QEAAXH@Z 00000001800023e8 f i BugSplatImp.obj
 0001:0000142c       ?ResumeSuspendedThreads@BugSplatImp@@QEAAXXZ 000000018000242c f   BugSplatImp.obj
 0001:0000148c       ?SafeStrlen@CString@WTL@@KAHPEB_W@Z 000000018000248c f i BugSplatImp.obj
 0001:000014a4       ?SuspendAllThreadsInProcess@BugSplatImp@@QEAAXPEAX@Z 00000001800024a4 f   BugSplatImp.obj
 0001:00001578       ?SuspendThreadsInCurrentProcess@BugSplatImp@@QEAAXXZ 0000000180002578 f   BugSplatImp.obj
 0001:0000166c       ?UINTtoWchar_t@@YA_WI@Z    000000018000266c f   BugSplatImp.obj
 0001:00001690       ?Wchar_tToUINT@@YAI_W@Z    0000000180002690 f   BugSplatImp.obj
 0001:000016c0       ?_GetEmptyString@CString@WTL@@KAAEBV12@XZ 00000001800026c0 f i BugSplatImp.obj
 0001:000016c8       ?_LoadString@CString@WTL@@KAHIPEA_WI@Z 00000001800026c8 f i BugSplatImp.obj
 0001:000016f8       ?_cstrstr@CString@WTL@@KAPEB_WPEB_W0@Z 00000001800026f8 f i BugSplatImp.obj
 0001:00001700       ?combine1_4@@YAIII@Z       0000000180002700 f   BugSplatImp.obj
 0001:0000170c       ?combine2_3@@YAIII@Z       000000018000270c f   BugSplatImp.obj
 0001:0000171c       ?combine3_2@@YAIII@Z       000000018000271c f   BugSplatImp.obj
 0001:0000172c       ?combine4_1@@YAIII@Z       000000018000272c f   BugSplatImp.obj
 0001:00001738       ?combineLast3@@YAII@Z      0000000180002738 f   BugSplatImp.obj
 0001:00001740       ?createReportAndExit@MiniDmpSender@@QEAAXXZ 0000000180002740 f i BugSplatImp.obj
 0001:00001774       ?data@CStringData@WTL@@QEAAPEA_WXZ 0000000180002774 f i BugSplatImp.obj
 0001:0000177c       ??$_Allocate@D@std@@YAPEAD_KPEAD@Z 000000018000277c f i mdump.obj
 0001:000017a4       ??$_Allocate@VCString@WTL@@@std@@YAPEAVCString@WTL@@_KPEAV12@@Z 00000001800027a4 f i mdump.obj
 0001:000017d8       ??$_Destroy_range@U?$_Wrap_alloc@V?$allocator@VCString@WTL@@@std@@@std@@@std@@YAXPEAVCString@WTL@@0AEAU?$_Wrap_alloc@V?$allocator@VCString@WTL@@@std@@@0@@Z 00000001800027d8 f i mdump.obj
 0001:00001824       ??$_Destroy_range@U?$_Wrap_alloc@V?$allocator@VCString@WTL@@@std@@@std@@@std@@YAXPEAVCString@WTL@@0AEAU?$_Wrap_alloc@V?$allocator@VCString@WTL@@@std@@@0@U_Nonscalar_ptr_iterator_tag@0@@Z 0000000180002824 f i mdump.obj
 0001:00001870       ??$_Ptr_cat@VCString@WTL@@V12@@std@@YA?AU_Nonscalar_ptr_iterator_tag@0@PEAVCString@WTL@@0@Z 0000000180002870 f i mdump.obj
 0001:00001878       ??$_Rechecked@PEAVCString@WTL@@PEAV12@@std@@YAAEAPEAVCString@WTL@@AEAPEAV12@PEAV12@@Z 0000000180002878 f i mdump.obj
 0001:00001880       ??$_Umove@PEAVCString@WTL@@@?$vector@VCString@WTL@@V?$allocator@VCString@WTL@@@std@@@std@@IEAAPEAVCString@WTL@@PEAV23@00@Z 0000000180002880 f i mdump.obj
 0001:000018b4       ??$_Unchecked@PEAVCString@WTL@@@std@@YAPEAVCString@WTL@@PEAV12@@Z 00000001800028b4 f i mdump.obj
 0001:000018b8       ??$_Uninit_move@PEAVCString@WTL@@PEAV12@U?$_Wrap_alloc@V?$allocator@VCString@WTL@@@std@@@std@@@std@@YAPEAVCString@WTL@@PEAV12@00AEAU?$_Wrap_alloc@V?$allocator@VCString@WTL@@@std@@@0@@Z 00000001800028b8 f i mdump.obj
 0001:000018d4       ??$_Uninit_move@PEAVCString@WTL@@PEAV12@V?$allocator@VCString@WTL@@@std@@V12@@std@@YAPEAVCString@WTL@@PEAV12@00AEAU?$_Wrap_alloc@V?$allocator@VCString@WTL@@@std@@@0@0U_Nonscalar_ptr_iterator_tag@0@@Z 00000001800028d4 f i mdump.obj
 0001:00001934       ??$_Uninitialized_move@PEAVCString@WTL@@PEAV12@U?$_Wrap_alloc@V?$allocator@VCString@WTL@@@std@@@std@@@std@@YAPEAVCString@WTL@@PEAV12@00AEAU?$_Wrap_alloc@V?$allocator@VCString@WTL@@@std@@@0@@Z 0000000180002934 f i mdump.obj
 0001:00001950       ??$_Val_type@PEAVCString@WTL@@@std@@YAPEAVCString@WTL@@PEAV12@@Z 0000000180002950 f i mdump.obj
 0001:00001954       ??$addressof@D@std@@YAPEADAEAD@Z 0000000180002954 f i mdump.obj
 0001:00001958       ??$addressof@VCString@WTL@@@std@@YAPEAVCString@WTL@@AEAV12@@Z 0000000180002958 f i mdump.obj
 0001:0000195c       ??$construct@PEADAEAPEAD@?$_Wrap_alloc@V?$allocator@D@std@@@std@@QEAAXPEAPEADAEAPEAD@Z 000000018000295c f i mdump.obj
 0001:00001968       ??$construct@PEADAEAPEAD@?$allocator@D@std@@QEAAXPEAPEADAEAPEAD@Z 0000000180002968 f i mdump.obj
 0001:00001974       ??$construct@PEADAEAPEAD@?$allocator_traits@V?$allocator@D@std@@@std@@SAXAEAV?$allocator@D@1@PEAPEADAEAPEAD@Z 0000000180002974 f i mdump.obj
 0001:00001980       ??$construct@VCString@WTL@@V12@@?$_Wrap_alloc@V?$allocator@VCString@WTL@@@std@@@std@@QEAAXPEAVCString@WTL@@$$QEAV23@@Z 0000000180002980 f i mdump.obj
 0001:00001988       ??$construct@VCString@WTL@@V12@@?$allocator@VCString@WTL@@@std@@QEAAXPEAVCString@WTL@@$$QEAV23@@Z 0000000180002988 f i mdump.obj
 0001:000019f8       ??$construct@VCString@WTL@@V12@@?$allocator_traits@V?$allocator@VCString@WTL@@@std@@@std@@SAXAEAV?$allocator@VCString@WTL@@@1@PEAVCString@WTL@@$$QEAV34@@Z 00000001800029f8 f i mdump.obj
 0001:00001a00       ??$destroy@PEAD@?$_Wrap_alloc@V?$allocator@D@std@@@std@@QEAAXPEAPEAD@Z 0000000180002a00 f i mdump.obj
 0001:00001a04       ??$destroy@PEAD@?$allocator@D@std@@QEAAXPEAPEAD@Z 0000000180002a04 f i mdump.obj
 0001:00001a08       ??$destroy@PEAD@?$allocator_traits@V?$allocator@D@std@@@std@@SAXAEAV?$allocator@D@1@PEAPEAD@Z 0000000180002a08 f i mdump.obj
 0001:00001a0c       ??$destroy@VCString@WTL@@@?$_Wrap_alloc@V?$allocator@VCString@WTL@@@std@@@std@@QEAAXPEAVCString@WTL@@@Z 0000000180002a0c f i mdump.obj
 0001:00001a38       ??$destroy@VCString@WTL@@@?$allocator@VCString@WTL@@@std@@QEAAXPEAVCString@WTL@@@Z 0000000180002a38 f i mdump.obj
 0001:00001a64       ??$destroy@VCString@WTL@@@?$allocator_traits@V?$allocator@VCString@WTL@@@std@@@std@@SAXAEAV?$allocator@VCString@WTL@@@1@PEAVCString@WTL@@@Z 0000000180002a64 f i mdump.obj
 0001:00001a90       ??$forward@AEAPEAD@std@@YAAEAPEADAEAPEAD@Z 0000000180002a90 f i mdump.obj
 0001:00001a94       ??$forward@VCString@WTL@@@std@@YA$$QEAVCString@WTL@@AEAV12@@Z 0000000180002a94 f i mdump.obj
 0001:00001a98       ??0?$_String_alloc@$0A@U?$_String_base_types@DV?$allocator@D@std@@@std@@@std@@QEAA@AEBV?$allocator@D@1@@Z 0000000180002a98 f i mdump.obj
 0001:00001aa8       ??0?$_String_val@U?$_Simple_types@D@std@@@std@@QEAA@XZ 0000000180002aa8 f i mdump.obj
 0001:00001ab8       ??0?$_Vector_alloc@$0A@U?$_Vec_base_types@VCString@WTL@@V?$allocator@VCString@WTL@@@std@@@std@@@std@@QEAA@AEBV?$allocator@VCString@WTL@@@1@@Z 0000000180002ab8 f i mdump.obj
 0001:00001acc       ??0?$_Vector_const_iterator@V?$_Vector_val@U?$_Simple_types@VCString@WTL@@@std@@@std@@@std@@QEAA@PEAVCString@WTL@@PEBU_Container_base0@1@@Z 0000000180002acc f i mdump.obj
 0001:00001ad4       ??0?$_Vector_iterator@V?$_Vector_val@U?$_Simple_types@VCString@WTL@@@std@@@std@@@std@@QEAA@PEAVCString@WTL@@PEBU_Container_base0@1@@Z 0000000180002ad4 f i mdump.obj
 0001:00001adc       ??0?$_Vector_val@U?$_Simple_types@VCString@WTL@@@std@@@std@@QEAA@XZ 0000000180002adc f i mdump.obj
 0001:00001af0       ??0?$_Wrap_alloc@V?$allocator@D@std@@@std@@QEAA@XZ 0000000180002af0 f i mdump.obj
 0001:00001af4       ??0?$_Wrap_alloc@V?$allocator@VCString@WTL@@@std@@@std@@QEAA@XZ 0000000180002af4 f i mdump.obj
 0001:00001af8       ??0?$allocator@D@std@@QEAA@XZ 0000000180002af8 f i mdump.obj
 0001:00001afc       ??0?$allocator@VCString@WTL@@@std@@QEAA@XZ 0000000180002afc f i mdump.obj
 0001:00001b00       ??0?$basic_string@DU?$char_traits@D@std@@V?$allocator@D@2@@std@@QEAA@PEBD@Z 0000000180002b00 f i mdump.obj
 0001:00001b48       ??0?$vector@VCString@WTL@@V?$allocator@VCString@WTL@@@std@@@std@@QEAA@XZ 0000000180002b48 f i mdump.obj
 0001:00001b5c       ??0DumpData@@QEAA@XZ       0000000180002b5c f i mdump.obj
 0001:00001b6c       ??0MiniDumper@@QEAA@XZ     0000000180002b6c f   mdump.obj
 0001:00001cec       ??0ResourceSwitch@@QEAA@PEB_W@Z 0000000180002cec f i mdump.obj
 0001:00001d24       ??0TotalUptimeAndCrashCalculator@@QEAA@PEB_W00@Z 0000000180002d24 f i mdump.obj
 0001:00001e90       ??0_Generic_error_category@std@@QEAA@XZ 0000000180002e90 f i mdump.obj
 0001:00001ea0       ??0_Iostream_error_category@std@@QEAA@XZ 0000000180002ea0 f i mdump.obj
 0001:00001eb0       ??0_System_error_category@std@@QEAA@XZ 0000000180002eb0 f i mdump.obj
 0001:00001ec0       ??0_U_STRINGorID@ATL@@QEAA@PEB_W@Z 0000000180002ec0 f i mdump.obj
 0001:00001ec8       ??0error_category@std@@QEAA@XZ 0000000180002ec8 f i mdump.obj
 0001:00001ed8       ??0error_condition@std@@QEAA@HAEBVerror_category@1@@Z 0000000180002ed8 f i mdump.obj
 0001:00001ee4       ??0id@locale@std@@QEAA@_K@Z 0000000180002ee4 f i mdump.obj
 0001:00001eec       ??1?$basic_string@DU?$char_traits@D@std@@V?$allocator@D@2@@std@@QEAA@XZ 0000000180002eec f i mdump.obj
 0001:00001f1c       ??1?$vector@VCString@WTL@@V?$allocator@VCString@WTL@@@std@@@std@@QEAA@XZ 0000000180002f1c f i mdump.obj
 0001:00001f24       ??1DumpData@@QEAA@XZ       0000000180002f24 f i mdump.obj
 0001:00001f54       ??1MiniDumper@@UEAA@XZ     0000000180002f54 f   mdump.obj
 0001:000021cc       ??1ResourceSwitch@@QEAA@XZ 00000001800031cc f i mdump.obj
 0001:000021e4       ??1TotalUptimeAndCrashCalculator@@QEAA@XZ 00000001800031e4 f i mdump.obj
 0001:00002314       ??1_Generic_error_category@std@@UEAA@XZ 0000000180003314 f i mdump.obj
 0001:00002320       ??1_Iostream_error_category@std@@UEAA@XZ 0000000180003320 f i mdump.obj
 0001:0000232c       ??1_System_error_category@std@@UEAA@XZ 000000018000332c f i mdump.obj
 0001:00002338       ??1error_category@std@@UEAA@XZ 0000000180003338 f i mdump.obj
 0001:00002344       ??2@YAPEAX_KPEAX@Z         0000000180003344 f i mdump.obj
 0001:00002348       ??3@YAXPEAX0@Z             0000000180003348 f i mdump.obj
 0001:0000234c       ??8error_category@std@@QEBA_NAEBV01@@Z 000000018000334c f i mdump.obj
 0001:00002354       ??8error_condition@std@@QEBA_NAEBV01@@Z 0000000180003354 f i mdump.obj
 0001:00002370       ??C?$_Vector_iterator@V?$_Vector_val@U?$_Simple_types@VCString@WTL@@@std@@@std@@@std@@QEBAPEAVCString@WTL@@XZ 0000000180003370 f i mdump.obj
 0001:00002374       ??D?$_Vector_const_iterator@V?$_Vector_val@U?$_Simple_types@VCString@WTL@@@std@@@std@@@std@@QEBAAEBVCString@WTL@@XZ 0000000180003374 f i mdump.obj
 0001:00002378       ??D?$_Vector_iterator@V?$_Vector_val@U?$_Simple_types@VCString@WTL@@@std@@@std@@@std@@QEBAAEAVCString@WTL@@XZ 0000000180003378 f i mdump.obj
 0001:0000237c       ??E?$_Vector_const_iterator@V?$_Vector_val@U?$_Simple_types@VCString@WTL@@@std@@@std@@@std@@QEAAAEAV01@XZ 000000018000337c f i mdump.obj
 0001:00002384       ??E?$_Vector_iterator@V?$_Vector_val@U?$_Simple_types@VCString@WTL@@@std@@@std@@@std@@QEAAAEAV01@XZ 0000000180003384 f i mdump.obj
 0001:0000238c       ??M?$_Vector_const_iterator@V?$_Vector_val@U?$_Simple_types@VCString@WTL@@@std@@@std@@@std@@QEBA_NAEBV01@@Z 000000018000338c f i mdump.obj
 0001:00002398       ??YCString@WTL@@QEAAAEAV01@AEBV01@@Z 0000000180003398 f i mdump.obj
 0001:000023b8       ??_GCString@WTL@@QEAAPEAXI@Z 00000001800033b8 f i mdump.obj
 0001:00002408       ??_GMiniDumper@@UEAAPEAXI@Z 0000000180003408 f i mdump.obj
 0001:00002408       ??_EMiniDumper@@UEAAPEAXI@Z 0000000180003408 f i mdump.obj
 0001:00002438       ??_GTotalUptimeAndCrashCalculator@@QEAAPEAXI@Z 0000000180003438 f i mdump.obj
 0001:00002468       ??_G_Generic_error_category@std@@UEAAPEAXI@Z 0000000180003468 f i mdump.obj
 0001:00002468       ??_E_Generic_error_category@std@@UEAAPEAXI@Z 0000000180003468 f i mdump.obj
 0001:00002490       ??_E_Iostream_error_category@std@@UEAAPEAXI@Z 0000000180003490 f i mdump.obj
 0001:00002490       ??_G_Iostream_error_category@std@@UEAAPEAXI@Z 0000000180003490 f i mdump.obj
 0001:000024b8       ??_G_System_error_category@std@@UEAAPEAXI@Z 00000001800034b8 f i mdump.obj
 0001:000024b8       ??_E_System_error_category@std@@UEAAPEAXI@Z 00000001800034b8 f i mdump.obj
 0001:000024e0       ??_Eerror_category@std@@UEAAPEAXI@Z 00000001800034e0 f i mdump.obj
 0001:000024e0       ??_Gerror_category@std@@UEAAPEAXI@Z 00000001800034e0 f i mdump.obj
 0001:00002508       ?AllocGuardMemory@MiniDumper@@QEAA_NXZ 0000000180003508 f   mdump.obj
 0001:00002554       ?AtlMessageBox@WTL@@YAHPEAUHWND__@@V_U_STRINGorID@ATL@@1I@Z 0000000180003554 f i mdump.obj
 0001:00002708       ?Compare@CString@WTL@@QEBAHPEB_W@Z 0000000180003708 f i mdump.obj
 0001:00002710       ?CreateReportThreaded@MiniDumper@@SAIPEAX@Z 0000000180003710 f   mdump.obj
 0001:00002a6c       ?Delete@CString@WTL@@QEAAHHH@Z 0000000180003a6c f i mdump.obj
 0001:00002afc       ?Delta@TotalUptimeAndCrashCalculator@@QEAA_JU_SYSTEMTIME@@0@Z 0000000180003afc f i mdump.obj
 0001:00002b60       ?ExceptionHandler@MiniDumper@@SAJPEAU_EXCEPTION_POINTERS@@K@Z 0000000180003b60 f   mdump.obj
 0001:00002ea0       ?Format@CString@WTL@@QEAAHPEB_WZZ 0000000180003ea0 f i mdump.obj
 0001:00002ec4       ?FormatMessageW@CString@WTL@@QEAAHIZZ 0000000180003ec4 f i mdump.obj
 0001:00002fa4       ?FormatV@CString@WTL@@QEAAHPEB_WPEAD@Z 0000000180003fa4 f i mdump.obj
 0001:00003370       ?FreeGuardMemory@MiniDumper@@QEAA_NXZ 0000000180004370 f   mdump.obj
 0001:000033a0       ?GetMFA@MiniDumper@@SA_NPEAXPEA_WH@Z 00000001800043a0 f   mdump.obj
 0001:000034ec       ?GetModuleInstance@CComModule@ATL@@QEAAPEAUHINSTANCE__@@XZ 00000001800044ec f i mdump.obj
 0001:000034f4       ?GetResourceInstance@CComModule@ATL@@QEAAPEAUHINSTANCE__@@XZ 00000001800044f4 f i mdump.obj
 0001:000034fc       ?IsEmpty@CString@WTL@@QEBAHXZ 00000001800044fc f i mdump.obj
 0001:00003508       ?LaunchHangDetection@MiniDumper@@QEAAXXZ 0000000180004508 f   mdump.obj
 0001:000036c8       ?MakeLower@CString@WTL@@QEAAXXZ 00000001800046c8 f i mdump.obj
 0001:000036e8       ?SendReportThreaded@MiniDumper@@SAIPEAX@Z 00000001800046e8 f   mdump.obj
 0001:00003c8c       ?SetResourceInstance@CAtlBaseModule@ATL@@QEAAPEAUHINSTANCE__@@PEAU3@@Z 0000000180004c8c f i mdump.obj
 0001:00003c94       ?SetResourceInstance@CComModule@ATL@@QEAAPEAUHINSTANCE__@@PEAU3@@Z 0000000180004c94 f i mdump.obj
 0001:00003ca0       ?TerminateHangDetection@MiniDumper@@QEAAXXZ 0000000180004ca0 f   mdump.obj
 0001:00003cf8       ?TopLevelUnhandledExceptionFilter@MiniDumper@@SAJPEAU_EXCEPTION_POINTERS@@@Z 0000000180004cf8 f   mdump.obj
 0001:00003d84       ?TrimLeft@CString@WTL@@QEAAXXZ 0000000180004d84 f i mdump.obj
 0001:00003df4       ?TrimRight@CString@WTL@@QEAAXXZ 0000000180004df4 f i mdump.obj
 0001:00003e78       ?_Adopt@_Iterator_base0@std@@QEAAXPEBX@Z 0000000180004e78 f i mdump.obj
 0001:00003e7c       ?_Compat@?$_Vector_const_iterator@V?$_Vector_val@U?$_Simple_types@VCString@WTL@@@std@@@std@@@std@@QEBAXAEBV12@@Z 0000000180004e7c f i mdump.obj
 0001:00003e80       ?_Copy@?$basic_string@DU?$char_traits@D@std@@V?$allocator@D@2@@std@@QEAAX_K0@Z 0000000180004e80 f i mdump.obj
 0001:00003f84       ?_Destroy@?$vector@VCString@WTL@@V?$allocator@VCString@WTL@@@std@@@std@@IEAAXPEAVCString@WTL@@0@Z 0000000180004f84 f i mdump.obj
 0001:00003fd0       ?_Eos@?$basic_string@DU?$char_traits@D@std@@V?$allocator@D@2@@std@@QEAAX_K@Z 0000000180004fd0 f i mdump.obj
 0001:00003fe4       ?_Getal@?$_String_alloc@$0A@U?$_String_base_types@DV?$allocator@D@std@@@std@@@std@@QEBA?AU?$_Wrap_alloc@V?$allocator@D@std@@@2@XZ 0000000180004fe4 f i mdump.obj
 0001:00003fe8       ?_Getal@?$_Vector_alloc@$0A@U?$_Vec_base_types@VCString@WTL@@V?$allocator@VCString@WTL@@@std@@@std@@@std@@QEBA?AU?$_Wrap_alloc@V?$allocator@VCString@WTL@@@std@@@2@XZ 0000000180004fe8 f i mdump.obj
 0001:00003fec       ?_Grow@?$basic_string@DU?$char_traits@D@std@@V?$allocator@D@2@@std@@QEAA_N_K_N@Z 0000000180004fec f i mdump.obj
 0001:000040b8       ?_Grow_to@?$vector@VCString@WTL@@V?$allocator@VCString@WTL@@@std@@@std@@IEBA_K_K@Z 00000001800050b8 f i mdump.obj
 0001:000040f0       ?_Inside@?$basic_string@DU?$char_traits@D@std@@V?$allocator@D@2@@std@@QEAA_NPEBD@Z 00000001800050f0 f i mdump.obj
 0001:00004130       ?_Inside@?$vector@VCString@WTL@@V?$allocator@VCString@WTL@@@std@@@std@@IEBA_NPEBVCString@WTL@@@Z 0000000180005130 f i mdump.obj
 0001:00004144       ?_Myptr@?$_String_val@U?$_Simple_types@D@std@@@std@@QEAAPEADXZ 0000000180005144 f i mdump.obj
 0001:00004154       ?_Myptr@?$_String_val@U?$_Simple_types@D@std@@@std@@QEBAPEBDXZ 0000000180005154 f i mdump.obj
 0001:00004164       ?_Orphan_all@_Container_base0@std@@QEAAXXZ 0000000180005164 f i mdump.obj
 0001:00004168       ?_Orphan_range@?$vector@VCString@WTL@@V?$allocator@VCString@WTL@@@std@@@std@@IEBAXPEAVCString@WTL@@0@Z 0000000180005168 f i mdump.obj
 0001:0000416c       ?_Reallocate@?$vector@VCString@WTL@@V?$allocator@VCString@WTL@@@std@@@std@@IEAAX_K@Z 000000018000516c f i mdump.obj
 0001:00004260       ?_Reserve@?$vector@VCString@WTL@@V?$allocator@VCString@WTL@@@std@@@std@@IEAAX_K@Z 0000000180005260 f i mdump.obj
 0001:000042d8       ?_Tidy@?$basic_string@DU?$char_traits@D@std@@V?$allocator@D@2@@std@@QEAAX_N_K@Z 00000001800052d8 f i mdump.obj
 0001:00004330       ?_Tidy@?$vector@VCString@WTL@@V?$allocator@VCString@WTL@@@std@@@std@@IEAAXXZ 0000000180005330 f i mdump.obj
 0001:000043a4       ?_Unused_capacity@?$vector@VCString@WTL@@V?$allocator@VCString@WTL@@@std@@@std@@QEBA_KXZ 00000001800053a4 f i mdump.obj
 0001:000043b4       ?_Xlen@?$basic_string@DU?$char_traits@D@std@@V?$allocator@D@2@@std@@QEBAXXZ 00000001800053b4 f i mdump.obj
 0001:000043c8       ?_Xlen@?$vector@VCString@WTL@@V?$allocator@VCString@WTL@@@std@@@std@@IEBAXXZ 00000001800053c8 f i mdump.obj
 0001:000043dc       ?_Xran@?$basic_string@DU?$char_traits@D@std@@V?$allocator@D@2@@std@@QEBAXXZ 00000001800053dc f i mdump.obj
 0001:000043f0       ?_cstrcmp@CString@WTL@@KAHPEB_W0@Z 00000001800053f0 f i mdump.obj
 0001:000043f8       ?_cstrisdigit@CString@WTL@@KAH_W@Z 00000001800053f8 f i mdump.obj
 0001:00004400       ?_cstrisspace@CString@WTL@@KAH_W@Z 0000000180005400 f i mdump.obj
 0001:00004408       ?_cstrtoi@CString@WTL@@KAHPEB_W@Z 0000000180005408 f i mdump.obj
 0001:00004410       ?allocate@?$_Wrap_alloc@V?$allocator@D@std@@@std@@QEAAPEAD_K@Z 0000000180005410 f i mdump.obj
 0001:0000443c       ?allocate@?$_Wrap_alloc@V?$allocator@VCString@WTL@@@std@@@std@@QEAAPEAVCString@WTL@@_K@Z 000000018000543c f i mdump.obj
 0001:00004474       ?allocate@?$allocator@D@std@@QEAAPEAD_K@Z 0000000180005474 f i mdump.obj
 0001:000044a0       ?allocate@?$allocator@VCString@WTL@@@std@@QEAAPEAVCString@WTL@@_K@Z 00000001800054a0 f i mdump.obj
 0001:000044d8       ?assign@?$basic_string@DU?$char_traits@D@std@@V?$allocator@D@2@@std@@QEAAAEAV12@AEBV12@_K1@Z 00000001800054d8 f i mdump.obj
 0001:000045c0       ?assign@?$basic_string@DU?$char_traits@D@std@@V?$allocator@D@2@@std@@QEAAAEAV12@PEBD@Z 00000001800055c0 f i mdump.obj
 0001:000045f8       ?assign@?$basic_string@DU?$char_traits@D@std@@V?$allocator@D@2@@std@@QEAAAEAV12@PEBD_K@Z 00000001800055f8 f i mdump.obj
 0001:000046bc       ?assign@?$char_traits@D@std@@SAXAEADAEBD@Z 00000001800056bc f i mdump.obj
 0001:000046c4       ?begin@?$vector@VCString@WTL@@V?$allocator@VCString@WTL@@@std@@@std@@QEAA?AV?$_Vector_iterator@V?$_Vector_val@U?$_Simple_types@VCString@WTL@@@std@@@std@@@2@XZ 00000001800056c4 f i mdump.obj
 0001:000046d0       ?bugsplatMessage@MiniDumper@@SAIPEB_WII@Z 00000001800056d0 f   mdump.obj
 0001:00004714       ?capacity@?$vector@VCString@WTL@@V?$allocator@VCString@WTL@@@std@@@std@@QEBA_KXZ 0000000180005714 f i mdump.obj
 0001:00004720       ?capture@TotalUptimeAndCrashCalculator@@QEAAX_N@Z 0000000180005720 f i mdump.obj
 0001:00004948       ?category@error_code@std@@QEBAAEBVerror_category@2@XZ 0000000180005948 f i mdump.obj
 0001:00004950       ?category@error_condition@std@@QEBAAEBVerror_category@2@XZ 0000000180005950 f i mdump.obj
 0001:00004958       ?copy@?$char_traits@D@std@@SAPEADPEADPEBD_K@Z 0000000180005958 f i mdump.obj
 0001:00004974       ?createReport@MiniDumper@@QEAAXK@Z 0000000180005974 f   mdump.obj
 0001:0000499c       ?createReport@MiniDumper@@QEAAXPEAU_EXCEPTION_POINTERS@@@Z 000000018000599c f   mdump.obj
 0001:000049c4       ?createReport@MiniDumper@@QEAAXPEB_W@Z 00000001800059c4 f   mdump.obj
 0001:00004a18       ?deallocate@?$_Wrap_alloc@V?$allocator@D@std@@@std@@QEAAXPEAD_K@Z 0000000180005a18 f i mdump.obj
 0001:00004a20       ?deallocate@?$_Wrap_alloc@V?$allocator@VCString@WTL@@@std@@@std@@QEAAXPEAVCString@WTL@@_K@Z 0000000180005a20 f i mdump.obj
 0001:00004a28       ?deallocate@?$allocator@D@std@@QEAAXPEAD_K@Z 0000000180005a28 f i mdump.obj
 0001:00004a30       ?deallocate@?$allocator@VCString@WTL@@@std@@QEAAXPEAVCString@WTL@@_K@Z 0000000180005a30 f i mdump.obj
 0001:00004a38       ?debugMode@@YA_NXZ         0000000180005a38 f   mdump.obj
 0001:00004ae4       ?default_error_condition@_System_error_category@std@@UEBA?AVerror_condition@2@H@Z 0000000180005ae4 f i mdump.obj
 0001:00004b24       ?default_error_condition@error_category@std@@UEBA?AVerror_condition@2@H@Z 0000000180005b24 f i mdump.obj
 0001:00004b30       ?eatException@@YA_NK@Z     0000000180005b30 f i mdump.obj
 0001:00004b90       ?enableExceptionFilter@MiniDumper@@QEAA_N_N@Z 0000000180005b90 f   mdump.obj
 0001:00004ba8       ?enableFullMemoryDumpAndExit@MiniDumper@@QEAA_N_N@Z 0000000180005ba8 f   mdump.obj
 0001:00004bb4       ?end@?$vector@VCString@WTL@@V?$allocator@VCString@WTL@@@std@@@std@@QEAA?AV?$_Vector_iterator@V?$_Vector_val@U?$_Simple_types@VCString@WTL@@@std@@@std@@@2@XZ 0000000180005bb4 f i mdump.obj
 0001:00004bc0       ?equivalent@error_category@std@@UEBA_NAEBVerror_code@2@H@Z 0000000180005bc0 f i mdump.obj
 0001:00004bd4       ?equivalent@error_category@std@@UEBA_NHAEBVerror_condition@2@@Z 0000000180005bd4 f i mdump.obj
 0001:00004c0c       ?erase@?$basic_string@DU?$char_traits@D@std@@V?$allocator@D@2@@std@@QEAAAEAV12@_K0@Z 0000000180005c0c f i mdump.obj
 0001:00004ca8       ?erase@?$basic_string@DU?$char_traits@D@std@@V?$allocator@D@2@@std@@QEAAAEAV12@_K@Z 0000000180005ca8 f i mdump.obj
 0001:00004ce0       ?fileVersionInfo@@YA_NPEA_WAEAK1@Z 0000000180005ce0 f   mdump.obj
 0001:00004d80       ?foundResources@ResourceSwitch@@QEAA_NXZ 0000000180005d80 f i mdump.obj
 0001:00004d8c       ?generic_category@std@@YAAEBVerror_category@1@XZ 0000000180005d8c f i mdump.obj
 0001:00004d94       ?getFlags@MiniDumper@@QEBAKXZ 0000000180005d94 f i mdump.obj
 0001:00004d9c       ?getLogFilePath@MiniDumper@@QEAAPEB_WXZ 0000000180005d9c f   mdump.obj
 0001:00004da4       ?getMiniDumpType@MiniDumper@@QEBA?AW4_BS_MINIDUMP_TYPE@MiniDmpSender@@XZ 0000000180005da4 f   mdump.obj
 0001:00004dac       ?getRegistryBase@@YAXAEAVCString@WTL@@@Z 0000000180005dac f   mdump.obj
 0001:00004dd8       ?getRegistryRoot@@YAXAEAVCString@WTL@@PEB_W11@Z 0000000180005dd8 f   mdump.obj
 0001:00004e54       ?initExceptionHandler@MiniDumper@@QEAAXPEB_W000K@Z 0000000180005e54 f   mdump.obj
 0001:00005168       ?invalid_parameter_handler@@YAXPEB_W00I_K@Z 0000000180006168 f i mdump.obj
 0001:00005174       ?isExceptionFilterEnabled@MiniDumper@@QEBA_NXZ 0000000180006174 f   mdump.obj
 0001:0000517c       ?isFullMemoryDumpAndExitEnabled@MiniDumper@@QEBA_NXZ 000000018000617c f   mdump.obj
 0001:00005184       ?length@?$char_traits@D@std@@SA_KPEBD@Z 0000000180006184 f i mdump.obj
 0001:00005198       ?logOutput@@YAXIPEB_W_N@Z  0000000180006198 f   mdump.obj
 0001:000053dc       ?max_size@?$_Wrap_alloc@V?$allocator@D@std@@@std@@QEBA_KXZ 00000001800063dc f i mdump.obj
 0001:000053e4       ?max_size@?$_Wrap_alloc@V?$allocator@VCString@WTL@@@std@@@std@@QEBA_KXZ 00000001800063e4 f i mdump.obj
 0001:000053f0       ?max_size@?$allocator@D@std@@QEBA_KXZ 00000001800063f0 f i mdump.obj
 0001:000053f8       ?max_size@?$allocator@VCString@WTL@@@std@@QEBA_KXZ 00000001800063f8 f i mdump.obj
 0001:00005404       ?max_size@?$allocator_traits@V?$allocator@D@std@@@std@@SA_KAEBV?$allocator@D@2@@Z 0000000180006404 f i mdump.obj
 0001:0000540c       ?max_size@?$allocator_traits@V?$allocator@VCString@WTL@@@std@@@std@@SA_KAEBV?$allocator@VCString@WTL@@@2@@Z 000000018000640c f i mdump.obj
 0001:00005418       ?max_size@?$basic_string@DU?$char_traits@D@std@@V?$allocator@D@2@@std@@QEBA_KXZ 0000000180006418 f i mdump.obj
 0001:00005420       ?max_size@?$vector@VCString@WTL@@V?$allocator@VCString@WTL@@@std@@@std@@QEBA_KXZ 0000000180006420 f i mdump.obj
 0001:0000542c       ?message@_Generic_error_category@std@@UEBA?AV?$basic_string@DU?$char_traits@D@std@@V?$allocator@D@2@@2@H@Z 000000018000642c f i mdump.obj
 0001:00005498       ?message@_Iostream_error_category@std@@UEBA?AV?$basic_string@DU?$char_traits@D@std@@V?$allocator@D@2@@2@H@Z 0000000180006498 f i mdump.obj
 0001:000054ec       ?message@_System_error_category@std@@UEBA?AV?$basic_string@DU?$char_traits@D@std@@V?$allocator@D@2@@2@H@Z 00000001800064ec f i mdump.obj
 0001:00005558       ?move@?$char_traits@D@std@@SAPEADPEADPEBD_K@Z 0000000180006558 f i mdump.obj
 0001:00005574       ?name@_Generic_error_category@std@@UEBAPEBDXZ 0000000180006574 f i mdump.obj
 0001:0000557c       ?name@_Iostream_error_category@std@@UEBAPEBDXZ 000000018000657c f i mdump.obj
 0001:00005584       ?name@_System_error_category@std@@UEBAPEBDXZ 0000000180006584 f i mdump.obj
 0001:0000558c       ?pointer_to@?$pointer_traits@PEAVCString@WTL@@@std@@SAPEAVCString@WTL@@AEAV34@@Z 000000018000658c f i mdump.obj
 0001:00005590       ?push_back@?$vector@VCString@WTL@@V?$allocator@VCString@WTL@@@std@@@std@@QEAAX$$QEAVCString@WTL@@@Z 0000000180006590 f i mdump.obj
 0001:00005600       ?removeAdditionalFile@MiniDumper@@QEAA_NPEB_W@Z 0000000180006600 f   mdump.obj
 0001:0000566c       ?resetDescriptionString@MiniDumper@@QEAAXPEB_W@Z 000000018000666c f   mdump.obj
 0001:000056a4       ?resetVersionString@MiniDumper@@QEAAXPEB_W@Z 00000001800066a4 f   mdump.obj
 0001:000056dc       ?sendAdditionalFile@MiniDumper@@QEAAXPEB_W@Z 00000001800066dc f   mdump.obj
 0001:0000572c       ?setCallback@MiniDumper@@QEAAXP6A_NIPEAX0@Z@Z 000000018000672c f   mdump.obj
 0001:00005734       ?setDefaultUserDescription@MiniDumper@@QEAAXPEB_W@Z 0000000180006734 f   mdump.obj
 0001:0000576c       ?setDefaultUserEmail@MiniDumper@@QEAAXPEB_W@Z 000000018000676c f   mdump.obj
 0001:000057a4       ?setDefaultUserName@MiniDumper@@QEAAXPEB_W@Z 00000001800067a4 f   mdump.obj
 0001:000057dc       ?setFlags@MiniDumper@@QEAA_NK@Z 00000001800067dc f   mdump.obj
 0001:00005828       ?setGuardByteBufferSize@MiniDumper@@QEAAHH@Z 0000000180006828 f   mdump.obj
 0001:00005868       ?setLogFilePath@MiniDumper@@QEAAXPEB_W@Z 0000000180006868 f   mdump.obj
 0001:000058a0       ?setMiniDumpType@MiniDumper@@QEAAXW4_BS_MINIDUMP_TYPE@MiniDmpSender@@@Z 00000001800068a0 f   mdump.obj
 0001:000058a8       ?setResourceDllPath@MiniDumper@@QEAAXPEB_W@Z 00000001800068a8 f   mdump.obj
 0001:000058e0       ?setUserZipPath@MiniDumper@@QEAAXPEB_W@Z 00000001800068e0 f   mdump.obj
 0001:00005918       ?signal_handler@@YAXH@Z    0000000180006918 f i mdump.obj
 0001:00005924       ?size@?$basic_string@DU?$char_traits@D@std@@V?$allocator@D@2@@std@@QEBA_KXZ 0000000180006924 f i mdump.obj
 0001:0000592c       ?size@?$vector@VCString@WTL@@V?$allocator@VCString@WTL@@@std@@@std@@QEBA_KXZ 000000018000692c f i mdump.obj
 0001:00005938       ?system_category@std@@YAAEBVerror_category@1@XZ 0000000180006938 f i mdump.obj
 0001:00005940       ?terminator@@YAXXZ         0000000180006940 f i mdump.obj
 0001:0000594c       ?value@error_code@std@@QEBAHXZ 000000018000694c f i mdump.obj
 0001:00005950       ?value@error_condition@std@@QEBAHXZ 0000000180006950 f i mdump.obj
 0001:00005954       ?wcsrchr@@YAPEA_WPEA_W_W@Z 0000000180006954 f i mdump.obj
 0001:0000595c       hypot                      000000018000695c f i mdump.obj
 0001:00005974       ??0MiniDmpSender@@QEAA@PEB_W000K@Z 0000000180006974 f   sbSender.obj
 0001:00005a0c       ??1MiniDmpSender@@UEAA@XZ  0000000180006a0c f   sbSender.obj
 0001:00005a40       ?createReport@MiniDmpSender@@QEAAXPEAU_EXCEPTION_POINTERS@@@Z 0000000180006a40 f   sbSender.obj
 0001:00005a4c       ?createReport@MiniDmpSender@@QEAAXPEB_W@Z 0000000180006a4c f   sbSender.obj
 0001:00005a58       ?enableExceptionFilter@MiniDmpSender@@QEAA_N_N@Z 0000000180006a58 f   sbSender.obj
 0001:00005a64       ?enableFullMemoryDumpAndExit@MiniDmpSender@@QEAA_N_N@Z 0000000180006a64 f   sbSender.obj
 0001:00005a70       ?getFlags@MiniDmpSender@@QEBAKXZ 0000000180006a70 f   sbSender.obj
 0001:00005a7c       ?getMiniDumpType@MiniDmpSender@@QEBA?AW4_BS_MINIDUMP_TYPE@1@XZ 0000000180006a7c f   sbSender.obj
 0001:00005a88       ?getMinidumpPath@MiniDmpSender@@QEAAXPEA_W_K@Z 0000000180006a88 f   sbSender.obj
 0001:00005aa8       ?imp@MiniDmpSender@@QEAAPEAXXZ 0000000180006aa8 f   sbSender.obj
 0001:00005ab0       ?imp@MiniDumper@@QEAAPEAXXZ 0000000180006ab0 f i sbSender.obj
 0001:00005ab8       ?isExceptionFilterEnabled@MiniDmpSender@@QEBA_NXZ 0000000180006ab8 f   sbSender.obj
 0001:00005ac4       ?isFullMemoryDumpAndExitEnabled@MiniDmpSender@@QEBA_NXZ 0000000180006ac4 f   sbSender.obj
 0001:00005ad0       ?removeAdditionalFile@MiniDmpSender@@QEAA_NPEB_W@Z 0000000180006ad0 f   sbSender.obj
 0001:00005adc       ?resetAppIdentifier@MiniDmpSender@@QEAAXPEB_W@Z 0000000180006adc f   sbSender.obj
 0001:00005ae8       ?resetVersionString@MiniDmpSender@@QEAAXPEB_W@Z 0000000180006ae8 f   sbSender.obj
 0001:00005af4       ?sendAdditionalFile@MiniDmpSender@@QEAAXPEB_W@Z 0000000180006af4 f   sbSender.obj
 0001:00005b00       ?setCallback@MiniDmpSender@@QEAAXP6A_NIPEAX0@Z@Z 0000000180006b00 f   sbSender.obj
 0001:00005b0c       ?setDefaultUserDescription@MiniDmpSender@@QEAAXPEB_W@Z 0000000180006b0c f   sbSender.obj
 0001:00005b18       ?setDefaultUserEmail@MiniDmpSender@@QEAAXPEB_W@Z 0000000180006b18 f   sbSender.obj
 0001:00005b24       ?setDefaultUserName@MiniDmpSender@@QEAAXPEB_W@Z 0000000180006b24 f   sbSender.obj
 0001:00005b30       ?setFlags@MiniDmpSender@@QEAA_NK@Z 0000000180006b30 f   sbSender.obj
 0001:00005b3c       ?setGuardByteBufferSize@MiniDmpSender@@QEAAHH@Z 0000000180006b3c f   sbSender.obj
 0001:00005b48       ?setLogFilePath@MiniDmpSender@@QEAAXPEB_W@Z 0000000180006b48 f   sbSender.obj
 0001:00005b54       ?setMiniDumpType@MiniDmpSender@@QEAAXW4_BS_MINIDUMP_TYPE@1@@Z 0000000180006b54 f   sbSender.obj
 0001:00005b60       ?setResourceDllPath@MiniDmpSender@@QEAAXPEB_W@Z 0000000180006b60 f   sbSender.obj
 0001:00005b6c       ?setUserZipPath@MiniDmpSender@@QEAAXPEB_W@Z 0000000180006b6c f   sbSender.obj
 0001:00005b78       ?unhandledExceptionHandler@MiniDmpSender@@QEAAJPEAU_EXCEPTION_POINTERS@@@Z 0000000180006b78 f   sbSender.obj
 0001:00005b80       ??$?2PEA_W@?$Wrapper@PEA_W@?$CSimpleMap@PEA_WPEA_WVCExpansionVectorEqualHelper@ATL@@@ATL@@SAPEAX_KPEAPEA_W@Z 0000000180006b80 f i sbSenderApp.obj
 0001:00005b84       ??$?3PEA_W@?$Wrapper@PEA_W@?$CSimpleMap@PEA_WPEA_WVCExpansionVectorEqualHelper@ATL@@@ATL@@SAXPEAXPEAPEA_W@Z 0000000180006b84 f i sbSenderApp.obj
 0001:00005b88       ??$AtlMultiply@K@ATL@@YAJPEAKKK@Z 0000000180006b88 f i sbSenderApp.obj
 0001:00005ba8       ??$AtlMultiply@_K@ATL@@YAJPEA_K_K1@Z 0000000180006ba8 f i sbSenderApp.obj
 0001:00005bd4       ??$AtlMultiplyThrow@_K@ATL@@YA_K_K0@Z 0000000180006bd4 f i sbSenderApp.obj
 0001:00005c08       ??0?$CAtlModuleT@VCComModule@ATL@@@ATL@@QEAA@XZ 0000000180006c08 f i sbSenderApp.obj
 0001:00005c20       ??0?$CAtlSafeAllocBufferManager@VCCRTAllocator@ATL@@@_ATL_SAFE_ALLOCA_IMPL@ATL@@QEAA@XZ 0000000180006c20 f i sbSenderApp.obj
 0001:00005c28       ??0?$CAutoVectorPtr@_W@ATL@@QEAA@XZ 0000000180006c28 f i sbSenderApp.obj
 0001:00005c30       ??0?$CComCritSecLock@VCComCriticalSection@ATL@@@ATL@@QEAA@AEAVCComCriticalSection@1@_N@Z 0000000180006c30 f i sbSenderApp.obj
 0001:00005c5c       ??0?$CSimpleMap@KPEAVCMessageLoop@WTL@@V?$CSimpleMapEqualHelper@KPEAVCMessageLoop@WTL@@@ATL@@@ATL@@QEAA@XZ 0000000180006c5c f i sbSenderApp.obj
 0001:00005c6c       ??0?$CSimpleMap@PEA_WPEA_WVCExpansionVectorEqualHelper@ATL@@@ATL@@QEAA@XZ 0000000180006c6c f i sbSenderApp.obj
 0001:00005c7c       ??0?$CTempBuffer@E$0BAA@VCCRTAllocator@ATL@@@ATL@@QEAA@XZ 0000000180006c7c f i sbSenderApp.obj
 0001:00005c84       ??0?$CTempBuffer@_W$0BAA@VCCRTAllocator@ATL@@@ATL@@QEAA@XZ 0000000180006c84 f i sbSenderApp.obj
 0001:00005c8c       ??0?$CTempBuffer@_W$0EAA@VCCRTAllocator@ATL@@@ATL@@QEAA@XZ 0000000180006c8c f i sbSenderApp.obj
 0001:00005c94       ??0?$Wrapper@PEA_W@?$CSimpleMap@PEA_WPEA_WVCExpansionVectorEqualHelper@ATL@@@ATL@@QEAA@AEBQEA_W@Z 0000000180006c94 f i sbSenderApp.obj
 0001:00005ca0       ??0CAppModule@WTL@@QEAA@XZ 0000000180006ca0 f i sbSenderApp.obj
 0001:00005cc8       ??0CAtlComModule@ATL@@QEAA@XZ 0000000180006cc8 f i sbSenderApp.obj
 0001:00005d50       ??0CAtlException@ATL@@QEAA@J@Z 0000000180006d50 f i sbSenderApp.obj
 0001:00005d58       ??0CAtlModule@ATL@@QEAA@XZ 0000000180006d58 f i sbSenderApp.obj
 0001:00005dd4       ??0CComAutoDeleteCriticalSection@ATL@@QEAA@XZ 0000000180006dd4 f i sbSenderApp.obj
 0001:00005df8       ??0CComCriticalSection@ATL@@QEAA@XZ 0000000180006df8 f i sbSenderApp.obj
 0001:00005e18       ??0CComModule@ATL@@QEAA@XZ 0000000180006e18 f i sbSenderApp.obj
 0001:00005e40       ??0CComSafeDeleteCriticalSection@ATL@@QEAA@XZ 0000000180006e40 f i sbSenderApp.obj
 0001:00005e64       ??0CExpansionVector@ATL@@QEAA@XZ 0000000180006e64 f i sbSenderApp.obj
 0001:00005e74       ??0CParseBuffer@CRegParser@ATL@@QEAA@H@Z 0000000180006e74 f i sbSenderApp.obj
 0001:00005ec8       ??0CRegKey@ATL@@QEAA@PEAVCAtlTransactionManager@1@@Z 0000000180006ec8 f i sbSenderApp.obj
 0001:00005ed8       ??0CRegObject@ATL@@QEAA@XZ 0000000180006ed8 f i sbSenderApp.obj
 0001:00005f20       ??0CRegParser@ATL@@QEAA@PEAVCRegObject@1@@Z 0000000180006f20 f i sbSenderApp.obj
 0001:00005f2c       ??0CStaticDataInitCriticalSectionLock@WTL@@QEAA@XZ 0000000180006f2c f i sbSenderApp.obj
 0001:00005f44       ??0IRegistrarBase@@QEAA@XZ 0000000180006f44 f i sbSenderApp.obj
 0001:00005f48       ??0IUnknown@@QEAA@XZ       0000000180006f48 f i sbSenderApp.obj
 0001:00005f4c       ??0_ATL_COM_MODULE70@ATL@@QEAA@XZ 0000000180006f4c f i sbSenderApp.obj
 0001:00005f70       ??0_ATL_MODULE70@ATL@@QEAA@XZ 0000000180006f70 f i sbSenderApp.obj
 0001:00005f94       ??1?$CAtlModuleT@VCComModule@ATL@@@ATL@@UEAA@XZ 0000000180006f94 f i sbSenderApp.obj
 0001:00005fe8       ??1?$CAtlSafeAllocBufferManager@VCCRTAllocator@ATL@@@_ATL_SAFE_ALLOCA_IMPL@ATL@@QEAA@XZ 0000000180006fe8 f i sbSenderApp.obj
 0001:00006014       ??1?$CAutoVectorPtr@_W@ATL@@QEAA@XZ 0000000180007014 f i sbSenderApp.obj
 0001:00006030       ??1?$CComCritSecLock@VCComCriticalSection@ATL@@@ATL@@QEAA@XZ 0000000180007030 f i sbSenderApp.obj
 0001:00006054       ??1?$CSimpleArray@PEAUHWND__@@V?$CSimpleArrayEqualHelper@PEAUHWND__@@@ATL@@@ATL@@QEAA@XZ 0000000180007054 f i sbSenderApp.obj
 0001:0000607c       ??1?$CSimpleMap@KPEAVCMessageLoop@WTL@@V?$CSimpleMapEqualHelper@KPEAVCMessageLoop@WTL@@@ATL@@@ATL@@QEAA@XZ 000000018000707c f i sbSenderApp.obj
 0001:000060b4       ??1?$CSimpleMap@PEA_WPEA_WVCExpansionVectorEqualHelper@ATL@@@ATL@@QEAA@XZ 00000001800070b4 f i sbSenderApp.obj
 0001:000060ec       ??1?$CTempBuffer@E$0BAA@VCCRTAllocator@ATL@@@ATL@@QEAA@XZ 00000001800070ec f i sbSenderApp.obj
 0001:00006104       ??1?$CTempBuffer@_W$0BAA@VCCRTAllocator@ATL@@@ATL@@QEAA@XZ 0000000180007104 f i sbSenderApp.obj
 0001:0000611c       ??1?$CTempBuffer@_W$0EAA@VCCRTAllocator@ATL@@@ATL@@QEAA@XZ 000000018000711c f i sbSenderApp.obj
 0001:00006134       ??1CAppModule@WTL@@UEAA@XZ 0000000180007134 f i sbSenderApp.obj
 0001:00006190       ??1CAtlComModule@ATL@@QEAA@XZ 0000000180007190 f i sbSenderApp.obj
 0001:00006198       ??1CAtlModule@ATL@@UEAA@XZ 0000000180007198 f i sbSenderApp.obj
 0001:000061ec       ??1CComAutoDeleteCriticalSection@ATL@@QEAA@XZ 00000001800071ec f i sbSenderApp.obj
 0001:00006208       ??1CComCriticalSection@ATL@@QEAA@XZ 0000000180007208 f i sbSenderApp.obj
 0001:0000620c       ??1CComModule@ATL@@UEAA@XZ 000000018000720c f i sbSenderApp.obj
 0001:00006268       ??1CComSafeDeleteCriticalSection@ATL@@QEAA@XZ 0000000180007268 f i sbSenderApp.obj
 0001:00006284       ??1CExpansionVector@ATL@@QEAA@XZ 0000000180007284 f i sbSenderApp.obj
 0001:000062d0       ??1CParseBuffer@CRegParser@ATL@@QEAA@XZ 00000001800072d0 f i sbSenderApp.obj
 0001:000062dc       ??1CRegKey@ATL@@QEAA@XZ    00000001800072dc f i sbSenderApp.obj
 0001:00006304       ??1CRegObject@ATL@@UEAA@XZ 0000000180007304 f i sbSenderApp.obj
 0001:000063a4       ??1CStaticDataInitCriticalSectionLock@WTL@@QEAA@XZ 00000001800073a4 f i sbSenderApp.obj
 0001:000063c8       ??1_ATL_COM_MODULE70@ATL@@QEAA@XZ 00000001800073c8 f i sbSenderApp.obj
 0001:000063cc       ??1_ATL_MODULE70@ATL@@QEAA@XZ 00000001800073cc f i sbSenderApp.obj
 0001:000063d0       ??A?$CSimpleArray@PEAUHWND__@@V?$CSimpleArrayEqualHelper@PEAUHWND__@@@ATL@@@ATL@@QEAAAEAPEAUHWND__@@H@Z 00000001800073d0 f i sbSenderApp.obj
 0001:00006404       ??B?$CTempBuffer@E$0BAA@VCCRTAllocator@ATL@@@ATL@@QEBAPEAEXZ 0000000180007404 f i sbSenderApp.obj
 0001:00006408       ??B?$CTempBuffer@_W$0BAA@VCCRTAllocator@ATL@@@ATL@@QEBAPEA_WXZ 0000000180007408 f i sbSenderApp.obj
 0001:0000640c       ??B?$CTempBuffer@_W$0EAA@VCCRTAllocator@ATL@@@ATL@@QEBAPEA_WXZ 000000018000740c f i sbSenderApp.obj
 0001:00006410       ??BCRegKey@ATL@@QEBAPEAUHKEY__@@XZ 0000000180007410 f i sbSenderApp.obj
 0001:00006414       ??_G?$CSimpleArray@PEAUHWND__@@V?$CSimpleArrayEqualHelper@PEAUHWND__@@@ATL@@@ATL@@QEAAPEAXI@Z 0000000180007414 f i sbSenderApp.obj
 0001:00006458       ??_G?$CSimpleMap@KPEAVCMessageLoop@WTL@@V?$CSimpleMapEqualHelper@KPEAVCMessageLoop@WTL@@@ATL@@@ATL@@QEAAPEAXI@Z 0000000180007458 f i sbSenderApp.obj
 0001:000064ac       ??_ECAppModule@WTL@@UEAAPEAXI@Z 00000001800074ac f i sbSenderApp.obj
 0001:000064ac       ??_GCAppModule@WTL@@UEAAPEAXI@Z 00000001800074ac f i sbSenderApp.obj
 0001:00006524       ??_ECComModule@ATL@@UEAAPEAXI@Z 0000000180007524 f i sbSenderApp.obj
 0001:00006524       ??_GCComModule@ATL@@UEAAPEAXI@Z 0000000180007524 f i sbSenderApp.obj
 0001:0000659c       ??_ECRegObject@ATL@@UEAAPEAXI@Z 000000018000759c f i sbSenderApp.obj
 0001:0000659c       ??_GCRegObject@ATL@@UEAAPEAXI@Z 000000018000759c f i sbSenderApp.obj
 0001:000065cc       ?Add@?$CSimpleMap@PEA_WPEA_WVCExpansionVectorEqualHelper@ATL@@@ATL@@QEAAHAEBQEA_W0@Z 00000001800075cc f i sbSenderApp.obj
 0001:00006668       ?Add@CExpansionVector@ATL@@QEAAHPEB_W0@Z 0000000180007668 f i sbSenderApp.obj
 0001:00006830       ?AddChar@CParseBuffer@CRegParser@ATL@@QEAAHPEB_W@Z 0000000180007830 f i sbSenderApp.obj
 0001:0000683c       ?AddCommonRGSReplacements@?$CAtlModuleT@VCComModule@ATL@@@ATL@@UEAAJPEAUIRegistrarBase@@@Z 000000018000783c f i sbSenderApp.obj
 0001:00006854       ?AddRef@CRegObject@ATL@@UEAAKXZ 0000000180007854 f i sbSenderApp.obj
 0001:0000685c       ?AddReplacement@CRegObject@ATL@@UEAAJPEB_W0@Z 000000018000785c f i sbSenderApp.obj
 0001:000068e0       ?AddString@CParseBuffer@CRegParser@ATL@@QEAAHPEB_W@Z 00000001800078e0 f i sbSenderApp.obj
 0001:0000692c       ?AddValue@CRegParser@ATL@@IEAAJAEAVCRegKey@2@PEB_WPEA_W@Z 000000018000792c f i sbSenderApp.obj
 0001:00006d74       ?Allocate@?$CTempBuffer@E$0BAA@VCCRTAllocator@ATL@@@ATL@@QEAAPEAE_K@Z 0000000180007d74 f i sbSenderApp.obj
 0001:00006dc4       ?Allocate@?$CTempBuffer@_W$0BAA@VCCRTAllocator@ATL@@@ATL@@QEAAPEA_W_K@Z 0000000180007dc4 f i sbSenderApp.obj
 0001:00006e14       ?Allocate@?$CTempBuffer@_W$0EAA@VCCRTAllocator@ATL@@@ATL@@QEAAPEA_W_K@Z 0000000180007e14 f i sbSenderApp.obj
 0001:00006e64       ?Allocate@CCRTAllocator@ATL@@SAPEAX_K@Z 0000000180007e64 f i sbSenderApp.obj
 0001:00006e6c       ?AllocateBytes@?$CTempBuffer@E$0BAA@VCCRTAllocator@ATL@@@ATL@@QEAAPEAE_K@Z 0000000180007e6c f i sbSenderApp.obj
 0001:00006e98       ?AllocateBytes@?$CTempBuffer@_W$0BAA@VCCRTAllocator@ATL@@@ATL@@QEAAPEA_W_K@Z 0000000180007e98 f i sbSenderApp.obj
 0001:00006ec4       ?AllocateBytes@?$CTempBuffer@_W$0EAA@VCCRTAllocator@ATL@@@ATL@@QEAAPEA_W_K@Z 0000000180007ec4 f i sbSenderApp.obj
 0001:00006ef0       ?AllocateHeap@?$CTempBuffer@E$0BAA@VCCRTAllocator@ATL@@@ATL@@AEAAX_K@Z 0000000180007ef0 f i sbSenderApp.obj
 0001:00006f1c       ?AllocateHeap@?$CTempBuffer@_W$0BAA@VCCRTAllocator@ATL@@@ATL@@AEAAX_K@Z 0000000180007f1c f i sbSenderApp.obj
 0001:00006f48       ?AllocateHeap@?$CTempBuffer@_W$0EAA@VCCRTAllocator@ATL@@@ATL@@AEAAX_K@Z 0000000180007f48 f i sbSenderApp.obj
 0001:00006f74       ?Append@CParseBuffer@CRegParser@ATL@@QEAAHPEB_WH@Z 0000000180007f74 f i sbSenderApp.obj
 0001:00007080       ?AtlCallTermFunc@ATL@@YAXPEAU_ATL_MODULE70@1@@Z 0000000180008080 f i sbSenderApp.obj
 0001:000070e4       ?AtlCoTaskMemCAlloc@ATL@@YAPEAXKK@Z 00000001800080e4 f i sbSenderApp.obj
 0001:00007104       ?AtlCoTaskMemRecalloc@ATL@@YAPEAXPEAXKK@Z 0000000180008104 f i sbSenderApp.obj
 0001:00007128       ?AtlCrtErrorCheck@ATL@@YAHH@Z 0000000180008128 f i sbSenderApp.obj
 0001:0000716c       ?AtlGetPerUserRegistration@ATL@@YAJPEA_N@Z 000000018000816c f i sbSenderApp.obj
 0001:00007184       ?AtlHresultFromLastError@ATL@@YAJXZ 0000000180008184 f i sbSenderApp.obj
 0001:000071a4       ?AtlHresultFromWin32@ATL@@YAJK@Z 00000001800081a4 f i sbSenderApp.obj
 0001:000071b4       ?AtlThrowImpl@ATL@@YAXJ@Z  00000001800081b4 f i sbSenderApp.obj
 0001:000071d0       ?Attach@?$CAutoVectorPtr@_W@ATL@@QEAAXPEA_W@Z 00000001800081d0 f i sbSenderApp.obj
 0001:000071d4       ?Attach@CRegKey@ATL@@QEAAXPEAUHKEY__@@@Z 00000001800081d4 f i sbSenderApp.obj
 0001:000071e4       ?CanForceRemoveKey@CRegParser@ATL@@IEAAHPEB_W@Z 00000001800081e4 f i sbSenderApp.obj
 0001:0000722c       ?ChToByte@CRegParser@ATL@@KAE_W@Z 000000018000822c f i sbSenderApp.obj
 0001:0000725c       ?ClearReplacements@CExpansionVector@ATL@@QEAAJXZ 000000018000825c f i sbSenderApp.obj
 0001:00007310       ?ClearReplacements@CRegObject@ATL@@UEAAJXZ 0000000180008310 f i sbSenderApp.obj
 0001:0000734c       ?Close@CRegKey@ATL@@QEAAJXZ 000000018000834c f i sbSenderApp.obj
 0001:00007374       ?Create@CRegKey@ATL@@QEAAJPEAUHKEY__@@PEB_WPEA_WKKPEAU_SECURITY_ATTRIBUTES@@PEAK@Z 0000000180008374 f i sbSenderApp.obj
 0001:00007464       ?Decrement@CComMultiThreadModel@ATL@@SAKPEAJ@Z 0000000180008464 f i sbSenderApp.obj
 0001:00007470       ?DeleteSubKey@CRegKey@ATL@@QEAAJPEB_W@Z 0000000180008470 f i sbSenderApp.obj
 0001:00007508       ?DeleteValue@CRegKey@ATL@@QEAAJPEB_W@Z 0000000180008508 f i sbSenderApp.obj
 0001:00007514       ?Detach@?$CAutoVectorPtr@_W@ATL@@QEAAPEA_WXZ 0000000180008514 f i sbSenderApp.obj
 0001:0000751c       ?Detach@CParseBuffer@CRegParser@ATL@@QEAAPEA_WXZ 000000018000851c f i sbSenderApp.obj
 0001:0000752c       ?Detach@CRegKey@ATL@@QEAAPEAUHKEY__@@XZ 000000018000852c f i sbSenderApp.obj
 0001:0000753c       ?EndOfVar@CRegParser@ATL@@IEAAHXZ 000000018000853c f i sbSenderApp.obj
 0001:00007568       ?EscapeSingleQuote@CAtlModule@ATL@@SAXPEA_W_KPEB_W@Z 0000000180008568 f i sbSenderApp.obj
 0001:000075bc       ?FinalConstruct@CRegObject@ATL@@QEAAJXZ 00000001800085bc f i sbSenderApp.obj
 0001:00007604       ?FindKey@?$CSimpleMap@PEA_WPEA_WVCExpansionVectorEqualHelper@ATL@@@ATL@@QEBAHAEBQEA_W@Z 0000000180008604 f i sbSenderApp.obj
 0001:00007664       ?Free@?$CAutoVectorPtr@_W@ATL@@QEAAXXZ 0000000180008664 f i sbSenderApp.obj
 0001:00007680       ?Free@CCRTAllocator@ATL@@SAXPEAX@Z 0000000180008680 f i sbSenderApp.obj
 0001:00007688       ?FreeHeap@?$CTempBuffer@E$0BAA@VCCRTAllocator@ATL@@@ATL@@AEAAXXZ 0000000180008688 f i sbSenderApp.obj
 0001:00007690       ?FreeHeap@?$CTempBuffer@_W$0BAA@VCCRTAllocator@ATL@@@ATL@@AEAAXXZ 0000000180008690 f i sbSenderApp.obj
 0001:00007698       ?FreeHeap@?$CTempBuffer@_W$0EAA@VCCRTAllocator@ATL@@@ATL@@AEAAXXZ 0000000180008698 f i sbSenderApp.obj
 0001:000076a0       ?GenerateError@CRegParser@ATL@@IEAAJI@Z 00000001800086a0 f i sbSenderApp.obj
 0001:000076a8       ?GetAppId@?$CAtlModuleT@VCComModule@ATL@@@ATL@@SAPEB_WXZ 00000001800086a8 f i sbSenderApp.obj
 0001:000076b0       ?GetGITPtr@CAtlModule@ATL@@UEAAJPEAPEAUIGlobalInterfaceTable@@@Z 00000001800086b0 f i sbSenderApp.obj
 0001:00007720       ?GetKeyAt@?$CSimpleMap@PEA_WPEA_WVCExpansionVectorEqualHelper@ATL@@@ATL@@QEBAAEAPEA_WH@Z 0000000180008720 f i sbSenderApp.obj
 0001:00007754       ?GetLockCount@CAtlModule@ATL@@UEAAJXZ 0000000180008754 f i sbSenderApp.obj
 0001:00007758       ?GetModuleInstance@CAtlBaseModule@ATL@@QEAAPEAUHINSTANCE__@@XZ 0000000180008758 f i sbSenderApp.obj
 0001:00007760       ?GetSize@?$CSimpleArray@PEAUHWND__@@V?$CSimpleArrayEqualHelper@PEAUHWND__@@@ATL@@@ATL@@QEBAHXZ 0000000180008760 f i sbSenderApp.obj
 0001:00007764       ?GetSize@?$CSimpleMap@PEA_WPEA_WVCExpansionVectorEqualHelper@ATL@@@ATL@@QEBAHXZ 0000000180008764 f i sbSenderApp.obj
 0001:00007768       ?GetValueAt@?$CSimpleMap@PEA_WPEA_WVCExpansionVectorEqualHelper@ATL@@@ATL@@QEBAAEAPEA_WH@Z 0000000180008768 f i sbSenderApp.obj
 0001:0000779c       ?HKeyFromString@CRegParser@ATL@@KAPEAUHKEY__@@PEA_W@Z 000000018000879c f i sbSenderApp.obj
 0001:00007804       ?HasSubKeys@CRegParser@ATL@@IEAAHPEAUHKEY__@@@Z 0000000180008804 f i sbSenderApp.obj
 0001:00007864       ?Increment@CComMultiThreadModel@ATL@@SAKPEAJ@Z 0000000180008864 f i sbSenderApp.obj
 0001:00007870       ?Init@CAppModule@WTL@@QEAAJPEAU_ATL_OBJMAP_ENTRY30@ATL@@PEAUHINSTANCE__@@PEBU_GUID@@@Z 0000000180008870 f i sbSenderApp.obj
 0001:000078f4       ?Init@CComCriticalSection@ATL@@QEAAJXZ 00000001800088f4 f i sbSenderApp.obj
 0001:00007924       ?Init@CComModule@ATL@@QEAAJPEAU_ATL_OBJMAP_ENTRY30@2@PEAUHINSTANCE__@@PEBU_GUID@@@Z 0000000180008924 f i sbSenderApp.obj
 0001:00007998       ?Init@CComSafeDeleteCriticalSection@ATL@@QEAAJXZ 0000000180008998 f i sbSenderApp.obj
 0001:000079dc       ?InitLibId@?$CAtlModuleT@VCComModule@ATL@@@ATL@@SAXXZ 00000001800089dc f i sbSenderApp.obj
 0001:000079e0       ?InternalSetAtIndex@?$CSimpleMap@PEA_WPEA_WVCExpansionVectorEqualHelper@ATL@@@ATL@@QEAAXHAEBQEA_W0@Z 00000001800089e0 f i sbSenderApp.obj
 0001:00007a0c       ?IsEqualKey@CExpansionVectorEqualHelper@ATL@@SA_NQEA_W0@Z 0000000180008a0c f i sbSenderApp.obj
 0001:00007a20       ?IsSpace@CRegParser@ATL@@IEAAH_W@Z 0000000180008a20 f i sbSenderApp.obj
 0001:00007a44       ?Lock@?$CComCritSecLock@VCComCriticalSection@ATL@@@ATL@@QEAAJXZ 0000000180008a44 f i sbSenderApp.obj
 0001:00007a64       ?Lock@CAtlModule@ATL@@UEAAJXZ 0000000180008a64 f i sbSenderApp.obj
 0001:00007a74       ?Lock@CComCriticalSection@ATL@@QEAAJXZ 0000000180008a74 f i sbSenderApp.obj
 0001:00007a88       ?Lock@CComSafeDeleteCriticalSection@ATL@@QEAAJXZ 0000000180008a88 f i sbSenderApp.obj
 0001:00007a9c       ?Lock@CStaticDataInitCriticalSectionLock@WTL@@QEAAJXZ 0000000180008a9c f i sbSenderApp.obj
 0001:00007abc       ?Lookup@?$CSimpleMap@PEA_WPEA_WVCExpansionVectorEqualHelper@ATL@@@ATL@@QEBAPEA_WAEBQEA_W@Z 0000000180008abc f i sbSenderApp.obj
 0001:00007b4c       ?NextToken@CRegParser@ATL@@IEAAJPEA_W@Z 0000000180008b4c f i sbSenderApp.obj
 0001:00007cd4       ?OLE2CT_EX@@YAPEB_WPEB_WI@Z 0000000180008cd4 f i sbSenderApp.obj
 0001:00007cd8       ?Open@CRegKey@ATL@@QEAAJPEAUHKEY__@@PEB_WK@Z 0000000180008cd8 f i sbSenderApp.obj
 0001:00007d68       ?PreProcessBuffer@CRegParser@ATL@@QEAAJPEA_WPEAPEA_W@Z 0000000180008d68 f i sbSenderApp.obj
 0001:0000812c       ?QueryInterface@CRegObject@ATL@@UEAAJAEBU_GUID@@PEAPEAX@Z 000000018000912c f i sbSenderApp.obj
 0001:00008134       ?RecurseDeleteKey@CRegKey@ATL@@QEAAJPEB_W@Z 0000000180009134 f i sbSenderApp.obj
 0001:0000823c       ?RegCreateKeyExW@CAtlTransactionManager@ATL@@QEAAJPEAUHKEY__@@PEB_WKPEA_WKKQEAU_SECURITY_ATTRIBUTES@@PEAPEAU3@PEAK@Z 000000018000923c f i sbSenderApp.obj
 0001:00008370       ?RegDeleteKeyW@CAtlTransactionManager@ATL@@QEAAJPEAUHKEY__@@PEB_W@Z 0000000180009370 f i sbSenderApp.obj
 0001:000083fc       ?RegOpenKeyExW@CAtlTransactionManager@ATL@@QEAAJPEAUHKEY__@@PEB_WKKPEAPEAU3@@Z 00000001800093fc f i sbSenderApp.obj
 0001:000084b4       ?RegisterBuffer@CRegParser@ATL@@QEAAJPEA_WH@Z 00000001800094b4 f i sbSenderApp.obj
 0001:0000861c       ?RegisterFromResource@CRegObject@ATL@@IEAAJPEB_W00H@Z 000000018000961c f i sbSenderApp.obj
 0001:000087f4       ?RegisterSubkeys@CRegParser@ATL@@IEAAJPEA_WPEAUHKEY__@@HH@Z 00000001800097f4 f i sbSenderApp.obj
 0001:00008f20       ?Release@CRegObject@ATL@@UEAAKXZ 0000000180009f20 f i sbSenderApp.obj
 0001:00008f24       ?RemoveAll@?$CSimpleArray@PEAUHWND__@@V?$CSimpleArrayEqualHelper@PEAUHWND__@@@ATL@@@ATL@@QEAAXXZ 0000000180009f24 f i sbSenderApp.obj
 0001:00008f4c       ?RemoveAll@?$CSimpleMap@KPEAVCMessageLoop@WTL@@V?$CSimpleMapEqualHelper@KPEAVCMessageLoop@WTL@@@ATL@@@ATL@@QEAAXXZ 0000000180009f4c f i sbSenderApp.obj
 0001:00008f84       ?RemoveAll@?$CSimpleMap@PEA_WPEA_WVCExpansionVectorEqualHelper@ATL@@@ATL@@QEAAXXZ 0000000180009f84 f i sbSenderApp.obj
 0001:00008fbc       ?ResourceRegister@CRegObject@ATL@@QEAAJPEB_WI0@Z 0000000180009fbc f i sbSenderApp.obj
 0001:00008fe8       ?ResourceRegisterSz@CRegObject@ATL@@QEAAJPEB_W00@Z 0000000180009fe8 f i sbSenderApp.obj
 0001:00009020       ?ResourceUnregister@CRegObject@ATL@@QEAAJPEB_WI0@Z 000000018000a020 f i sbSenderApp.obj
 0001:00009048       ?ResourceUnregisterSz@CRegObject@ATL@@QEAAJPEB_W00@Z 000000018000a048 f i sbSenderApp.obj
 0001:0000907c       ?SetDWORDValue@CRegKey@ATL@@QEAAJPEB_WK@Z 000000018000a07c f i sbSenderApp.obj
 0001:000090ac       ?SetMultiStringValue@CRegKey@ATL@@QEAAJPEB_W0@Z 000000018000a0ac f i sbSenderApp.obj
 0001:0000912c       ?SetStringValue@CRegKey@ATL@@QEAAJPEB_W0K@Z 000000018000a12c f i sbSenderApp.obj
 0001:00009198       ?SkipAssignment@CRegParser@ATL@@IEAAJPEA_W@Z 000000018000a198 f i sbSenderApp.obj
 0001:0000923c       ?SkipWhiteSpace@CRegParser@ATL@@IEAAXXZ 000000018000a23c f i sbSenderApp.obj
 0001:00009274       ?StrChrW@CRegParser@ATL@@KAPEA_WPEA_W_W@Z 000000018000a274 f i sbSenderApp.obj
 0001:000092bc       ?StrFromMap@CRegObject@ATL@@QEAAPEB_WPEA_W@Z 000000018000a2bc f i sbSenderApp.obj
 0001:00009304       ?T2COLE_EX@@YAPEB_WPEB_WI@Z 000000018000a304 f i sbSenderApp.obj
 0001:00009308       ?T2OLE_EX@@YAPEA_WPEA_WI@Z 000000018000a308 f i sbSenderApp.obj
 0001:0000930c       ?Term@CAppModule@WTL@@QEAAXXZ 000000018000a30c f i sbSenderApp.obj
 0001:0000936c       ?Term@CAtlComModule@ATL@@QEAAXXZ 000000018000a36c f i sbSenderApp.obj
 0001:000093dc       ?Term@CAtlModule@ATL@@QEAAXXZ 000000018000a3dc f i sbSenderApp.obj
 0001:00009430       ?Term@CComCriticalSection@ATL@@QEAAJXZ 000000018000a430 f i sbSenderApp.obj
 0001:00009444       ?Term@CComModule@ATL@@QEAAXXZ 000000018000a444 f i sbSenderApp.obj
 0001:000094f0       ?TermSettingChangeNotify@CAppModule@WTL@@QEAAXXZ 000000018000a4f0 f i sbSenderApp.obj
 0001:00009578       ?Unlock@?$CComCritSecLock@VCComCriticalSection@ATL@@@ATL@@QEAAXXZ 000000018000a578 f i sbSenderApp.obj
 0001:00009594       ?Unlock@CAtlModule@ATL@@UEAAJXZ 000000018000a594 f i sbSenderApp.obj
 0001:000095a0       ?Unlock@CComCriticalSection@ATL@@QEAAJXZ 000000018000a5a0 f i sbSenderApp.obj
 0001:000095b4       ?Unlock@CStaticDataInitCriticalSectionLock@WTL@@QEAAXXZ 000000018000a5b4 f i sbSenderApp.obj
 0001:000095d0       ?UpdateRegistryFromResource@CAtlModule@ATL@@QEAAJIHPEAU_ATL_REGMAP_ENTRY@2@@Z 000000018000a5d0 f i sbSenderApp.obj
 0001:0000985c       ?UpdateRegistryFromResource@CAtlModule@ATL@@QEAAJPEB_WHPEAU_ATL_REGMAP_ENTRY@2@@Z 000000018000a85c f i sbSenderApp.obj
 0001:00009af8       ?UpdateRegistryFromResource@CComModule@ATL@@UEAAJIHPEAU_ATL_REGMAP_ENTRY@2@@Z 000000018000aaf8 f i sbSenderApp.obj
 0001:00009b00       ?UpdateRegistryFromResource@CComModule@ATL@@UEAAJPEB_WHPEAU_ATL_REGMAP_ENTRY@2@@Z 000000018000ab00 f i sbSenderApp.obj
 0001:00009b08       ?UpdateRegistryFromResourceD@CComModule@ATL@@UEAAJIHPEAU_ATL_REGMAP_ENTRY@2@@Z 000000018000ab08 f i sbSenderApp.obj
 0001:00009b10       ?UpdateRegistryFromResourceD@CComModule@ATL@@UEAAJPEB_WHPEAU_ATL_REGMAP_ENTRY@2@@Z 000000018000ab10 f i sbSenderApp.obj
 0001:00009b18       ?VTFromRegType@CRegParser@ATL@@KAHPEB_WAEAG@Z 000000018000ab18 f i sbSenderApp.obj
 0001:00009c10       ?_AtlGetConversionACP@ATL@@YAIXZ 000000018000ac10 f i sbSenderApp.obj
 0001:00009c18       ?_AtlInitializeCriticalSectionEx@ATL@@YAHPEAU_RTL_CRITICAL_SECTION@@KK@Z 000000018000ac18 f i sbSenderApp.obj
 0001:00009c20       ?_AtlRaiseException@ATL@@YAXKK@Z 000000018000ac20 f i sbSenderApp.obj
 0001:00009c30       ?memcpy_s@Checked@ATL@@YAXPEAX_KPEBX1@Z 000000018000ac30 f i sbSenderApp.obj
 0001:00009c78       ?ocscpy_s@@YA_NPEA_W_KPEB_W@Z 000000018000ac78 f i sbSenderApp.obj
 0001:00009cdc       ?ocslen@@YAHPEB_W@Z        000000018000acdc f i sbSenderApp.obj
 0001:00009cec       ?tcsncpy_s@Checked@ATL@@YAHPEA_W_KPEB_W1@Z 000000018000acec f i sbSenderApp.obj
 0001:00009d34       ?wcsstr@@YAPEA_WPEA_WPEB_W@Z 000000018000ad34 f i sbSenderApp.obj
 0001:00009d3c       DllMain                    000000018000ad3c f   sbSenderApp.obj
 0001:00009dc0       HRESULT_FROM_WIN32         000000018000adc0 f i sbSenderApp.obj
 0001:00009dd0       ??0?$CSimpleArray@GV?$CSimpleArrayEqualHelper@G@ATL@@@ATL@@QEAA@XZ 000000018000add0 f i StdAfx.obj
 0001:00009de0       ??0?$CTraceCategoryEx@$00$0A@@ATL@@QEAA@PEB_W@Z 000000018000ade0 f i StdAfx.obj
 0001:00009de4       ??0?$CTraceCategoryEx@$01$0A@@ATL@@QEAA@PEB_W@Z 000000018000ade4 f i StdAfx.obj
 0001:00009de8       ??0?$CTraceCategoryEx@$03$0A@@ATL@@QEAA@PEB_W@Z 000000018000ade8 f i StdAfx.obj
 0001:00009dec       ??0?$CTraceCategoryEx@$07$0A@@ATL@@QEAA@PEB_W@Z 000000018000adec f i StdAfx.obj
 0001:00009df0       ??0?$CTraceCategoryEx@$0BA@$0A@@ATL@@QEAA@PEB_W@Z 000000018000adf0 f i StdAfx.obj
 0001:00009df4       ??0?$CTraceCategoryEx@$0BAA@$0A@@ATL@@QEAA@PEB_W@Z 000000018000adf4 f i StdAfx.obj
 0001:00009df8       ??0?$CTraceCategoryEx@$0BAAA@$0A@@ATL@@QEAA@PEB_W@Z 000000018000adf8 f i StdAfx.obj
 0001:00009dfc       ??0?$CTraceCategoryEx@$0BAAAA@$0A@@ATL@@QEAA@PEB_W@Z 000000018000adfc f i StdAfx.obj
 0001:00009e00       ??0?$CTraceCategoryEx@$0BAAAAA@$0A@@ATL@@QEAA@PEB_W@Z 000000018000ae00 f i StdAfx.obj
 0001:00009e04       ??0?$CTraceCategoryEx@$0CA@$0A@@ATL@@QEAA@PEB_W@Z 000000018000ae04 f i StdAfx.obj
 0001:00009e08       ??0?$CTraceCategoryEx@$0CAA@$0A@@ATL@@QEAA@PEB_W@Z 000000018000ae08 f i StdAfx.obj
 0001:00009e0c       ??0?$CTraceCategoryEx@$0CAAA@$0A@@ATL@@QEAA@PEB_W@Z 000000018000ae0c f i StdAfx.obj
 0001:00009e10       ??0?$CTraceCategoryEx@$0CAAAA@$0A@@ATL@@QEAA@PEB_W@Z 000000018000ae10 f i StdAfx.obj
 0001:00009e14       ??0?$CTraceCategoryEx@$0CAAAAA@$0A@@ATL@@QEAA@PEB_W@Z 000000018000ae14 f i StdAfx.obj
 0001:00009e18       ??0?$CTraceCategoryEx@$0EA@$0A@@ATL@@QEAA@PEB_W@Z 000000018000ae18 f i StdAfx.obj
 0001:00009e1c       ??0?$CTraceCategoryEx@$0EAA@$0A@@ATL@@QEAA@PEB_W@Z 000000018000ae1c f i StdAfx.obj
 0001:00009e20       ??0?$CTraceCategoryEx@$0EAAA@$0A@@ATL@@QEAA@PEB_W@Z 000000018000ae20 f i StdAfx.obj
 0001:00009e24       ??0?$CTraceCategoryEx@$0EAAAA@$0A@@ATL@@QEAA@PEB_W@Z 000000018000ae24 f i StdAfx.obj
 0001:00009e28       ??0?$CTraceCategoryEx@$0EAAAAA@$0A@@ATL@@QEAA@PEB_W@Z 000000018000ae28 f i StdAfx.obj
 0001:00009e2c       ??0?$CTraceCategoryEx@$0IA@$0A@@ATL@@QEAA@PEB_W@Z 000000018000ae2c f i StdAfx.obj
 0001:00009e30       ??0?$CTraceCategoryEx@$0IAA@$0A@@ATL@@QEAA@PEB_W@Z 000000018000ae30 f i StdAfx.obj
 0001:00009e34       ??0?$CTraceCategoryEx@$0IAAA@$0A@@ATL@@QEAA@PEB_W@Z 000000018000ae34 f i StdAfx.obj
 0001:00009e38       ??0?$CTraceCategoryEx@$0IAAAA@$0A@@ATL@@QEAA@PEB_W@Z 000000018000ae38 f i StdAfx.obj
 0001:00009e3c       ??0CAtlWinModule@ATL@@QEAA@XZ 000000018000ae3c f i StdAfx.obj
 0001:00009eb0       ??0CTraceCategory@ATL@@QEAA@PEB_W@Z 000000018000aeb0 f i StdAfx.obj
 0001:00009eb4       ??0_ATL_WIN_MODULE70@ATL@@QEAA@XZ 000000018000aeb4 f i StdAfx.obj
 0001:00009ee0       ??1?$CSimpleArray@GV?$CSimpleArrayEqualHelper@G@ATL@@@ATL@@QEAA@XZ 000000018000aee0 f i StdAfx.obj
 0001:00009f08       ??1CAtlWinModule@ATL@@QEAA@XZ 000000018000af08 f i StdAfx.obj
 0001:00009f40       ??1CComBSTR@ATL@@QEAA@XZ   000000018000af40 f i StdAfx.obj
 0001:00009f4c       ??1_ATL_WIN_MODULE70@ATL@@QEAA@XZ 000000018000af4c f i StdAfx.obj
 0001:00009f78       ??1stringdispid@CComTypeInfoHolder@ATL@@QEAA@XZ 000000018000af78 f i StdAfx.obj
 0001:00009f84       ??A?$CSimpleArray@GV?$CSimpleArrayEqualHelper@G@ATL@@@ATL@@QEAAAEAGH@Z 000000018000af84 f i StdAfx.obj
 0001:00009fb8       ??_Estringdispid@CComTypeInfoHolder@ATL@@QEAAPEAXI@Z 000000018000afb8 f i StdAfx.obj
 0001:0000a028       ?AtlWinModuleInit@ATL@@YAJPEAU_ATL_WIN_MODULE70@1@@Z 000000018000b028 f i StdAfx.obj
 0001:0000a074       ?AtlWinModuleTerm@ATL@@YAJPEAU_ATL_WIN_MODULE70@1@PEAUHINSTANCE__@@@Z 000000018000b074 f i StdAfx.obj
 0001:0000a128       ?GetSize@?$CSimpleArray@GV?$CSimpleArrayEqualHelper@G@ATL@@@ATL@@QEBAHXZ 000000018000b128 f i StdAfx.obj
 0001:0000a12c       ?RemoveAll@?$CSimpleArray@GV?$CSimpleArrayEqualHelper@G@ATL@@@ATL@@QEAAXXZ 000000018000b12c f i StdAfx.obj
 0001:0000a154       ?Term@CAtlWinModule@ATL@@QEAAXXZ 000000018000b154 f i StdAfx.obj
 0001:0000a160       PathFileExistsW            000000018000b160 f   shlwapi:SHLWAPI.dll
 0001:0000a166       PathAppendW                000000018000b166 f   shlwapi:SHLWAPI.dll
 0001:0000a16c       PathRemoveExtensionW       000000018000b16c f   shlwapi:SHLWAPI.dll
 0001:0000a172       PathStripPathW             000000018000b172 f   shlwapi:SHLWAPI.dll
 0001:0000a178       GetProcAddress             000000018000b178 f   kernel32:KERNEL32.dll
 0001:0000a17e       GetCurrentProcess          000000018000b17e f   kernel32:KERNEL32.dll
 0001:0000a184       GetCurrentThreadId         000000018000b184 f   kernel32:KERNEL32.dll
 0001:0000a18a       GetProcessId               000000018000b18a f   kernel32:KERNEL32.dll
 0001:0000a190       OpenThread                 000000018000b190 f   kernel32:KERNEL32.dll
 0001:0000a196       SuspendThread              000000018000b196 f   kernel32:KERNEL32.dll
 0001:0000a19c       ResumeThread               000000018000b19c f   kernel32:KERNEL32.dll
 0001:0000a1a2       CloseHandle                000000018000b1a2 f   kernel32:KERNEL32.dll
 0001:0000a1a8       lstrlenW                   000000018000b1a8 f   kernel32:KERNEL32.dll
 0001:0000a1ae       LoadLibraryW               000000018000b1ae f   kernel32:KERNEL32.dll
 0001:0000a1b4       GetTempPathW               000000018000b1b4 f   kernel32:KERNEL32.dll
 0001:0000a1ba       CreateFileW                000000018000b1ba f   kernel32:KERNEL32.dll
 0001:0000a1c0       DeleteFileW                000000018000b1c0 f   kernel32:KERNEL32.dll
 0001:0000a1c6       CreateToolhelp32Snapshot   000000018000b1c6 f   kernel32:KERNEL32.dll
 0001:0000a1cc       Thread32First              000000018000b1cc f   kernel32:KERNEL32.dll
 0001:0000a1d2       Thread32Next               000000018000b1d2 f   kernel32:KERNEL32.dll
 0001:0000a1d8       FreeLibrary                000000018000b1d8 f   kernel32:KERNEL32.dll
 0001:0000a1de       LocalFree                  000000018000b1de f   kernel32:KERNEL32.dll
 0001:0000a1e4       FlushInstructionCache      000000018000b1e4 f   kernel32:KERNEL32.dll
 0001:0000a1ea       VirtualProtect             000000018000b1ea f   kernel32:KERNEL32.dll
 0001:0000a1f0       VirtualQuery               000000018000b1f0 f   kernel32:KERNEL32.dll
 0001:0000a1f6       OpenProcess                000000018000b1f6 f   kernel32:KERNEL32.dll
 0001:0000a1fc       GetCurrentProcessId        000000018000b1fc f   kernel32:KERNEL32.dll
 0001:0000a202       TerminateProcess           000000018000b202 f   kernel32:KERNEL32.dll
 0001:0000a208       SetUnhandledExceptionFilter 000000018000b208 f   kernel32:KERNEL32.dll
 0001:0000a20e       GetLastError               000000018000b20e f   kernel32:KERNEL32.dll
 0001:0000a214       SetErrorMode               000000018000b214 f   kernel32:KERNEL32.dll
 0001:0000a21a       DebugBreak                 000000018000b21a f   kernel32:KERNEL32.dll
 0001:0000a220       WaitForSingleObject        000000018000b220 f   kernel32:KERNEL32.dll
 0001:0000a226       GetSystemTime              000000018000b226 f   kernel32:KERNEL32.dll
 0001:0000a22c       SystemTimeToFileTime       000000018000b22c f   kernel32:KERNEL32.dll
 0001:0000a232       FormatMessageW             000000018000b232 f   kernel32:KERNEL32.dll
 0001:0000a238       lstrlenA                   000000018000b238 f   kernel32:KERNEL32.dll
 0001:0000a23e       GetModuleFileNameW         000000018000b23e f   kernel32:KERNEL32.dll
 0001:0000a244       GetModuleHandleW           000000018000b244 f   kernel32:KERNEL32.dll
 0001:0000a24a       CreateProcessW             000000018000b24a f   kernel32:KERNEL32.dll
 0001:0000a250       OutputDebugStringW         000000018000b250 f   kernel32:KERNEL32.dll
 0001:0000a256       WritePrivateProfileStringW 000000018000b256 f   kernel32:KERNEL32.dll
 0001:0000a25c       DecodePointer              000000018000b25c f   kernel32:KERNEL32.dll
 0001:0000a262       RaiseException             000000018000b262 f   kernel32:KERNEL32.dll
 0001:0000a268       EnterCriticalSection       000000018000b268 f   kernel32:KERNEL32.dll
 0001:0000a26e       LeaveCriticalSection       000000018000b26e f   kernel32:KERNEL32.dll
 0001:0000a274       InitializeCriticalSectionAndSpinCount 000000018000b274 f   kernel32:KERNEL32.dll
 0001:0000a27a       DeleteCriticalSection      000000018000b27a f   kernel32:KERNEL32.dll
 0001:0000a280       LoadResource               000000018000b280 f   kernel32:KERNEL32.dll
 0001:0000a286       SizeofResource             000000018000b286 f   kernel32:KERNEL32.dll
 0001:0000a28c       lstrcmpiW                  000000018000b28c f   kernel32:KERNEL32.dll
 0001:0000a292       LoadLibraryExW             000000018000b292 f   kernel32:KERNEL32.dll
 0001:0000a298       FindResourceW              000000018000b298 f   kernel32:KERNEL32.dll
 0001:0000a29e       MultiByteToWideChar        000000018000b29e f   kernel32:KERNEL32.dll
 0001:0000a2a4       CharUpperW                 000000018000b2a4 f   user32:USER32.dll
 0001:0000a2aa       MessageBoxW                000000018000b2aa f   user32:USER32.dll
 0001:0000a2b0       LoadStringW                000000018000b2b0 f   user32:USER32.dll
 0001:0000a2b6       wvsprintfW                 000000018000b2b6 f   user32:USER32.dll
 0001:0000a2bc       CharLowerW                 000000018000b2bc f   user32:USER32.dll
 0001:0000a2c2       CharNextW                  000000018000b2c2 f   user32:USER32.dll
 0001:0000a2c8       DestroyWindow              000000018000b2c8 f   user32:USER32.dll
 0001:0000a2ce       UnregisterClassW           000000018000b2ce f   user32:USER32.dll
 0001:0000a2d4       RegCloseKey                000000018000b2d4 f   advapi32:ADVAPI32.dll
 0001:0000a2da       RegCreateKeyW              000000018000b2da f   advapi32:ADVAPI32.dll
 0001:0000a2e0       RegOpenKeyW                000000018000b2e0 f   advapi32:ADVAPI32.dll
 0001:0000a2e6       RegQueryValueExW           000000018000b2e6 f   advapi32:ADVAPI32.dll
 0001:0000a2ec       RegSetValueExW             000000018000b2ec f   advapi32:ADVAPI32.dll
 0001:0000a2f2       RegCreateKeyExW            000000018000b2f2 f   advapi32:ADVAPI32.dll
 0001:0000a2f8       RegDeleteKeyW              000000018000b2f8 f   advapi32:ADVAPI32.dll
 0001:0000a2fe       RegDeleteValueW            000000018000b2fe f   advapi32:ADVAPI32.dll
 0001:0000a304       RegEnumKeyExW              000000018000b304 f   advapi32:ADVAPI32.dll
 0001:0000a30a       RegOpenKeyExW              000000018000b30a f   advapi32:ADVAPI32.dll
 0001:0000a310       RegQueryInfoKeyW           000000018000b310 f   advapi32:ADVAPI32.dll
 0001:0000a316       CoCreateInstance           000000018000b316 f   ole32:ole32.dll
 0001:0000a31c       CoTaskMemAlloc             000000018000b31c f   ole32:ole32.dll
 0001:0000a322       CoTaskMemRealloc           000000018000b322 f   ole32:ole32.dll
 0001:0000a328       CoTaskMemFree              000000018000b328 f   ole32:ole32.dll
 0001:0000a32e       VarUI4FromStr              000000018000b32e f   oleaut32:OLEAUT32.dll
 0001:0000a334       SysFreeString              000000018000b334 f   oleaut32:OLEAUT32.dll
 0001:0000a33c       ??$?2PEAUHINSTANCE__@@@Wrapper@?$CSimpleArray@PEAUHINSTANCE__@@V?$CSimpleArrayEqualHelper@PEAUHINSTANCE__@@@ATL@@@ATL@@SAPEAX_KPEAPEAUHINSTANCE__@@@Z 000000018000b33c f i atls:atlbase.obj
 0001:0000a340       ??0?$CSimpleArray@PEAUHINSTANCE__@@V?$CSimpleArrayEqualHelper@PEAUHINSTANCE__@@@ATL@@@ATL@@QEAA@XZ 000000018000b340 f i atls:atlbase.obj
 0001:0000a350       ??0CAtlBaseModule@ATL@@QEAA@XZ 000000018000b350 f   atls:atlbase.obj
 0001:0000a3f8       ??0Wrapper@?$CSimpleArray@PEAUHINSTANCE__@@V?$CSimpleArrayEqualHelper@PEAUHINSTANCE__@@@ATL@@@ATL@@QEAA@AEBQEAUHINSTANCE__@@@Z 000000018000b3f8 f i atls:atlbase.obj
 0001:0000a404       ??0_ATL_BASE_MODULE70@ATL@@QEAA@XZ 000000018000b404 f i atls:atlbase.obj
 0001:0000a430       ??1?$CSimpleArray@PEAUHINSTANCE__@@V?$CSimpleArrayEqualHelper@PEAUHINSTANCE__@@@ATL@@@ATL@@QEAA@XZ 000000018000b430 f i atls:atlbase.obj
 0001:0000a458       ??1CAtlBaseModule@ATL@@QEAA@XZ 000000018000b458 f   atls:atlbase.obj
 0001:0000a48c       ??1_ATL_BASE_MODULE70@ATL@@QEAA@XZ 000000018000b48c f i atls:atlbase.obj
 0001:0000a4b8       ??A?$CSimpleArray@PEAUHINSTANCE__@@V?$CSimpleArrayEqualHelper@PEAUHINSTANCE__@@@ATL@@@ATL@@QEAAAEAPEAUHINSTANCE__@@H@Z 000000018000b4b8 f i atls:atlbase.obj
 0001:0000a4ec       ?Add@?$CSimpleArray@PEAUHINSTANCE__@@V?$CSimpleArrayEqualHelper@PEAUHINSTANCE__@@@ATL@@@ATL@@QEAAHAEBQEAUHINSTANCE__@@@Z 000000018000b4ec f i atls:atlbase.obj
 0001:0000a590       ?AddResourceInstance@CAtlBaseModule@ATL@@QEAA_NPEAUHINSTANCE__@@@Z 000000018000b590 f   atls:atlbase.obj
 0001:0000a5d8       ?GetHInstanceAt@CAtlBaseModule@ATL@@QEAAPEAUHINSTANCE__@@H@Z 000000018000b5d8 f   atls:atlbase.obj
 0001:0000a654       ?GetSize@?$CSimpleArray@PEAUHINSTANCE__@@V?$CSimpleArrayEqualHelper@PEAUHINSTANCE__@@@ATL@@@ATL@@QEBAHXZ 000000018000b654 f i atls:atlbase.obj
 0001:0000a658       ?InternalSetAtIndex@?$CSimpleArray@PEAUHINSTANCE__@@V?$CSimpleArrayEqualHelper@PEAUHINSTANCE__@@@ATL@@@ATL@@QEAAXHAEBQEAUHINSTANCE__@@@Z 000000018000b658 f i atls:atlbase.obj
 0001:0000a670       ?RemoveAll@?$CSimpleArray@PEAUHINSTANCE__@@V?$CSimpleArrayEqualHelper@PEAUHINSTANCE__@@@ATL@@@ATL@@QEAAXXZ 000000018000b670 f i atls:atlbase.obj
 0001:0000a698       ?RemoveAt@?$CSimpleArray@PEAUHINSTANCE__@@V?$CSimpleArrayEqualHelper@PEAUHINSTANCE__@@@ATL@@@ATL@@QEAAHH@Z 000000018000b698 f i atls:atlbase.obj
 0001:0000a72c       ?RemoveResourceInstance@CAtlBaseModule@ATL@@QEAA_NPEAUHINSTANCE__@@@Z 000000018000b72c f   atls:atlbase.obj
 0001:0000a7b8       ?memmove_s@Checked@ATL@@YAXPEAX_KPEBX1@Z 000000018000b7b8 f i atls:atlbase.obj
 0001:0000a800       ??_I@YAXPEAX_KHP6AX0@Z@Z   000000018000b800 f i atls:stdafx.obj
 0001:0000a84c       ??3@YAXPEAX@Z              000000018000b84c f   LIBCMT:delete.obj
 0001:0000a854       ??_M@YAXPEAX_KHP6AX0@Z@Z   000000018000b854 f   LIBCMT:ehvecdtr.obj
 0001:0000a8d0       ?__ArrayUnwind@@YAXPEAX_KHP6AX0@Z@Z 000000018000b8d0 f   LIBCMT:ehvecdtr.obj
 0001:0000a91c       __copy_path_to_wide_string 000000018000b91c f   LIBCMT:crt0dat.obj
 0001:0000aa1c       __copy_to_char             000000018000ba1c f   LIBCMT:crt0dat.obj
 0001:0000ab34       __crtCorExitProcess        000000018000bb34 f   LIBCMT:crt0dat.obj
 0001:0000ab78       __crtExitProcess           000000018000bb78 f   LIBCMT:crt0dat.obj
 0001:0000ab90       __freeCrtMemory            000000018000bb90 f   LIBCMT:crt0dat.obj
 0001:0000acd8       _amsg_exit                 000000018000bcd8 f   LIBCMT:crt0dat.obj
 0001:0000ad00       _c_exit                    000000018000bd00 f   LIBCMT:crt0dat.obj
 0001:0000ad10       _cexit                     000000018000bd10 f   LIBCMT:crt0dat.obj
 0001:0000ad20       _cinit                     000000018000bd20 f   LIBCMT:crt0dat.obj
 0001:0000adb8       _exit                      000000018000bdb8 f   LIBCMT:crt0dat.obj
 0001:0000adc4       _exit_app                  000000018000bdc4 f   LIBCMT:crt0dat.obj
 0001:0000add0       _get_pgmptr                000000018000bdd0 f   LIBCMT:crt0dat.obj
 0001:0000ae08       _get_wpgmptr               000000018000be08 f   LIBCMT:crt0dat.obj
 0001:0000ae40       _init_pointers             000000018000be40 f   LIBCMT:crt0dat.obj
 0001:0000aeec       _initterm_e                000000018000beec f   LIBCMT:crt0dat.obj
 0001:0000af28       _lockexit                  000000018000bf28 f   LIBCMT:crt0dat.obj
 0001:0000af34       _unlockexit                000000018000bf34 f   LIBCMT:crt0dat.obj
 0001:0000b0d8       exit                       000000018000c0d8 f   LIBCMT:crt0dat.obj
 0001:0000b0e4       ??_U@YAPEAX_K@Z            000000018000c0e4 f   LIBCMT:new2.obj
 0001:0000b0ec       ??_V@YAXPEAX@Z             000000018000c0ec f   LIBCMT:delete2.obj
 0001:0000b110       memcpy                     000000018000c110 f   LIBCMT:memcpy.obj
 0001:0000b110       memmove                    000000018000c110 f   LIBCMT:memcpy.obj
 0001:0000b690       memset                     000000018000c690 f   LIBCMT:memset.obj
 0001:0000b8bc       wcscpy_s                   000000018000c8bc f   LIBCMT:wcscpy_s.obj
 0001:0000b928       wcsstr                     000000018000c928 f   LIBCMT:wcsstr.obj
 0001:0000bb24       _CxxThrowException         000000018000cb24 f   LIBCMT:throw.obj
 0001:0000bc48       ?_ExecutionInCatch@@YAHPEAU_xDISPATCHER_CONTEXT@@PEBU_s_FuncInfo@@@Z 000000018000cc48 f   LIBCMT:trnsctrl.obj
 0001:0000bcc0       ?_GetEstablisherFrame@@YAPEA_KPEA_KPEAU_xDISPATCHER_CONTEXT@@PEBU_s_FuncInfo@@0@Z 000000018000ccc0 f   LIBCMT:trnsctrl.obj
 0001:0000bd8c       ?_GetRangeOfTrysToCheck@@YAPEBU_s_TryBlockMapEntry@@PEA_KPEBU_s_FuncInfo@@HHPEAI2PEAU_xDISPATCHER_CONTEXT@@@Z 000000018000cd8c f   LIBCMT:trnsctrl.obj
 0001:0000beb8       ?__FrameUnwindToEmptyState@@YAXPEA_KPEAU_xDISPATCHER_CONTEXT@@PEBU_s_FuncInfo@@@Z 000000018000ceb8 f   LIBCMT:trnsctrl.obj
 0001:0000bf4c       ?__SehTransFilter@@YAHPEAU_EXCEPTION_POINTERS@@PEAUEHExceptionRecord@@PEA_KPEAU_CONTEXT@@PEAU_xDISPATCHER_CONTEXT@@PEBU_s_FuncInfo@@PEAH@Z 000000018000cf4c f   LIBCMT:trnsctrl.obj
 0001:0000bff0       _CallSETranslator          000000018000cff0 f   LIBCMT:trnsctrl.obj
 0001:0000c044       _CreateFrameInfo           000000018000d044 f   LIBCMT:trnsctrl.obj
 0001:0000c088       _FindAndUnlinkFrame        000000018000d088 f   LIBCMT:trnsctrl.obj
 0001:0000c0e8       _GetImageBase              000000018000d0e8 f   LIBCMT:trnsctrl.obj
 0001:0000c100       _GetThrowImageBase         000000018000d100 f   LIBCMT:trnsctrl.obj
 0001:0000c118       _IsExceptionObjectToBeDestroyed 000000018000d118 f   LIBCMT:trnsctrl.obj
 0001:0000c14c       _MoveContext               000000018000d14c f   LIBCMT:trnsctrl.obj
 0001:0000c158       _SetImageBase              000000018000d158 f   LIBCMT:trnsctrl.obj
 0001:0000c174       _SetThrowImageBase         000000018000d174 f   LIBCMT:trnsctrl.obj
 0001:0000c190       _UnwindNestedFrames        000000018000d190 f   LIBCMT:trnsctrl.obj
 0001:0000c2b4       __CxxFrameHandler          000000018000d2b4 f   LIBCMT:trnsctrl.obj
 0001:0000c33c       __CxxFrameHandler2         000000018000d33c f   LIBCMT:trnsctrl.obj
 0001:0000c344       __CxxFrameHandler3         000000018000d344 f   LIBCMT:trnsctrl.obj
 0001:0000c3cc       __GSHandlerCheck           000000018000d3cc f   LIBCMT:gshandler.obj
 0001:0000c3ec       __GSHandlerCheckCommon     000000018000d3ec f   LIBCMT:gshandler.obj
 0001:0000c450       __GSHandlerCheck_EH        000000018000d450 f   LIBCMT:gshandlereh.obj
 0001:0000c4f0       __security_check_cookie    000000018000d4f0 f   LIBCMT:amdsecgs.obj
 0001:0000c510       ??0type_info@@AEAA@AEBV0@@Z 000000018000d510 f   LIBCMT:typinfo.obj
 0001:0000c520       ??1type_info@@UEAA@XZ      000000018000d520 f   LIBCMT:typinfo.obj
 0001:0000c530       ??4type_info@@AEAAAEAV0@AEBV0@@Z 000000018000d530 f   LIBCMT:typinfo.obj
 0001:0000c534       ??8type_info@@QEBA_NAEBV0@@Z 000000018000d534 f   LIBCMT:typinfo.obj
 0001:0000c554       ??9type_info@@QEBA_NAEBV0@@Z 000000018000d554 f   LIBCMT:typinfo.obj
 0001:0000c574       ??_Etype_info@@UEAAPEAXI@Z 000000018000d574 f i LIBCMT:typinfo.obj
 0001:0000c574       ??_Gtype_info@@UEAAPEAXI@Z 000000018000d574 f i LIBCMT:typinfo.obj
 0001:0000c5b0       ?_name_internal_method@type_info@@QEBAPEBDPEAU__type_info_node@@@Z 000000018000d5b0 f   LIBCMT:typinfo.obj
 0001:0000c5b8       ?_type_info_dtor_internal_method@type_info@@QEAAXXZ 000000018000d5b8 f   LIBCMT:typinfo.obj
 0001:0000c5c0       ?before@type_info@@QEBA_NAEBV1@@Z 000000018000d5c0 f   LIBCMT:typinfo.obj
 0001:0000c5e0       ?name@type_info@@QEBAPEBDPEAU__type_info_node@@@Z 000000018000d5e0 f   LIBCMT:typinfo.obj
 0001:0000c5e8       ?raw_name@type_info@@QEBAPEBDXZ 000000018000d5e8 f   LIBCMT:typinfo.obj
 0001:0000c5f0       _get_purecall_handler      000000018000d5f0 f   LIBCMT:purevirt.obj
 0001:0000c600       _purecall                  000000018000d600 f   LIBCMT:purevirt.obj
 0001:0000c62c       _set_purecall_handler      000000018000d62c f   LIBCMT:purevirt.obj
 0001:0000c668       ??0bad_alloc@std@@QEAA@AEBV01@@Z 000000018000d668 f i LIBCMT:new.obj
 0001:0000c68c       ??0bad_alloc@std@@QEAA@XZ  000000018000d68c f i LIBCMT:new.obj
 0001:0000c6c4       ??1bad_alloc@std@@UEAA@XZ  000000018000d6c4 f i LIBCMT:new.obj
 0001:0000c6d4       ??2@YAPEAX_K@Z             000000018000d6d4 f   LIBCMT:new.obj
[...]
 0004:00003078       $pdata$__crtCompareStringA 000000018005e078     LIBCMT:a_cmp.obj
 0004:00003084       $pdata$_fltin2             000000018005e084     LIBCMT:cfin.obj
 0004:00003090       $pdata$_strdup             000000018005e090     LIBCMT:strdup.obj
 0004:0000309c       $pdata$_mbschr_l           000000018005e09c     LIBCMT:mbschr.obj
 0004:000030a8       $pdata$_strnicmp           000000018005e0a8     LIBCMT:strnicmp.obj
 0004:000030b4       $pdata$_strnicmp_l         000000018005e0b4     LIBCMT:strnicmp.obj
 0004:000030c0       $pdata$strchr              000000018005e0c0     LIBCMT:strchr.obj
 0004:000030cc       $pdata$??0bad_function_call@std@@QEAA@AEBV01@@Z 000000018005e0cc     libcpmt:xthrow.obj
 0004:000030d8       $pdata$??0bad_function_call@std@@QEAA@PEBD@Z 000000018005e0d8     libcpmt:xthrow.obj
 0004:000030e4       $pdata$??0invalid_argument@std@@QEAA@AEBV01@@Z 000000018005e0e4     libcpmt:xthrow.obj
 0004:000030f0       $pdata$??0invalid_argument@std@@QEAA@PEBD@Z 000000018005e0f0     libcpmt:xthrow.obj
 0004:000030fc       $pdata$??0length_error@std@@QEAA@AEBV01@@Z 000000018005e0fc     libcpmt:xthrow.obj
 0004:00003108       $pdata$??0length_error@std@@QEAA@PEBD@Z 000000018005e108     libcpmt:xthrow.obj
 0004:00003114       $pdata$??0logic_error@std@@QEAA@AEBV01@@Z 000000018005e114     libcpmt:xthrow.obj
 0004:00003120       $pdata$??0logic_error@std@@QEAA@PEBD@Z 000000018005e120     libcpmt:xthrow.obj
 0004:0000312c       $pdata$??0out_of_range@std@@QEAA@AEBV01@@Z 000000018005e12c     libcpmt:xthrow.obj
 0004:00003138       $pdata$??0out_of_range@std@@QEAA@PEBD@Z 000000018005e138     libcpmt:xthrow.obj
 0004:00003144       $pdata$??0overflow_error@std@@QEAA@AEBV01@@Z 000000018005e144     libcpmt:xthrow.obj
 0004:00003150       $pdata$??0overflow_error@std@@QEAA@PEBD@Z 000000018005e150     libcpmt:xthrow.obj
 0004:0000315c       $pdata$??0regex_error@std@@QEAA@AEBV01@@Z 000000018005e15c     libcpmt:xthrow.obj
 0004:00003168       $pdata$??0regex_error@std@@QEAA@W4error_type@regex_constants@1@@Z 000000018005e168     libcpmt:xthrow.obj
 0004:00003174       $pdata$??0runtime_error@std@@QEAA@AEBV01@@Z 000000018005e174     libcpmt:xthrow.obj
 0004:00003180       $pdata$??0runtime_error@std@@QEAA@PEBD@Z 000000018005e180     libcpmt:xthrow.obj
 0004:0000318c       $pdata$??_Gbad_function_call@std@@UEAAPEAXI@Z 000000018005e18c     libcpmt:xthrow.obj
 0004:00003198       $pdata$??_Ginvalid_argument@std@@UEAAPEAXI@Z 000000018005e198     libcpmt:xthrow.obj
 0004:000031a4       $pdata$??_Glength_error@std@@UEAAPEAXI@Z 000000018005e1a4     libcpmt:xthrow.obj
 0004:000031b0       $pdata$??_Glogic_error@std@@UEAAPEAXI@Z 000000018005e1b0     libcpmt:xthrow.obj
 0004:000031bc       $pdata$??_Gout_of_range@std@@UEAAPEAXI@Z 000000018005e1bc     libcpmt:xthrow.obj
 0004:000031c8       $pdata$??_Goverflow_error@std@@UEAAPEAXI@Z 000000018005e1c8     libcpmt:xthrow.obj
 0004:000031d4       $pdata$??_Gregex_error@std@@UEAAPEAXI@Z 000000018005e1d4     libcpmt:xthrow.obj
 0004:000031e0       $pdata$??_Gruntime_error@std@@UEAAPEAXI@Z 000000018005e1e0     libcpmt:xthrow.obj
 0004:000031ec       $pdata$?_Xbad_alloc@std@@YAXXZ 000000018005e1ec     libcpmt:xthrow.obj
 0004:000031f8       $pdata$?_Xbad_function_call@std@@YAXXZ 000000018005e1f8     libcpmt:xthrow.obj
 0004:00003204       $pdata$?_Xinvalid_argument@std@@YAXPEBD@Z 000000018005e204     libcpmt:xthrow.obj
 0004:00003210       $pdata$?_Xlength_error@std@@YAXPEBD@Z 000000018005e210     libcpmt:xthrow.obj
 0004:0000321c       $pdata$?_Xout_of_range@std@@YAXPEBD@Z 000000018005e21c     libcpmt:xthrow.obj
 0004:00003228       $pdata$?_Xoverflow_error@std@@YAXPEBD@Z 000000018005e228     libcpmt:xthrow.obj
 0004:00003234       $pdata$?_Xregex_error@std@@YAXW4error_type@regex_constants@1@@Z 000000018005e234     libcpmt:xthrow.obj
 0004:00003240       $pdata$?_Xruntime_error@std@@YAXPEBD@Z 000000018005e240     libcpmt:xthrow.obj
 0004:0000324c       $pdata$?dtor$0@?0???HWTL@@YA?AVCString@0@AEBV10@0@Z@4HA 000000018005e24c     BugSplatImp.obj
 0004:00003258       $pdata$?catch$0@?0??AllocBuffer@CString@WTL@@IEAAHH@Z@4HA 000000018005e258     BugSplatImp.obj
 0004:00003264       $pdata$?dtor$0@?0??Left@CString@WTL@@QEBA?AV12@H@Z@4HA 000000018005e264     BugSplatImp.obj
 0004:00003270       $pdata$?dtor$0@?0??Mid@CString@WTL@@QEBA?AV12@HH@Z@4HA 000000018005e270     BugSplatImp.obj
 0004:0000327c       $pdata$?catch$0@?0???$_Uninit_move@PEAVCString@WTL@@PEAV12@V?$allocator@VCString@WTL@@@std@@V12@@std@@YAPEAVCString@WTL@@PEAV12@00AEAU?$_Wrap_alloc@V?$allocator@VCString@WTL@@@std@@@0@0U_Nonscalar_ptr_iterator_tag@0@@Z@4HA 000000018005e27c     mdump.obj
 0004:00003288       $pdata$?dtor$0@?0???$construct@VCString@WTL@@V12@@?$allocator@VCString@WTL@@@std@@QEAAXPEAVCString@WTL@@$$QEAV23@@Z@4HA 000000018005e288     mdump.obj
 0004:00003294       $pdata$?catch$0@?0??AtlMessageBox@WTL@@YAHPEAUHWND__@@V_U_STRINGorID@ATL@@1I@Z@4HA 000000018005e294     mdump.obj
 0004:000032a0       $pdata$?catch$1@?0??AtlMessageBox@WTL@@YAHPEAUHWND__@@V_U_STRINGorID@ATL@@1I@Z@4HA 000000018005e2a0     mdump.obj
 0004:000032ac       $pdata$?catch$1@?0??_Copy@?$basic_string@DU?$char_traits@D@std@@V?$allocator@D@2@@std@@QEAAX_K0@Z@4HA 000000018005e2ac     mdump.obj
 0004:000032b8       $pdata$?catch$0@?0??_Copy@?$basic_string@DU?$char_traits@D@std@@V?$allocator@D@2@@std@@QEAAX_K0@Z@4HA 000000018005e2b8     mdump.obj
 0004:000032c4       $pdata$?catch$0@?0??_Reallocate@?$vector@VCString@WTL@@V?$allocator@VCString@WTL@@@std@@@std@@IEAAX_K@Z@4HA 000000018005e2c4     mdump.obj
 0004:000032d0       $pdata$?catch$0@?0??AddValue@CRegParser@ATL@@IEAAJAEAVCRegKey@2@PEB_WPEA_W@Z@4HA 000000018005e2d0     sbSenderApp.obj
 0004:000032dc       $pdata$?catch$1@?0??AddValue@CRegParser@ATL@@IEAAJAEAVCRegKey@2@PEB_WPEA_W@Z@4HA 000000018005e2dc     sbSenderApp.obj
 0004:000032e8       $pdata$?catch$0@?0??Init@CAppModule@WTL@@QEAAJPEAU_ATL_OBJMAP_ENTRY30@ATL@@PEAUHINSTANCE__@@PEBU_GUID@@@Z@4HA 000000018005e2e8     sbSenderApp.obj
 0004:000032f4       $pdata$?catch$0@?0??RegisterFromResource@CRegObject@ATL@@IEAAJPEB_W00H@Z@4HA 000000018005e2f4     sbSenderApp.obj
 0004:00003300       $pdata$?fin$0@?0???_M@YAXPEAX_KHP6AX0@Z@Z@4HA 000000018005e300     LIBCMT:ehvecdtr.obj
 0004:0000330c       $pdata$?filt$0@?0??__ArrayUnwind@@YAXPEAX_KHP6AX0@Z@Z@4HA 000000018005e30c     LIBCMT:ehvecdtr.obj
 0004:00003318       $pdata$doexit$fin$0        000000018005e318     LIBCMT:crt0dat.obj
 0004:00003324       $pdata$_CallSETranslator$filt$0 000000018005e324     LIBCMT:trnsctrl.obj
 0004:00003330       $pdata$_onexit$fin$0       000000018005e330     LIBCMT:onexit.obj
 0004:0000333c       $pdata$fwprintf$fin$0      000000018005e33c     LIBCMT:fwprintf.obj
 0004:00003348       $pdata$wprintf$fin$0       000000018005e348     LIBCMT:wprintf.obj
 0004:00003354       $pdata$_wfsopen$fin$0      000000018005e354     LIBCMT:wfopen.obj
 0004:00003360       $pdata$fclose$fin$0        000000018005e360     LIBCMT:fclose.obj
 0004:0000336c       $pdata$_callthreadstartex$filt$0 000000018005e36c     LIBCMT:threadex.obj
 0004:00003378       $pdata$ctrlevent_capture$fin$0 000000018005e378     LIBCMT:winsig.obj
 0004:00003384       $pdata$raise$fin$0         000000018005e384     LIBCMT:winsig.obj
 0004:00003390       $pdata$signal$fin$0        000000018005e390     LIBCMT:winsig.obj
 0004:0000339c       $pdata$_CRT_INIT$fin$0     000000018005e39c     LIBCMT:dllcrt0.obj
 0004:000033a8       $pdata$__DllMainCRTStartup$filt$0 000000018005e3a8     LIBCMT:dllcrt0.obj
 0004:000033b4       $pdata$_mtinitlocknum$fin$0 000000018005e3b4     LIBCMT:mlock.obj
 0004:000033c0       $pdata$_IsNonwritableInCurrentImage$filt$0 000000018005e3c0     LIBCMT:pesect.obj
 0004:000033cc       $pdata$__updatetmbcinfo$fin$0 000000018005e3cc     LIBCMT:mbctype.obj
 0004:000033d8       $pdata$_setmbcp$fin$0      000000018005e3d8     LIBCMT:mbctype.obj
 0004:000033e4       $pdata$_freefls$fin$1      000000018005e3e4     LIBCMT:tidtable.obj
 0004:000033f0       $pdata$_freefls$fin$0      000000018005e3f0     LIBCMT:tidtable.obj
 0004:000033fc       $pdata$_initptd$fin$1      000000018005e3fc     LIBCMT:tidtable.obj
 0004:00003408       $pdata$_initptd$fin$0      000000018005e408     LIBCMT:tidtable.obj
 0004:00003414       $pdata$__CxxCallCatchBlock$filt$0 000000018005e414     LIBCMT:frame.obj
 0004:00003420       $pdata$__CxxCallCatchBlock$fin$1 000000018005e420     LIBCMT:frame.obj
 0004:0000342c       $pdata$__CxxExceptionFilter$fin$0 000000018005e42c     LIBCMT:frame.obj
 0004:00003438       $pdata$__DestructExceptionObject$filt$0 000000018005e438     LIBCMT:frame.obj
 0004:00003444       $pdata$__FrameUnwindToState$filt$0 000000018005e444     LIBCMT:frame.obj
 0004:00003450       $pdata$__FrameUnwindToState$fin$1 000000018005e450     LIBCMT:frame.obj
 0004:0000345c       $pdata$?fin$0@?0??_Name_base@type_info@@CAPEBDPEBV1@PEAU__type_info_node@@@Z@4HA 000000018005e45c     LIBCMT:typname.obj
 0004:00003468       $pdata$?fin$0@?0??_Name_base_internal@type_info@@CAPEBDPEBV1@PEAU__type_info_node@@@Z@4HA 000000018005e468     LIBCMT:typname.obj
 0004:00003474       $pdata$?fin$0@?0??_Type_info_dtor@type_info@@CAXPEAV1@@Z@4HA 000000018005e474     LIBCMT:typname.obj
 0004:00003480       $pdata$?fin$0@?0??_Type_info_dtor_internal@type_info@@CAXPEAV1@@Z@4HA 000000018005e480     LIBCMT:typname.obj
 0004:0000348c       $pdata$__clean_type_info_names_internal$fin$0 000000018005e48c     LIBCMT:typname.obj
 0004:00003498       $pdata$__updatetlocinfo$fin$0 000000018005e498     LIBCMT:localref.obj
 0004:000034a4       $pdata$vfwprintf_helper$fin$0 000000018005e4a4     LIBCMT:vfwprint.obj
 0004:000034b0       $pdata$vwprintf_helper$fin$0 000000018005e4b0     LIBCMT:vwprintf.obj
 0004:000034bc       $pdata$_getstream$fin$0    000000018005e4bc     LIBCMT:stream.obj
 0004:000034c8       $pdata$__tzset$fin$0       000000018005e4c8     LIBCMT:tzset.obj
 0004:000034d4       $pdata$_isindst$fin$0      000000018005e4d4     LIBCMT:tzset.obj
 0004:000034e0       $pdata$_tzset$fin$0        000000018005e4e0     LIBCMT:tzset.obj
 0004:000034ec       $pdata$_tzset_nolock$fin$0 000000018005e4ec     LIBCMT:tzset.obj
 0004:000034f8       $pdata$_close$fin$0        000000018005e4f8     LIBCMT:close.obj
 0004:00003504       $pdata$fflush$fin$0        000000018005e504     LIBCMT:fflush.obj
 0004:00003510       $pdata$flsall$fin$0        000000018005e510     LIBCMT:fflush.obj
 0004:0000351c       $pdata$flsall$fin$1        000000018005e51c     LIBCMT:fflush.obj
 0004:00003528       $pdata$_ctrlfp$filt$0      000000018005e528     LIBCMT:fpctrl.obj
 0004:00003534       $pdata$?catch$0@?0???2@YAPEAX_KAEBUnothrow_t@std@@@Z@4HA 000000018005e534     LIBCMT:newopnt.obj
 0004:00003540       $pdata$_ioinit$fin$0       000000018005e540     LIBCMT:ioinit.obj
 0004:0000354c       $pdata$__unDName$fin$0     000000018005e54c     LIBCMT:undname.obj
 0004:00003558       $pdata$__unDNameEx$fin$0   000000018005e558     LIBCMT:undname.obj
 0004:00003564       $pdata$_free_locale$fin$1  000000018005e564     LIBCMT:wsetloca.obj
 0004:00003570       $pdata$_free_locale$fin$0  000000018005e570     LIBCMT:wsetloca.obj
 0004:0000357c       $pdata$_get_current_locale$fin$1 000000018005e57c     LIBCMT:wsetloca.obj
 0004:00003588       $pdata$_get_current_locale$fin$0 000000018005e588     LIBCMT:wsetloca.obj
 0004:00003594       $pdata$_locterm$fin$0      000000018005e594     LIBCMT:wsetloca.obj
 0004:000035a0       $pdata$_wsetlocale$fin$1   000000018005e5a0     LIBCMT:wsetloca.obj
 0004:000035ac       $pdata$_wsetlocale$fin$0   000000018005e5ac     LIBCMT:wsetloca.obj
 0004:000035b8       $pdata$_wsetlocale$fin$2   000000018005e5b8     LIBCMT:wsetloca.obj
 0004:000035c4       $pdata$_fcloseall$fin$0    000000018005e5c4     LIBCMT:closeall.obj
 0004:000035d0       $pdata$printf$fin$0        000000018005e5d0     LIBCMT:printf.obj
 0004:000035dc       $pdata$fputwc$fin$0        000000018005e5dc     LIBCMT:fputwc.obj
 0004:000035e8       $pdata$_write$fin$0        000000018005e5e8     LIBCMT:write.obj
 0004:000035f4       $pdata$_lseeki64$fin$0     000000018005e5f4     LIBCMT:lseeki64.obj
 0004:00003600       $pdata$_wopen$fin$0        000000018005e600     LIBCMT:wopen.obj
 0004:0000360c       $pdata$_wsopen_helper$fin$0 000000018005e60c     LIBCMT:wopen.obj
 0004:00003618       $pdata$_dupenv_s$fin$0     000000018005e618     LIBCMT:getenv.obj
 0004:00003624       $pdata$getenv$fin$0        000000018005e624     LIBCMT:getenv.obj
 0004:00003630       $pdata$getenv_s$fin$0      000000018005e630     LIBCMT:getenv.obj
 0004:0000363c       $pdata$__lock_fhandle$fin$0 000000018005e63c     LIBCMT:osfinfo.obj
 0004:00003648       $pdata$_alloc_osfhnd$fin$0 000000018005e648     LIBCMT:osfinfo.obj
 0004:00003654       $pdata$_alloc_osfhnd$fin$1 000000018005e654     LIBCMT:osfinfo.obj
 0004:00003660       $pdata$_open_osfhandle$fin$0 000000018005e660     LIBCMT:osfinfo.obj
 0004:0000366c       $pdata$_commit$fin$0       000000018005e66c     LIBCMT:commit.obj
 0004:00003678       $pdata$vprintf_helper$fin$0 000000018005e678     LIBCMT:vprintf.obj
 0004:00003684       $pdata$_putwch$fin$0       000000018005e684     LIBCMT:putwch.obj
 0004:00003690       $pdata$_chsize_s$fin$0     000000018005e690     LIBCMT:chsize.obj
 0004:0000369c       $pdata$_read$fin$0         000000018005e69c     LIBCMT:read.obj
 0004:000036a8       $pdata$_setmode$fin$0      000000018005e6a8     LIBCMT:setmode.obj
 0004:000036b4       $pdata$_putch$fin$0        000000018005e6b4     LIBCMT:putch.obj
 0004:000036c0       $pdata$??__FstrApp@?DA@??SendReportThreaded@MiniDumper@@SAIPEAX@Z@YAXXZ 000000018005e6c0     mdump.obj
 0004:000036cc       $pdata$??__F_Module@@YAXXZ 000000018005e6cc     sbSenderApp.obj
 0004:000036d8       $pdata$??__F_AtlWinModule@ATL@@YAXXZ 000000018005e6d8     StdAfx.obj
 0005:00000120       $R000000                   000000018005f120     sbSenderDll.res
 0005:00000448       $R000328                   000000018005f448     sbSenderDll.res
 0005:00000680       $R000560                   000000018005f680     sbSenderDll.res
 0005:00000a98       $R000978                   000000018005fa98     sbSenderDll.res

 Exports

  ordinal    name

        1    ??0BugSplatImp@@QEAA@XZ (public: __cdecl BugSplatImp::BugSplatImp(void))
        2    ??0MiniDmpSender@@QEAA@AEBV0@@Z (public: __cdecl MiniDmpSender::MiniDmpSender(class MiniDmpSender const &))
        3    ??0MiniDmpSender@@QEAA@PEB_W000K@Z (public: __cdecl MiniDmpSender::MiniDmpSender(wchar_t const *,wchar_t const *,wchar_t const *,wchar_t const *,unsigned long))
        4    ??1MiniDmpSender@@UEAA@XZ (public: virtual __cdecl MiniDmpSender::~MiniDmpSender(void))
        5    ??4BugSplatImp@@QEAAAEAV0@AEBV0@@Z (public: class BugSplatImp & __cdecl BugSplatImp::operator=(class BugSplatImp const &))
        6    ??4MiniDmpSender@@QEAAAEAV0@AEBV0@@Z (public: class MiniDmpSender & __cdecl MiniDmpSender::operator=(class MiniDmpSender const &))
        7    ??_7MiniDmpSender@@6B@ (const MiniDmpSender::`vftable')
        8    ?CreateMiniDump@BugSplatImp@@QEAAHPEAUHINSTANCE__@@KPEAXKPEAU_EXCEPTION_POINTERS@@PEB_WPEA_WK@Z (public: int __cdecl BugSplatImp::CreateMiniDump(struct HINSTANCE__ *,unsigned long,void *,unsigned long,struct _EXCEPTION_POINTERS *,wchar_t const *,wchar_t *,unsigned long))
        9    ?DoFullMemoryDumpThenExit@BugSplatImp@@2_NA (public: static bool BugSplatImp::DoFullMemoryDumpThenExit)
       10    ?GetReducedGuid@BugSplatImp@@QEAAXPEA_WK@Z (public: void __cdecl BugSplatImp::GetReducedGuid(wchar_t *,unsigned long))
       11    ?MiniDumpType@BugSplatImp@@2W4_BS_MINIDUMP_TYPE@MiniDmpSender@@A (public: static enum MiniDmpSender::_BS_MINIDUMP_TYPE BugSplatImp::MiniDumpType)
       12    ?ReduceGuidString@BugSplatImp@@QEAAXPEA_WK@Z (public: void __cdecl BugSplatImp::ReduceGuidString(wchar_t *,unsigned long))
       13    ?ResumeSuspendedThreads@BugSplatImp@@QEAAXXZ (public: void __cdecl BugSplatImp::ResumeSuspendedThreads(void))
       14    ?SuspendAllThreadsInProcess@BugSplatImp@@QEAAXPEAX@Z (public: void __cdecl BugSplatImp::SuspendAllThreadsInProcess(void *))
       15    ?SuspendThreadsInCurrentProcess@BugSplatImp@@QEAAXXZ (public: void __cdecl BugSplatImp::SuspendThreadsInCurrentProcess(void))
       16    ?createReport@MiniDmpSender@@QEAAXPEAU_EXCEPTION_POINTERS@@@Z (public: void __cdecl MiniDmpSender::createReport(struct _EXCEPTION_POINTERS *))
       17    ?createReport@MiniDmpSender@@QEAAXPEB_W@Z (public: void __cdecl MiniDmpSender::createReport(wchar_t const *))
       18    ?createReportAndExit@MiniDmpSender@@QEAAXXZ (public: void __cdecl MiniDmpSender::createReportAndExit(void))
       19    ?enableExceptionFilter@MiniDmpSender@@QEAA_N_N@Z (public: bool __cdecl MiniDmpSender::enableExceptionFilter(bool))
       20    ?enableFullMemoryDumpAndExit@MiniDmpSender@@QEAA_N_N@Z (public: bool __cdecl MiniDmpSender::enableFullMemoryDumpAndExit(bool))
       21    ?getFlags@MiniDmpSender@@QEBAKXZ (public: unsigned long __cdecl MiniDmpSender::getFlags(void)const )
       22    ?getMiniDumpType@MiniDmpSender@@QEBA?AW4_BS_MINIDUMP_TYPE@1@XZ (public: enum MiniDmpSender::_BS_MINIDUMP_TYPE __cdecl MiniDmpSender::getMiniDumpType(void)const )
       23    ?getMinidumpPath@MiniDmpSender@@QEAAXPEA_W_K@Z (public: void __cdecl MiniDmpSender::getMinidumpPath(wchar_t *,unsigned __int64))
       24    ?imp@MiniDmpSender@@QEAAPEAXXZ (public: void * __cdecl MiniDmpSender::imp(void))
       25    ?isExceptionFilterEnabled@MiniDmpSender@@QEBA_NXZ (public: bool __cdecl MiniDmpSender::isExceptionFilterEnabled(void)const )
       26    ?isFullMemoryDumpAndExitEnabled@MiniDmpSender@@QEBA_NXZ (public: bool __cdecl MiniDmpSender::isFullMemoryDumpAndExitEnabled(void)const )
       27    ?removeAdditionalFile@MiniDmpSender@@QEAA_NPEB_W@Z (public: bool __cdecl MiniDmpSender::removeAdditionalFile(wchar_t const *))
       28    ?resetAppIdentifier@MiniDmpSender@@QEAAXPEB_W@Z (public: void __cdecl MiniDmpSender::resetAppIdentifier(wchar_t const *))
       29    ?resetVersionString@MiniDmpSender@@QEAAXPEB_W@Z (public: void __cdecl MiniDmpSender::resetVersionString(wchar_t const *))
       30    ?sendAdditionalFile@MiniDmpSender@@QEAAXPEB_W@Z (public: void __cdecl MiniDmpSender::sendAdditionalFile(wchar_t const *))
       31    ?setCallback@MiniDmpSender@@QEAAXP6A_NIPEAX0@Z@Z (public: void __cdecl MiniDmpSender::setCallback(bool (__cdecl*)(unsigned int,void *,void *)))
       32    ?setDefaultUserDescription@MiniDmpSender@@QEAAXPEB_W@Z (public: void __cdecl MiniDmpSender::setDefaultUserDescription(wchar_t const *))
       33    ?setDefaultUserEmail@MiniDmpSender@@QEAAXPEB_W@Z (public: void __cdecl MiniDmpSender::setDefaultUserEmail(wchar_t const *))
       34    ?setDefaultUserName@MiniDmpSender@@QEAAXPEB_W@Z (public: void __cdecl MiniDmpSender::setDefaultUserName(wchar_t const *))
       35    ?setFlags@MiniDmpSender@@QEAA_NK@Z (public: bool __cdecl MiniDmpSender::setFlags(unsigned long))
       36    ?setGuardByteBufferSize@MiniDmpSender@@QEAAHH@Z (public: int __cdecl MiniDmpSender::setGuardByteBufferSize(int))
       37    ?setLogFilePath@MiniDmpSender@@QEAAXPEB_W@Z (public: void __cdecl MiniDmpSender::setLogFilePath(wchar_t const *))
       38    ?setMiniDumpType@MiniDmpSender@@QEAAXW4_BS_MINIDUMP_TYPE@1@@Z (public: void __cdecl MiniDmpSender::setMiniDumpType(enum MiniDmpSender::_BS_MINIDUMP_TYPE))
       39    ?setResourceDllPath@MiniDmpSender@@QEAAXPEB_W@Z (public: void __cdecl MiniDmpSender::setResourceDllPath(wchar_t const *))
       40    ?setUserZipPath@MiniDmpSender@@QEAAXPEB_W@Z (public: void __cdecl MiniDmpSender::setUserZipPath(wchar_t const *))
       41    ?unhandledExceptionHandler@MiniDmpSender@@QEAAJPEAU_EXCEPTION_POINTERS@@@Z (public: long __cdecl MiniDmpSender::unhandledExceptionHandler(struct _EXCEPTION_POINTERS *))
